Archive member included to satisfy reference by file (symbol)

c:/st/stm32cubeide_1.7.0/stm32cubeide/plugins/com.st.stm32cube.ide.mcu.externaltools.gnu-tools-for-stm32.9-2020-q2-update.win32_2.0.0.202105311346/tools/bin/../lib/gcc/arm-none-eabi/9.3.1/../../../../arm-none-eabi/lib/thumb/v7-m/nofp\libc_nano.a(lib_a-errno.o)
                              ./Core/Src/syscalls.o (__errno)
c:/st/stm32cubeide_1.7.0/stm32cubeide/plugins/com.st.stm32cube.ide.mcu.externaltools.gnu-tools-for-stm32.9-2020-q2-update.win32_2.0.0.202105311346/tools/bin/../lib/gcc/arm-none-eabi/9.3.1/../../../../arm-none-eabi/lib/thumb/v7-m/nofp\libc_nano.a(lib_a-exit.o)
                              c:/st/stm32cubeide_1.7.0/stm32cubeide/plugins/com.st.stm32cube.ide.mcu.externaltools.gnu-tools-for-stm32.9-2020-q2-update.win32_2.0.0.202105311346/tools/bin/../lib/gcc/arm-none-eabi/9.3.1/../../../../arm-none-eabi/lib/thumb/v7-m/nofp/crt0.o (exit)
c:/st/stm32cubeide_1.7.0/stm32cubeide/plugins/com.st.stm32cube.ide.mcu.externaltools.gnu-tools-for-stm32.9-2020-q2-update.win32_2.0.0.202105311346/tools/bin/../lib/gcc/arm-none-eabi/9.3.1/../../../../arm-none-eabi/lib/thumb/v7-m/nofp\libc_nano.a(lib_a-impure.o)
                              c:/st/stm32cubeide_1.7.0/stm32cubeide/plugins/com.st.stm32cube.ide.mcu.externaltools.gnu-tools-for-stm32.9-2020-q2-update.win32_2.0.0.202105311346/tools/bin/../lib/gcc/arm-none-eabi/9.3.1/../../../../arm-none-eabi/lib/thumb/v7-m/nofp\libc_nano.a(lib_a-exit.o) (_global_impure_ptr)
c:/st/stm32cubeide_1.7.0/stm32cubeide/plugins/com.st.stm32cube.ide.mcu.externaltools.gnu-tools-for-stm32.9-2020-q2-update.win32_2.0.0.202105311346/tools/bin/../lib/gcc/arm-none-eabi/9.3.1/../../../../arm-none-eabi/lib/thumb/v7-m/nofp\libc_nano.a(lib_a-init.o)
                              c:/st/stm32cubeide_1.7.0/stm32cubeide/plugins/com.st.stm32cube.ide.mcu.externaltools.gnu-tools-for-stm32.9-2020-q2-update.win32_2.0.0.202105311346/tools/bin/../lib/gcc/arm-none-eabi/9.3.1/../../../../arm-none-eabi/lib/thumb/v7-m/nofp/crt0.o (__libc_init_array)
c:/st/stm32cubeide_1.7.0/stm32cubeide/plugins/com.st.stm32cube.ide.mcu.externaltools.gnu-tools-for-stm32.9-2020-q2-update.win32_2.0.0.202105311346/tools/bin/../lib/gcc/arm-none-eabi/9.3.1/../../../../arm-none-eabi/lib/thumb/v7-m/nofp\libc_nano.a(lib_a-memset.o)
                              c:/st/stm32cubeide_1.7.0/stm32cubeide/plugins/com.st.stm32cube.ide.mcu.externaltools.gnu-tools-for-stm32.9-2020-q2-update.win32_2.0.0.202105311346/tools/bin/../lib/gcc/arm-none-eabi/9.3.1/../../../../arm-none-eabi/lib/thumb/v7-m/nofp/crt0.o (memset)
c:/st/stm32cubeide_1.7.0/stm32cubeide/plugins/com.st.stm32cube.ide.mcu.externaltools.gnu-tools-for-stm32.9-2020-q2-update.win32_2.0.0.202105311346/tools/bin/../lib/gcc/arm-none-eabi/9.3.1/../../../../arm-none-eabi/lib/thumb/v7-m/nofp\libc_nano.a(lib_a-sprintf.o)
                              ./Core/Src/transmit_info.o (sprintf)
c:/st/stm32cubeide_1.7.0/stm32cubeide/plugins/com.st.stm32cube.ide.mcu.externaltools.gnu-tools-for-stm32.9-2020-q2-update.win32_2.0.0.202105311346/tools/bin/../lib/gcc/arm-none-eabi/9.3.1/../../../../arm-none-eabi/lib/thumb/v7-m/nofp\libc_nano.a(lib_a-nano-svfprintf.o)
                              c:/st/stm32cubeide_1.7.0/stm32cubeide/plugins/com.st.stm32cube.ide.mcu.externaltools.gnu-tools-for-stm32.9-2020-q2-update.win32_2.0.0.202105311346/tools/bin/../lib/gcc/arm-none-eabi/9.3.1/../../../../arm-none-eabi/lib/thumb/v7-m/nofp\libc_nano.a(lib_a-sprintf.o) (_svfprintf_r)
c:/st/stm32cubeide_1.7.0/stm32cubeide/plugins/com.st.stm32cube.ide.mcu.externaltools.gnu-tools-for-stm32.9-2020-q2-update.win32_2.0.0.202105311346/tools/bin/../lib/gcc/arm-none-eabi/9.3.1/../../../../arm-none-eabi/lib/thumb/v7-m/nofp\libc_nano.a(lib_a-nano-vfprintf_i.o)
                              c:/st/stm32cubeide_1.7.0/stm32cubeide/plugins/com.st.stm32cube.ide.mcu.externaltools.gnu-tools-for-stm32.9-2020-q2-update.win32_2.0.0.202105311346/tools/bin/../lib/gcc/arm-none-eabi/9.3.1/../../../../arm-none-eabi/lib/thumb/v7-m/nofp\libc_nano.a(lib_a-nano-svfprintf.o) (_printf_i)
c:/st/stm32cubeide_1.7.0/stm32cubeide/plugins/com.st.stm32cube.ide.mcu.externaltools.gnu-tools-for-stm32.9-2020-q2-update.win32_2.0.0.202105311346/tools/bin/../lib/gcc/arm-none-eabi/9.3.1/../../../../arm-none-eabi/lib/thumb/v7-m/nofp\libc_nano.a(lib_a-memchr-stub.o)
                              c:/st/stm32cubeide_1.7.0/stm32cubeide/plugins/com.st.stm32cube.ide.mcu.externaltools.gnu-tools-for-stm32.9-2020-q2-update.win32_2.0.0.202105311346/tools/bin/../lib/gcc/arm-none-eabi/9.3.1/../../../../arm-none-eabi/lib/thumb/v7-m/nofp\libc_nano.a(lib_a-nano-svfprintf.o) (memchr)
c:/st/stm32cubeide_1.7.0/stm32cubeide/plugins/com.st.stm32cube.ide.mcu.externaltools.gnu-tools-for-stm32.9-2020-q2-update.win32_2.0.0.202105311346/tools/bin/../lib/gcc/arm-none-eabi/9.3.1/../../../../arm-none-eabi/lib/thumb/v7-m/nofp\libc_nano.a(lib_a-memcpy-stub.o)
[...]
Memory Configuration

Name             Origin             Length             Attributes
RAM              0x0000000020000000 0x0000000000005000 xrw
FLASH            0x0000000008000000 0x0000000000020000 xr
*default*        0x0000000000000000 0xffffffffffffffff

Linker script and memory map

LOAD c:/st/stm32cubeide_1.7.0/stm32cubeide/plugins/com.st.stm32cube.ide.mcu.externaltools.gnu-tools-for-stm32.9-2020-q2-update.win32_2.0.0.202105311346/tools/bin/../lib/gcc/arm-none-eabi/9.3.1/thumb/v7-m/nofp/crti.o
LOAD c:/st/stm32cubeide_1.7.0/stm32cubeide/plugins/com.st.stm32cube.ide.mcu.externaltools.gnu-tools-for-stm32.9-2020-q2-update.win32_2.0.0.202105311346/tools/bin/../lib/gcc/arm-none-eabi/9.3.1/thumb/v7-m/nofp/crtbegin.o
LOAD c:/st/stm32cubeide_1.7.0/stm32cubeide/plugins/com.st.stm32cube.ide.mcu.externaltools.gnu-tools-for-stm32.9-2020-q2-update.win32_2.0.0.202105311346/tools/bin/../lib/gcc/arm-none-eabi/9.3.1/../../../../arm-none-eabi/lib/thumb/v7-m/nofp/crt0.o
LOAD ./Core/Src/button.o
LOAD ./Core/Src/buzzer.o
LOAD ./Core/Src/fsm_auto.o
LOAD ./Core/Src/fsm_manual.o
LOAD ./Core/Src/fsm_pedes.o
LOAD ./Core/Src/fsm_tuning.o
LOAD ./Core/Src/global.o
LOAD ./Core/Src/led_traffic.o
LOAD ./Core/Src/main.o
LOAD ./Core/Src/software_timer.o
LOAD ./Core/Src/stm32f1xx_hal_msp.o
LOAD ./Core/Src/stm32f1xx_it.o
LOAD ./Core/Src/syscalls.o
LOAD ./Core/Src/sysmem.o
LOAD ./Core/Src/system_stm32f1xx.o
LOAD ./Core/Src/transmit_info.o
LOAD ./Core/Startup/startup_stm32f103rbtx.o
LOAD ./Drivers/STM32F1xx_HAL_Driver/Src/stm32f1xx_hal.o
LOAD ./Drivers/STM32F1xx_HAL_Driver/Src/stm32f1xx_hal_cortex.o
LOAD ./Drivers/STM32F1xx_HAL_Driver/Src/stm32f1xx_hal_dma.o
LOAD ./Drivers/STM32F1xx_HAL_Driver/Src/stm32f1xx_hal_exti.o
LOAD ./Drivers/STM32F1xx_HAL_Driver/Src/stm32f1xx_hal_flash.o
LOAD ./Drivers/STM32F1xx_HAL_Driver/Src/stm32f1xx_hal_flash_ex.o
LOAD ./Drivers/STM32F1xx_HAL_Driver/Src/stm32f1xx_hal_gpio.o
LOAD ./Drivers/STM32F1xx_HAL_Driver/Src/stm32f1xx_hal_gpio_ex.o
LOAD ./Drivers/STM32F1xx_HAL_Driver/Src/stm32f1xx_hal_pwr.o
LOAD ./Drivers/STM32F1xx_HAL_Driver/Src/stm32f1xx_hal_rcc.o
LOAD ./Drivers/STM32F1xx_HAL_Driver/Src/stm32f1xx_hal_rcc_ex.o
LOAD ./Drivers/STM32F1xx_HAL_Driver/Src/stm32f1xx_hal_tim.o
LOAD ./Drivers/STM32F1xx_HAL_Driver/Src/stm32f1xx_hal_tim_ex.o
LOAD ./Drivers/STM32F1xx_HAL_Driver/Src/stm32f1xx_hal_uart.o
START GROUP
LOAD c:/st/stm32cubeide_1.7.0/stm32cubeide/plugins/com.st.stm32cube.ide.mcu.externaltools.gnu-tools-for-stm32.9-2020-q2-update.win32_2.0.0.202105311346/tools/bin/../lib/gcc/arm-none-eabi/9.3.1/../../../../arm-none-eabi/lib/thumb/v7-m/nofp\libc_nano.a
LOAD c:/st/stm32cubeide_1.7.0/stm32cubeide/plugins/com.st.stm32cube.ide.mcu.externaltools.gnu-tools-for-stm32.9-2020-q2-update.win32_2.0.0.202105311346/tools/bin/../lib/gcc/arm-none-eabi/9.3.1/../../../../arm-none-eabi/lib/thumb/v7-m/nofp\libm.a
END GROUP
START GROUP
LOAD c:/st/stm32cubeide_1.7.0/stm32cubeide/plugins/com.st.stm32cube.ide.mcu.externaltools.gnu-tools-for-stm32.9-2020-q2-update.win32_2.0.0.202105311346/tools/bin/../lib/gcc/arm-none-eabi/9.3.1/thumb/v7-m/nofp\libgcc.a
LOAD c:/st/stm32cubeide_1.7.0/stm32cubeide/plugins/com.st.stm32cube.ide.mcu.externaltools.gnu-tools-for-stm32.9-2020-q2-update.win32_2.0.0.202105311346/tools/bin/../lib/gcc/arm-none-eabi/9.3.1/../../../../arm-none-eabi/lib/thumb/v7-m/nofp\libc_nano.a
END GROUP
START GROUP
LOAD c:/st/stm32cubeide_1.7.0/stm32cubeide/plugins/com.st.stm32cube.ide.mcu.externaltools.gnu-tools-for-stm32.9-2020-q2-update.win32_2.0.0.202105311346/tools/bin/../lib/gcc/arm-none-eabi/9.3.1/thumb/v7-m/nofp\libgcc.a
LOAD c:/st/stm32cubeide_1.7.0/stm32cubeide/plugins/com.st.stm32cube.ide.mcu.externaltools.gnu-tools-for-stm32.9-2020-q2-update.win32_2.0.0.202105311346/tools/bin/../lib/gcc/arm-none-eabi/9.3.1/../../../../arm-none-eabi/lib/thumb/v7-m/nofp\libc_nano.a
LOAD c:/st/stm32cubeide_1.7.0/stm32cubeide/plugins/com.st.stm32cube.ide.mcu.externaltools.gnu-tools-for-stm32.9-2020-q2-update.win32_2.0.0.202105311346/tools/bin/../lib/gcc/arm-none-eabi/9.3.1/../../../../arm-none-eabi/lib/thumb/v7-m/nofp\libnosys.a
END GROUP
START GROUP
LOAD c:/st/stm32cubeide_1.7.0/stm32cubeide/plugins/com.st.stm32cube.ide.mcu.externaltools.gnu-tools-for-stm32.9-2020-q2-update.win32_2.0.0.202105311346/tools/bin/../lib/gcc/arm-none-eabi/9.3.1/thumb/v7-m/nofp\libgcc.a
LOAD c:/st/stm32cubeide_1.7.0/stm32cubeide/plugins/com.st.stm32cube.ide.mcu.externaltools.gnu-tools-for-stm32.9-2020-q2-update.win32_2.0.0.202105311346/tools/bin/../lib/gcc/arm-none-eabi/9.3.1/../../../../arm-none-eabi/lib/thumb/v7-m/nofp\libc_nano.a
LOAD c:/st/stm32cubeide_1.7.0/stm32cubeide/plugins/com.st.stm32cube.ide.mcu.externaltools.gnu-tools-for-stm32.9-2020-q2-update.win32_2.0.0.202105311346/tools/bin/../lib/gcc/arm-none-eabi/9.3.1/../../../../arm-none-eabi/lib/thumb/v7-m/nofp\libnosys.a
END GROUP
LOAD c:/st/stm32cubeide_1.7.0/stm32cubeide/plugins/com.st.stm32cube.ide.mcu.externaltools.gnu-tools-for-stm32.9-2020-q2-update.win32_2.0.0.202105311346/tools/bin/../lib/gcc/arm-none-eabi/9.3.1/thumb/v7-m/nofp/crtend.o
LOAD c:/st/stm32cubeide_1.7.0/stm32cubeide/plugins/com.st.stm32cube.ide.mcu.externaltools.gnu-tools-for-stm32.9-2020-q2-update.win32_2.0.0.202105311346/tools/bin/../lib/gcc/arm-none-eabi/9.3.1/thumb/v7-m/nofp/crtn.o
                0x0000000020005000                _estack = (ORIGIN (RAM) + LENGTH (RAM))
                0x0000000000000200                _Min_Heap_Size = 0x200
                0x0000000000000400                _Min_Stack_Size = 0x400

.isr_vector     0x0000000008000000      0x10c
                0x0000000008000000                . = ALIGN (0x4)
 *(.isr_vector)
 .isr_vector    0x0000000008000000      0x10c ./Core/Startup/startup_stm32f103rbtx.o
                0x0000000008000000                g_pfnVectors
                0x000000000800010c                . = ALIGN (0x4)

.text           0x000000000800010c     0x40ec
                0x000000000800010c                . = ALIGN (0x4)
 *(.text)
 .text          0x000000000800010c       0x40 c:/st/stm32cubeide_1.7.0/stm32cubeide/plugins/com.st.stm32cube.ide.mcu.externaltools.gnu-tools-for-stm32.9-2020-q2-update.win32_2.0.0.202105311346/tools/bin/../lib/gcc/arm-none-eabi/9.3.1/thumb/v7-m/nofp/crtbegin.o
 *(.text*)
 .text.isButtonPress
                0x000000000800014c       0x34 ./Core/Src/button.o
                0x000000000800014c                isButtonPress
 .text.isButtonLongPress
                0x0000000008000180       0x28 ./Core/Src/button.o
                0x0000000008000180                isButtonLongPress
 .text.button_read
                0x00000000080001a8      0x158 ./Core/Src/button.o
                0x00000000080001a8                button_read
 .text.fsm_auto_run
                0x0000000008000300      0x358 ./Core/Src/fsm_auto.o
                0x0000000008000300                fsm_auto_run
 .text.fsm_manual_run
                0x0000000008000658      0x39c ./Core/Src/fsm_manual.o
                0x0000000008000658                fsm_manual_run
 .text.fsm_pedes_run
                0x00000000080009f4       0x90 ./Core/Src/fsm_pedes.o
                0x00000000080009f4                fsm_pedes_run
 .text.fsm_tuning_run
                0x0000000008000a84      0x388 ./Core/Src/fsm_tuning.o
                0x0000000008000a84                fsm_tuning_run
 .text.setLEDRED1
                0x0000000008000e0c       0x28 ./Core/Src/led_traffic.o
                0x0000000008000e0c                setLEDRED1
 .text.setLEDYELLOW1
                0x0000000008000e34       0x28 ./Core/Src/led_traffic.o
                0x0000000008000e34                setLEDYELLOW1
 .text.setLEDGREEN1
                0x0000000008000e5c       0x28 ./Core/Src/led_traffic.o
                0x0000000008000e5c                setLEDGREEN1
 .text.setLEDRED2
                0x0000000008000e84       0x20 ./Core/Src/led_traffic.o
                0x0000000008000e84                setLEDRED2
 .text.setLEDYELLOW2
                0x0000000008000ea4       0x20 ./Core/Src/led_traffic.o
                0x0000000008000ea4                setLEDYELLOW2
 .text.setLEDGREEN2
                0x0000000008000ec4       0x20 ./Core/Src/led_traffic.o
                0x0000000008000ec4                setLEDGREEN2
 .text.setLEDRED3
                0x0000000008000ee4       0x28 ./Core/Src/led_traffic.o
                0x0000000008000ee4                setLEDRED3
 .text.setLEDYELLOW3
                0x0000000008000f0c       0x28 ./Core/Src/led_traffic.o
                0x0000000008000f0c                setLEDYELLOW3
 .text.setLEDGREEN3
                0x0000000008000f34       0x28 ./Core/Src/led_traffic.o
                0x0000000008000f34                setLEDGREEN3
 .text.clearLED1
                0x0000000008000f5c       0x28 ./Core/Src/led_traffic.o
                0x0000000008000f5c                clearLED1
 .text.clearLED2
                0x0000000008000f84       0x20 ./Core/Src/led_traffic.o
                0x0000000008000f84                clearLED2
 .text.clearLED3
                0x0000000008000fa4       0x28 ./Core/Src/led_traffic.o
                0x0000000008000fa4                clearLED3
 .text.HAL_UART_RxCpltCallback
                0x0000000008000fcc       0x3c ./Core/Src/main.o
                0x0000000008000fcc                HAL_UART_RxCpltCallback
 .text.main     0x0000000008001008       0x48 ./Core/Src/main.o
                0x0000000008001008                main
 .text.SystemClock_Config
                0x0000000008001050       0x76 ./Core/Src/main.o
                0x0000000008001050                SystemClock_Config
 *fill*         0x00000000080010c6        0x2 
 .text.MX_TIM2_Init
                0x00000000080010c8       0x98 ./Core/Src/main.o
 .text.MX_USART2_UART_Init
                0x0000000008001160       0x54 ./Core/Src/main.o
 .text.MX_GPIO_Init
                0x00000000080011b4       0xf4 ./Core/Src/main.o
 .text.HAL_TIM_PeriodElapsedCallback
                0x00000000080012a8       0x18 ./Core/Src/main.o
                0x00000000080012a8                HAL_TIM_PeriodElapsedCallback
 .text.Error_Handler
                0x00000000080012c0        0xa ./Core/Src/main.o
                0x00000000080012c0                Error_Handler
 *fill*         0x00000000080012ca        0x2 
 .text.setTimer1
                0x00000000080012cc       0x38 ./Core/Src/software_timer.o
                0x00000000080012cc                setTimer1
 .text.setTimer2
                0x0000000008001304       0x38 ./Core/Src/software_timer.o
                0x0000000008001304                setTimer2
 .text.timerRun
                0x000000000800133c       0x84 ./Core/Src/software_timer.o
                0x000000000800133c                timerRun
 .text.HAL_MspInit
                0x00000000080013c0       0x64 ./Core/Src/stm32f1xx_hal_msp.o
                0x00000000080013c0                HAL_MspInit
 .text.HAL_TIM_Base_MspInit
                0x0000000008001424       0x48 ./Core/Src/stm32f1xx_hal_msp.o
                0x0000000008001424                HAL_TIM_Base_MspInit
 .text.HAL_UART_MspInit
                0x000000000800146c       0xa4 ./Core/Src/stm32f1xx_hal_msp.o
                0x000000000800146c                HAL_UART_MspInit
 .text.NMI_Handler
                0x0000000008001510        0x6 ./Core/Src/stm32f1xx_it.o
                0x0000000008001510                NMI_Handler
 .text.HardFault_Handler
                0x0000000008001516        0x6 ./Core/Src/stm32f1xx_it.o
                0x0000000008001516                HardFault_Handler
 .text.MemManage_Handler
                0x000000000800151c        0x6 ./Core/Src/stm32f1xx_it.o
                0x000000000800151c                MemManage_Handler
 .text.BusFault_Handler
                0x0000000008001522        0x6 ./Core/Src/stm32f1xx_it.o
                0x0000000008001522                BusFault_Handler
 .text.UsageFault_Handler
                0x0000000008001528        0x6 ./Core/Src/stm32f1xx_it.o
                0x0000000008001528                UsageFault_Handler
 .text.SVC_Handler
                0x000000000800152e        0xc ./Core/Src/stm32f1xx_it.o
                0x000000000800152e                SVC_Handler
 .text.DebugMon_Handler
                0x000000000800153a        0xc ./Core/Src/stm32f1xx_it.o
                0x000000000800153a                DebugMon_Handler
 .text.PendSV_Handler
                0x0000000008001546        0xc ./Core/Src/stm32f1xx_it.o
                0x0000000008001546                PendSV_Handler
 .text.SysTick_Handler
                0x0000000008001552        0xc ./Core/Src/stm32f1xx_it.o
                0x0000000008001552                SysTick_Handler
 *fill*         0x000000000800155e        0x2 
 .text.TIM2_IRQHandler
                0x0000000008001560       0x14 ./Core/Src/stm32f1xx_it.o
                0x0000000008001560                TIM2_IRQHandler
 .text.USART2_IRQHandler
                0x0000000008001574       0x14 ./Core/Src/stm32f1xx_it.o
                0x0000000008001574                USART2_IRQHandler
 .text._sbrk    0x0000000008001588       0x6c ./Core/Src/sysmem.o
                0x0000000008001588                _sbrk
 .text.SystemInit
                0x00000000080015f4        0xc ./Core/Src/system_stm32f1xx.o
                0x00000000080015f4                SystemInit
 .text.send_info
                0x0000000008001600       0x7c ./Core/Src/transmit_info.o
                0x0000000008001600                send_info
 .text.Reset_Handler
                0x000000000800167c       0x48 ./Core/Startup/startup_stm32f103rbtx.o
                0x000000000800167c                Reset_Handler
 .text.Default_Handler
                0x00000000080016c4        0x2 ./Core/Startup/startup_stm32f103rbtx.o
                0x00000000080016c4                RTC_Alarm_IRQHandler
                0x00000000080016c4                EXTI2_IRQHandler
                0x00000000080016c4                TIM1_CC_IRQHandler
                0x00000000080016c4                PVD_IRQHandler
                0x00000000080016c4                EXTI3_IRQHandler
                0x00000000080016c4                EXTI0_IRQHandler
                0x00000000080016c4                I2C2_EV_IRQHandler
                0x00000000080016c4                ADC1_2_IRQHandler
                0x00000000080016c4                SPI1_IRQHandler
                0x00000000080016c4                TAMPER_IRQHandler
                0x00000000080016c4                DMA1_Channel4_IRQHandler
                0x00000000080016c4                USART3_IRQHandler
                0x00000000080016c4                RTC_IRQHandler
                0x00000000080016c4                DMA1_Channel7_IRQHandler
                0x00000000080016c4                CAN1_RX1_IRQHandler
                0x00000000080016c4                TIM4_IRQHandler
                0x00000000080016c4                I2C1_EV_IRQHandler
                0x00000000080016c4                DMA1_Channel6_IRQHandler
                0x00000000080016c4                TIM3_IRQHandler
                0x00000000080016c4                RCC_IRQHandler
                0x00000000080016c4                TIM1_TRG_COM_IRQHandler
                0x00000000080016c4                DMA1_Channel1_IRQHandler
                0x00000000080016c4                Default_Handler
                0x00000000080016c4                EXTI15_10_IRQHandler
                0x00000000080016c4                EXTI9_5_IRQHandler
                0x00000000080016c4                SPI2_IRQHandler
                0x00000000080016c4                DMA1_Channel5_IRQHandler
                0x00000000080016c4                EXTI4_IRQHandler
                0x00000000080016c4                USB_LP_CAN1_RX0_IRQHandler
                0x00000000080016c4                USB_HP_CAN1_TX_IRQHandler
                0x00000000080016c4                DMA1_Channel3_IRQHandler
                0x00000000080016c4                TIM1_UP_IRQHandler
                0x00000000080016c4                WWDG_IRQHandler
                0x00000000080016c4                TIM1_BRK_IRQHandler
                0x00000000080016c4                EXTI1_IRQHandler
                0x00000000080016c4                I2C2_ER_IRQHandler
                0x00000000080016c4                DMA1_Channel2_IRQHandler
                0x00000000080016c4                CAN1_SCE_IRQHandler
                0x00000000080016c4                FLASH_IRQHandler
                0x00000000080016c4                USART1_IRQHandler
                0x00000000080016c4                I2C1_ER_IRQHandler
                0x00000000080016c4                USBWakeUp_IRQHandler
 *fill*         0x00000000080016c6        0x2 
 .text.HAL_Init
                0x00000000080016c8       0x2c ./Drivers/STM32F1xx_HAL_Driver/Src/stm32f1xx_hal.o
                0x00000000080016c8                HAL_Init
 .text.HAL_InitTick
                0x00000000080016f4       0x60 ./Drivers/STM32F1xx_HAL_Driver/Src/stm32f1xx_hal.o
                0x00000000080016f4                HAL_InitTick
 .text.HAL_IncTick
                0x0000000008001754       0x24 ./Drivers/STM32F1xx_HAL_Driver/Src/stm32f1xx_hal.o
                0x0000000008001754                HAL_IncTick
 .text.HAL_GetTick
                0x0000000008001778       0x14 ./Drivers/STM32F1xx_HAL_Driver/Src/stm32f1xx_hal.o
                0x0000000008001778                HAL_GetTick
 .text.__NVIC_SetPriorityGrouping
                0x000000000800178c       0x48 ./Drivers/STM32F1xx_HAL_Driver/Src/stm32f1xx_hal_cortex.o
 .text.__NVIC_GetPriorityGrouping
                0x00000000080017d4       0x1c ./Drivers/STM32F1xx_HAL_Driver/Src/stm32f1xx_hal_cortex.o
 .text.__NVIC_EnableIRQ
                0x00000000080017f0       0x38 ./Drivers/STM32F1xx_HAL_Driver/Src/stm32f1xx_hal_cortex.o
 .text.__NVIC_SetPriority
                0x0000000008001828       0x54 ./Drivers/STM32F1xx_HAL_Driver/Src/stm32f1xx_hal_cortex.o
 .text.NVIC_EncodePriority
                0x000000000800187c       0x64 ./Drivers/STM32F1xx_HAL_Driver/Src/stm32f1xx_hal_cortex.o
 .text.SysTick_Config
                0x00000000080018e0       0x44 ./Drivers/STM32F1xx_HAL_Driver/Src/stm32f1xx_hal_cortex.o
 .text.HAL_NVIC_SetPriorityGrouping
                0x0000000008001924       0x16 ./Drivers/STM32F1xx_HAL_Driver/Src/stm32f1xx_hal_cortex.o
                0x0000000008001924                HAL_NVIC_SetPriorityGrouping
 .text.HAL_NVIC_SetPriority
                0x000000000800193a       0x38 ./Drivers/STM32F1xx_HAL_Driver/Src/stm32f1xx_hal_cortex.o
                0x000000000800193a                HAL_NVIC_SetPriority
 .text.HAL_NVIC_EnableIRQ
                0x0000000008001972       0x1c ./Drivers/STM32F1xx_HAL_Driver/Src/stm32f1xx_hal_cortex.o
                0x0000000008001972                HAL_NVIC_EnableIRQ
 .text.HAL_SYSTICK_Config
                0x000000000800198e       0x18 ./Drivers/STM32F1xx_HAL_Driver/Src/stm32f1xx_hal_cortex.o
                0x000000000800198e                HAL_SYSTICK_Config
 .text.HAL_DMA_Abort
                0x00000000080019a6       0x74 ./Drivers/STM32F1xx_HAL_Driver/Src/stm32f1xx_hal_dma.o
                0x00000000080019a6                HAL_DMA_Abort
 *fill*         0x0000000008001a1a        0x2 
 .text.HAL_DMA_Abort_IT
                0x0000000008001a1c       0xec ./Drivers/STM32F1xx_HAL_Driver/Src/stm32f1xx_hal_dma.o
                0x0000000008001a1c                HAL_DMA_Abort_IT
 .text.HAL_GPIO_Init
                0x0000000008001b08      0x308 ./Drivers/STM32F1xx_HAL_Driver/Src/stm32f1xx_hal_gpio.o
                0x0000000008001b08                HAL_GPIO_Init
 .text.HAL_GPIO_ReadPin
                0x0000000008001e10       0x2e ./Drivers/STM32F1xx_HAL_Driver/Src/stm32f1xx_hal_gpio.o
                0x0000000008001e10                HAL_GPIO_ReadPin
 .text.HAL_GPIO_WritePin
                0x0000000008001e3e       0x30 ./Drivers/STM32F1xx_HAL_Driver/Src/stm32f1xx_hal_gpio.o
                0x0000000008001e3e                HAL_GPIO_WritePin
 *fill*         0x0000000008001e6e        0x2 
 .text.HAL_RCC_OscConfig
                0x0000000008001e70      0x500 ./Drivers/STM32F1xx_HAL_Driver/Src/stm32f1xx_hal_rcc.o
                0x0000000008001e70                HAL_RCC_OscConfig
 .text.HAL_RCC_ClockConfig
                0x0000000008002370      0x1d4 ./Drivers/STM32F1xx_HAL_Driver/Src/stm32f1xx_hal_rcc.o
                0x0000000008002370                HAL_RCC_ClockConfig
 .text.HAL_RCC_GetSysClockFreq
                0x0000000008002544       0xc0 ./Drivers/STM32F1xx_HAL_Driver/Src/stm32f1xx_hal_rcc.o
                0x0000000008002544                HAL_RCC_GetSysClockFreq
 .text.HAL_RCC_GetHCLKFreq
                0x0000000008002604       0x14 ./Drivers/STM32F1xx_HAL_Driver/Src/stm32f1xx_hal_rcc.o
                0x0000000008002604                HAL_RCC_GetHCLKFreq
 .text.HAL_RCC_GetPCLK1Freq
                0x0000000008002618       0x28 ./Drivers/STM32F1xx_HAL_Driver/Src/stm32f1xx_hal_rcc.o
                0x0000000008002618                HAL_RCC_GetPCLK1Freq
 .text.HAL_RCC_GetPCLK2Freq
                0x0000000008002640       0x28 ./Drivers/STM32F1xx_HAL_Driver/Src/stm32f1xx_hal_rcc.o
                0x0000000008002640                HAL_RCC_GetPCLK2Freq
 .text.RCC_Delay
                0x0000000008002668       0x3c ./Drivers/STM32F1xx_HAL_Driver/Src/stm32f1xx_hal_rcc.o
 .text.HAL_TIM_Base_Init
                0x00000000080026a4       0x9e ./Drivers/STM32F1xx_HAL_Driver/Src/stm32f1xx_hal_tim.o
                0x00000000080026a4                HAL_TIM_Base_Init
 *fill*         0x0000000008002742        0x2 
 .text.HAL_TIM_Base_Start_IT
                0x0000000008002744       0xa4 ./Drivers/STM32F1xx_HAL_Driver/Src/stm32f1xx_hal_tim.o
                0x0000000008002744                HAL_TIM_Base_Start_IT
 .text.HAL_TIM_IRQHandler
                0x00000000080027e8      0x210 ./Drivers/STM32F1xx_HAL_Driver/Src/stm32f1xx_hal_tim.o
                0x00000000080027e8                HAL_TIM_IRQHandler
 .text.HAL_TIM_ConfigClockSource
                0x00000000080029f8      0x188 ./Drivers/STM32F1xx_HAL_Driver/Src/stm32f1xx_hal_tim.o
                0x00000000080029f8                HAL_TIM_ConfigClockSource
 .text.HAL_TIM_OC_DelayElapsedCallback
                0x0000000008002b80       0x12 ./Drivers/STM32F1xx_HAL_Driver/Src/stm32f1xx_hal_tim.o
                0x0000000008002b80                HAL_TIM_OC_DelayElapsedCallback
 .text.HAL_TIM_IC_CaptureCallback
                0x0000000008002b92       0x12 ./Drivers/STM32F1xx_HAL_Driver/Src/stm32f1xx_hal_tim.o
                0x0000000008002b92                HAL_TIM_IC_CaptureCallback
 .text.HAL_TIM_PWM_PulseFinishedCallback
                0x0000000008002ba4       0x12 ./Drivers/STM32F1xx_HAL_Driver/Src/stm32f1xx_hal_tim.o
                0x0000000008002ba4                HAL_TIM_PWM_PulseFinishedCallback
 .text.HAL_TIM_TriggerCallback
                0x0000000008002bb6       0x12 ./Drivers/STM32F1xx_HAL_Driver/Src/stm32f1xx_hal_tim.o
                0x0000000008002bb6                HAL_TIM_TriggerCallback
 .text.TIM_Base_SetConfig
                0x0000000008002bc8       0xc4 ./Drivers/STM32F1xx_HAL_Driver/Src/stm32f1xx_hal_tim.o
                0x0000000008002bc8                TIM_Base_SetConfig
 .text.TIM_TI1_ConfigInputStage
                0x0000000008002c8c       0x5c ./Drivers/STM32F1xx_HAL_Driver/Src/stm32f1xx_hal_tim.o
 .text.TIM_TI2_ConfigInputStage
                0x0000000008002ce8       0x5e ./Drivers/STM32F1xx_HAL_Driver/Src/stm32f1xx_hal_tim.o
 .text.TIM_ITRx_SetConfig
                0x0000000008002d46       0x34 ./Drivers/STM32F1xx_HAL_Driver/Src/stm32f1xx_hal_tim.o
 .text.TIM_ETR_SetConfig
                0x0000000008002d7a       0x3e ./Drivers/STM32F1xx_HAL_Driver/Src/stm32f1xx_hal_tim.o
                0x0000000008002d7a                TIM_ETR_SetConfig
 .text.HAL_TIMEx_MasterConfigSynchronization
                0x0000000008002db8       0xbc ./Drivers/STM32F1xx_HAL_Driver/Src/stm32f1xx_hal_tim_ex.o
                0x0000000008002db8                HAL_TIMEx_MasterConfigSynchronization
 .text.HAL_TIMEx_CommutCallback
                0x0000000008002e74       0x12 ./Drivers/STM32F1xx_HAL_Driver/Src/stm32f1xx_hal_tim_ex.o
                0x0000000008002e74                HAL_TIMEx_CommutCallback
 .text.HAL_TIMEx_BreakCallback
                0x0000000008002e86       0x12 ./Drivers/STM32F1xx_HAL_Driver/Src/stm32f1xx_hal_tim_ex.o
                0x0000000008002e86                HAL_TIMEx_BreakCallback
 .text.HAL_UART_Init
                0x0000000008002e98       0x9a ./Drivers/STM32F1xx_HAL_Driver/Src/stm32f1xx_hal_uart.o
                0x0000000008002e98                HAL_UART_Init
 .text.HAL_UART_Transmit
                0x0000000008002f32      0x124 ./Drivers/STM32F1xx_HAL_Driver/Src/stm32f1xx_hal_uart.o
                0x0000000008002f32                HAL_UART_Transmit
 .text.HAL_UART_Receive_IT
                0x0000000008003056       0x60 ./Drivers/STM32F1xx_HAL_Driver/Src/stm32f1xx_hal_uart.o
                0x0000000008003056                HAL_UART_Receive_IT
 *fill*         0x00000000080030b6        0x2 
 .text.HAL_UART_IRQHandler
                0x00000000080030b8      0x354 ./Drivers/STM32F1xx_HAL_Driver/Src/stm32f1xx_hal_uart.o
                0x00000000080030b8                HAL_UART_IRQHandler
 .text.HAL_UART_TxCpltCallback
                0x000000000800340c       0x12 ./Drivers/STM32F1xx_HAL_Driver/Src/stm32f1xx_hal_uart.o
                0x000000000800340c                HAL_UART_TxCpltCallback
 .text.HAL_UART_ErrorCallback
                0x000000000800341e       0x12 ./Drivers/STM32F1xx_HAL_Driver/Src/stm32f1xx_hal_uart.o
                0x000000000800341e                HAL_UART_ErrorCallback
 .text.HAL_UARTEx_RxEventCallback
                0x0000000008003430       0x16 ./Drivers/STM32F1xx_HAL_Driver/Src/stm32f1xx_hal_uart.o
                0x0000000008003430                HAL_UARTEx_RxEventCallback
 .text.UART_WaitOnFlagUntilTimeout
                0x0000000008003446       0x94 ./Drivers/STM32F1xx_HAL_Driver/Src/stm32f1xx_hal_uart.o
 .text.UART_Start_Receive_IT
                0x00000000080034da       0x72 ./Drivers/STM32F1xx_HAL_Driver/Src/stm32f1xx_hal_uart.o
                0x00000000080034da                UART_Start_Receive_IT
 .text.UART_EndRxTransfer
                0x000000000800354c       0x58 ./Drivers/STM32F1xx_HAL_Driver/Src/stm32f1xx_hal_uart.o
 .text.UART_DMAAbortOnError
                0x00000000080035a4       0x28 ./Drivers/STM32F1xx_HAL_Driver/Src/stm32f1xx_hal_uart.o
 .text.UART_Transmit_IT
                0x00000000080035cc       0x9e ./Drivers/STM32F1xx_HAL_Driver/Src/stm32f1xx_hal_uart.o
 .text.UART_EndTransmit_IT
                0x000000000800366a       0x30 ./Drivers/STM32F1xx_HAL_Driver/Src/stm32f1xx_hal_uart.o
 .text.UART_Receive_IT
                0x000000000800369a      0x152 ./Drivers/STM32F1xx_HAL_Driver/Src/stm32f1xx_hal_uart.o
 .text.UART_SetConfig
                0x00000000080037ec      0x11c ./Drivers/STM32F1xx_HAL_Driver/Src/stm32f1xx_hal_uart.o
 .text.__errno  0x0000000008003908        0xc c:/st/stm32cubeide_1.7.0/stm32cubeide/plugins/com.st.stm32cube.ide.mcu.externaltools.gnu-tools-for-stm32.9-2020-q2-update.win32_2.0.0.202105311346/tools/bin/../lib/gcc/arm-none-eabi/9.3.1/../../../../arm-none-eabi/lib/thumb/v7-m/nofp\libc_nano.a(lib_a-errno.o)
                0x0000000008003908                __errno
 .text.__libc_init_array
                0x0000000008003914       0x48 c:/st/stm32cubeide_1.7.0/stm32cubeide/plugins/com.st.stm32cube.ide.mcu.externaltools.gnu-tools-for-stm32.9-2020-q2-update.win32_2.0.0.202105311346/tools/bin/../lib/gcc/arm-none-eabi/9.3.1/../../../../arm-none-eabi/lib/thumb/v7-m/nofp\libc_nano.a(lib_a-init.o)
                0x0000000008003914                __libc_init_array
 .text.memset   0x000000000800395c       0x10 c:/st/stm32cubeide_1.7.0/stm32cubeide/plugins/com.st.stm32cube.ide.mcu.externaltools.gnu-tools-for-stm32.9-2020-q2-update.win32_2.0.0.202105311346/tools/bin/../lib/gcc/arm-none-eabi/9.3.1/../../../../arm-none-eabi/lib/thumb/v7-m/nofp\libc_nano.a(lib_a-memset.o)
                0x000000000800395c                memset
 .text.sprintf  0x000000000800396c       0x40 c:/st/stm32cubeide_1.7.0/stm32cubeide/plugins/com.st.stm32cube.ide.mcu.externaltools.gnu-tools-for-stm32.9-2020-q2-update.win32_2.0.0.202105311346/tools/bin/../lib/gcc/arm-none-eabi/9.3.1/../../../../arm-none-eabi/lib/thumb/v7-m/nofp\libc_nano.a(lib_a-sprintf.o)
                0x000000000800396c                siprintf
                0x000000000800396c                sprintf
 .text.__ssputs_r
                0x00000000080039ac       0xb6 c:/st/stm32cubeide_1.7.0/stm32cubeide/plugins/com.st.stm32cube.ide.mcu.externaltools.gnu-tools-for-stm32.9-2020-q2-update.win32_2.0.0.202105311346/tools/bin/../lib/gcc/arm-none-eabi/9.3.1/../../../../arm-none-eabi/lib/thumb/v7-m/nofp\libc_nano.a(lib_a-nano-svfprintf.o)
                0x00000000080039ac                __ssputs_r
 *fill*         0x0000000008003a62        0x2 
 .text._svfprintf_r
                0x0000000008003a64      0x200 c:/st/stm32cubeide_1.7.0/stm32cubeide/plugins/com.st.stm32cube.ide.mcu.externaltools.gnu-tools-for-stm32.9-2020-q2-update.win32_2.0.0.202105311346/tools/bin/../lib/gcc/arm-none-eabi/9.3.1/../../../../arm-none-eabi/lib/thumb/v7-m/nofp\libc_nano.a(lib_a-nano-svfprintf.o)
                0x0000000008003a64                _svfiprintf_r
                0x0000000008003a64                _svfprintf_r
 .text._printf_common
                0x0000000008003c64       0xde c:/st/stm32cubeide_1.7.0/stm32cubeide/plugins/com.st.stm32cube.ide.mcu.externaltools.gnu-tools-for-stm32.9-2020-q2-update.win32_2.0.0.202105311346/tools/bin/../lib/gcc/arm-none-eabi/9.3.1/../../../../arm-none-eabi/lib/thumb/v7-m/nofp\libc_nano.a(lib_a-nano-vfprintf_i.o)
                0x0000000008003c64                _printf_common
 *fill*         0x0000000008003d42        0x2 
 .text._printf_i
                0x0000000008003d44      0x24c c:/st/stm32cubeide_1.7.0/stm32cubeide/plugins/com.st.stm32cube.ide.mcu.externaltools.gnu-tools-for-stm32.9-2020-q2-update.win32_2.0.0.202105311346/tools/bin/../lib/gcc/arm-none-eabi/9.3.1/../../../../arm-none-eabi/lib/thumb/v7-m/nofp\libc_nano.a(lib_a-nano-vfprintf_i.o)
                0x0000000008003d44                _printf_i
 .text.memchr   0x0000000008003f90       0x1c c:/st/stm32cubeide_1.7.0/stm32cubeide/plugins/com.st.stm32cube.ide.mcu.externaltools.gnu-tools-for-stm32.9-2020-q2-update.win32_2.0.0.202105311346/tools/bin/../lib/gcc/arm-none-eabi/9.3.1/../../../../arm-none-eabi/lib/thumb/v7-m/nofp\libc_nano.a(lib_a-memchr-stub.o)
                0x0000000008003f90                memchr
 .text.memcpy   0x0000000008003fac       0x1c c:/st/stm32cubeide_1.7.0/stm32cubeide/plugins/com.st.stm32cube.ide.mcu.externaltools.gnu-tools-for-stm32.9-2020-q2-update.win32_2.0.0.202105311346/tools/bin/../lib/gcc/arm-none-eabi/9.3.1/../../../../arm-none-eabi/lib/thumb/v7-m/nofp\libc_nano.a(lib_a-memcpy-stub.o)
                0x0000000008003fac                memcpy
 .text.memmove  0x0000000008003fc8       0x34 c:/st/stm32cubeide_1.7.0/stm32cubeide/plugins/com.st.stm32cube.ide.mcu.externaltools.gnu-tools-for-stm32.9-2020-q2-update.win32_2.0.0.202105311346/tools/bin/../lib/gcc/arm-none-eabi/9.3.1/../../../../arm-none-eabi/lib/thumb/v7-m/nofp\libc_nano.a(lib_a-memmove.o)
                0x0000000008003fc8                memmove
 .text._free_r  0x0000000008003ffc       0x98 c:/st/stm32cubeide_1.7.0/stm32cubeide/plugins/com.st.stm32cube.ide.mcu.externaltools.gnu-tools-for-stm32.9-2020-q2-update.win32_2.0.0.202105311346/tools/bin/../lib/gcc/arm-none-eabi/9.3.1/../../../../arm-none-eabi/lib/thumb/v7-m/nofp\libc_nano.a(lib_a-nano-freer.o)
                0x0000000008003ffc                _free_r
 .text._malloc_r
                0x0000000008004094       0xb4 c:/st/stm32cubeide_1.7.0/stm32cubeide/plugins/com.st.stm32cube.ide.mcu.externaltools.gnu-tools-for-stm32.9-2020-q2-update.win32_2.0.0.202105311346/tools/bin/../lib/gcc/arm-none-eabi/9.3.1/../../../../arm-none-eabi/lib/thumb/v7-m/nofp\libc_nano.a(lib_a-nano-mallocr.o)
                0x0000000008004094                _malloc_r
 .text._realloc_r
                0x0000000008004148       0x4c c:/st/stm32cubeide_1.7.0/stm32cubeide/plugins/com.st.stm32cube.ide.mcu.externaltools.gnu-tools-for-stm32.9-2020-q2-update.win32_2.0.0.202105311346/tools/bin/../lib/gcc/arm-none-eabi/9.3.1/../../../../arm-none-eabi/lib/thumb/v7-m/nofp\libc_nano.a(lib_a-nano-reallocr.o)
                0x0000000008004148                _realloc_r
 .text._sbrk_r  0x0000000008004194       0x20 c:/st/stm32cubeide_1.7.0/stm32cubeide/plugins/com.st.stm32cube.ide.mcu.externaltools.gnu-tools-for-stm32.9-2020-q2-update.win32_2.0.0.202105311346/tools/bin/../lib/gcc/arm-none-eabi/9.3.1/../../../../arm-none-eabi/lib/thumb/v7-m/nofp\libc_nano.a(lib_a-sbrkr.o)
                0x0000000008004194                _sbrk_r
 .text.__malloc_lock
                0x00000000080041b4        0xc c:/st/stm32cubeide_1.7.0/stm32cubeide/plugins/com.st.stm32cube.ide.mcu.externaltools.gnu-tools-for-stm32.9-2020-q2-update.win32_2.0.0.202105311346/tools/bin/../lib/gcc/arm-none-eabi/9.3.1/../../../../arm-none-eabi/lib/thumb/v7-m/nofp\libc_nano.a(lib_a-mlock.o)
                0x00000000080041b4                __malloc_lock
 .text.__malloc_unlock
                0x00000000080041c0        0xc c:/st/stm32cubeide_1.7.0/stm32cubeide/plugins/com.st.stm32cube.ide.mcu.externaltools.gnu-tools-for-stm32.9-2020-q2-update.win32_2.0.0.202105311346/tools/bin/../lib/gcc/arm-none-eabi/9.3.1/../../../../arm-none-eabi/lib/thumb/v7-m/nofp\libc_nano.a(lib_a-mlock.o)
                0x00000000080041c0                __malloc_unlock
 .text._malloc_usable_size_r
                0x00000000080041cc       0x10 c:/st/stm32cubeide_1.7.0/stm32cubeide/plugins/com.st.stm32cube.ide.mcu.externaltools.gnu-tools-for-stm32.9-2020-q2-update.win32_2.0.0.202105311346/tools/bin/../lib/gcc/arm-none-eabi/9.3.1/../../../../arm-none-eabi/lib/thumb/v7-m/nofp\libc_nano.a(lib_a-nano-msizer.o)
                0x00000000080041cc                _malloc_usable_size_r
 .text.__retarget_lock_acquire_recursive
                0x00000000080041dc        0x2 c:/st/stm32cubeide_1.7.0/stm32cubeide/plugins/com.st.stm32cube.ide.mcu.externaltools.gnu-tools-for-stm32.9-2020-q2-update.win32_2.0.0.202105311346/tools/bin/../lib/gcc/arm-none-eabi/9.3.1/../../../../arm-none-eabi/lib/thumb/v7-m/nofp\libc_nano.a(lib_a-lock.o)
                0x00000000080041dc                __retarget_lock_acquire_recursive
 .text.__retarget_lock_release_recursive
                0x00000000080041de        0x2 c:/st/stm32cubeide_1.7.0/stm32cubeide/plugins/com.st.stm32cube.ide.mcu.externaltools.gnu-tools-for-stm32.9-2020-q2-update.win32_2.0.0.202105311346/tools/bin/../lib/gcc/arm-none-eabi/9.3.1/../../../../arm-none-eabi/lib/thumb/v7-m/nofp\libc_nano.a(lib_a-lock.o)
                0x00000000080041de                __retarget_lock_release_recursive
 *(.glue_7)
 .glue_7        0x00000000080041e0        0x0 linker stubs
 *(.glue_7t)
 .glue_7t       0x00000000080041e0        0x0 linker stubs
 *(.eh_frame)
 .eh_frame      0x00000000080041e0        0x0 c:/st/stm32cubeide_1.7.0/stm32cubeide/plugins/com.st.stm32cube.ide.mcu.externaltools.gnu-tools-for-stm32.9-2020-q2-update.win32_2.0.0.202105311346/tools/bin/../lib/gcc/arm-none-eabi/9.3.1/thumb/v7-m/nofp/crtbegin.o
 *(.init)
 .init          0x00000000080041e0        0x4 c:/st/stm32cubeide_1.7.0/stm32cubeide/plugins/com.st.stm32cube.ide.mcu.externaltools.gnu-tools-for-stm32.9-2020-q2-update.win32_2.0.0.202105311346/tools/bin/../lib/gcc/arm-none-eabi/9.3.1/thumb/v7-m/nofp/crti.o
                0x00000000080041e0                _init
 .init          0x00000000080041e4        0x8 c:/st/stm32cubeide_1.7.0/stm32cubeide/plugins/com.st.stm32cube.ide.mcu.externaltools.gnu-tools-for-stm32.9-2020-q2-update.win32_2.0.0.202105311346/tools/bin/../lib/gcc/arm-none-eabi/9.3.1/thumb/v7-m/nofp/crtn.o
 *(.fini)
 .fini          0x00000000080041ec        0x4 c:/st/stm32cubeide_1.7.0/stm32cubeide/plugins/com.st.stm32cube.ide.mcu.externaltools.gnu-tools-for-stm32.9-2020-q2-update.win32_2.0.0.202105311346/tools/bin/../lib/gcc/arm-none-eabi/9.3.1/thumb/v7-m/nofp/crti.o
                0x00000000080041ec                _fini
 .fini          0x00000000080041f0        0x8 c:/st/stm32cubeide_1.7.0/stm32cubeide/plugins/com.st.stm32cube.ide.mcu.externaltools.gnu-tools-for-stm32.9-2020-q2-update.win32_2.0.0.202105311346/tools/bin/../lib/gcc/arm-none-eabi/9.3.1/thumb/v7-m/nofp/crtn.o
                0x00000000080041f8                . = ALIGN (0x4)
                0x00000000080041f8                _etext = .

.vfp11_veneer   0x00000000080041f8        0x0
 .vfp11_veneer  0x00000000080041f8        0x0 linker stubs

.v4_bx          0x00000000080041f8        0x0
 .v4_bx         0x00000000080041f8        0x0 linker stubs

.iplt           0x00000000080041f8        0x0
 .iplt          0x00000000080041f8        0x0 c:/st/stm32cubeide_1.7.0/stm32cubeide/plugins/com.st.stm32cube.ide.mcu.externaltools.gnu-tools-for-stm32.9-2020-q2-update.win32_2.0.0.202105311346/tools/bin/../lib/gcc/arm-none-eabi/9.3.1/thumb/v7-m/nofp/crtbegin.o

.rodata         0x00000000080041f8       0x84
                0x00000000080041f8                . = ALIGN (0x4)
 *(.rodata)
 .rodata        0x00000000080041f8       0x27 ./Core/Src/transmit_info.o
 *fill*         0x000000000800421f        0x1 
 .rodata        0x0000000008004220       0x10 ./Drivers/STM32F1xx_HAL_Driver/Src/stm32f1xx_hal_rcc.o
 *(.rodata*)
 .rodata.AHBPrescTable
                0x0000000008004230       0x10 ./Core/Src/system_stm32f1xx.o
                0x0000000008004230                AHBPrescTable
 .rodata.APBPrescTable
                0x0000000008004240        0x8 ./Core/Src/system_stm32f1xx.o
                0x0000000008004240                APBPrescTable
 .rodata._svfprintf_r.str1.1
                0x0000000008004248       0x11 c:/st/stm32cubeide_1.7.0/stm32cubeide/plugins/com.st.stm32cube.ide.mcu.externaltools.gnu-tools-for-stm32.9-2020-q2-update.win32_2.0.0.202105311346/tools/bin/../lib/gcc/arm-none-eabi/9.3.1/../../../../arm-none-eabi/lib/thumb/v7-m/nofp\libc_nano.a(lib_a-nano-svfprintf.o)
 .rodata._printf_i.str1.1
                0x0000000008004259       0x22 c:/st/stm32cubeide_1.7.0/stm32cubeide/plugins/com.st.stm32cube.ide.mcu.externaltools.gnu-tools-for-stm32.9-2020-q2-update.win32_2.0.0.202105311346/tools/bin/../lib/gcc/arm-none-eabi/9.3.1/../../../../arm-none-eabi/lib/thumb/v7-m/nofp\libc_nano.a(lib_a-nano-vfprintf_i.o)
                0x000000000800427c                . = ALIGN (0x4)
 *fill*         0x000000000800427b        0x1 

.rel.dyn        0x000000000800427c        0x0
 .rel.iplt      0x000000000800427c        0x0 c:/st/stm32cubeide_1.7.0/stm32cubeide/plugins/com.st.stm32cube.ide.mcu.externaltools.gnu-tools-for-stm32.9-2020-q2-update.win32_2.0.0.202105311346/tools/bin/../lib/gcc/arm-none-eabi/9.3.1/thumb/v7-m/nofp/crtbegin.o

.ARM.extab      0x000000000800427c        0x0
                0x000000000800427c                . = ALIGN (0x4)
 *(.ARM.extab* .gnu.linkonce.armextab.*)
                0x000000000800427c                . = ALIGN (0x4)

.ARM            0x000000000800427c        0x0
                0x000000000800427c                . = ALIGN (0x4)
                0x000000000800427c                __exidx_start = .
 *(.ARM.exidx*)
                0x000000000800427c                __exidx_end = .
                0x000000000800427c                . = ALIGN (0x4)

.preinit_array  0x000000000800427c        0x0
                0x000000000800427c                . = ALIGN (0x4)
                0x000000000800427c                PROVIDE (__preinit_array_start = .)
 *(.preinit_array*)
                0x000000000800427c                PROVIDE (__preinit_array_end = .)
                0x000000000800427c                . = ALIGN (0x4)

.init_array     0x000000000800427c        0x4
                0x000000000800427c                . = ALIGN (0x4)
                0x000000000800427c                PROVIDE (__init_array_start = .)
 *(SORT_BY_NAME(.init_array.*))
 *(.init_array*)
 .init_array    0x000000000800427c        0x4 c:/st/stm32cubeide_1.7.0/stm32cubeide/plugins/com.st.stm32cube.ide.mcu.externaltools.gnu-tools-for-stm32.9-2020-q2-update.win32_2.0.0.202105311346/tools/bin/../lib/gcc/arm-none-eabi/9.3.1/thumb/v7-m/nofp/crtbegin.o
                0x0000000008004280                PROVIDE (__init_array_end = .)
                0x0000000008004280                . = ALIGN (0x4)

.fini_array     0x0000000008004280        0x4
                0x0000000008004280                . = ALIGN (0x4)
                [!provide]                        PROVIDE (__fini_array_start = .)
 *(SORT_BY_NAME(.fini_array.*))
 *(.fini_array*)
 .fini_array    0x0000000008004280        0x4 c:/st/stm32cubeide_1.7.0/stm32cubeide/plugins/com.st.stm32cube.ide.mcu.externaltools.gnu-tools-for-stm32.9-2020-q2-update.win32_2.0.0.202105311346/tools/bin/../lib/gcc/arm-none-eabi/9.3.1/thumb/v7-m/nofp/crtbegin.o
                [!provide]                        PROVIDE (__fini_array_end = .)
                0x0000000008004284                . = ALIGN (0x4)
                0x0000000008004284                _sidata = LOADADDR (.data)

.data           0x0000000020000000       0x94 load address 0x0000000008004284
                0x0000000020000000                . = ALIGN (0x4)
                0x0000000020000000                _sdata = .
 *(.data)
 *(.data*)
 .data.red_time_1
                0x0000000020000000        0x4 ./Core/Src/global.o
                0x0000000020000000                red_time_1
 .data.green_time_1
                0x0000000020000004        0x4 ./Core/Src/global.o
                0x0000000020000004                green_time_1
 .data.yellow_time_1
                0x0000000020000008        0x4 ./Core/Src/global.o
                0x0000000020000008                yellow_time_1
 .data.red_time_2
                0x000000002000000c        0x4 ./Core/Src/global.o
                0x000000002000000c                red_time_2
 .data.green_time_2
                0x0000000020000010        0x4 ./Core/Src/global.o
                0x0000000020000010                green_time_2
 .data.yellow_time_2
                0x0000000020000014        0x4 ./Core/Src/global.o
                0x0000000020000014                yellow_time_2
 .data.time_man_mode
                0x0000000020000018        0x4 ./Core/Src/global.o
                0x0000000020000018                time_man_mode
 .data.val_info1
                0x000000002000001c        0x4 ./Core/Src/global.o
                0x000000002000001c                val_info1
 .data.val_info2
                0x0000000020000020        0x4 ./Core/Src/global.o
                0x0000000020000020                val_info2
 .data.SystemCoreClock
                0x0000000020000024        0x4 ./Core/Src/system_stm32f1xx.o
                0x0000000020000024                SystemCoreClock
 .data.uwTickPrio
                0x0000000020000028        0x4 ./Drivers/STM32F1xx_HAL_Driver/Src/stm32f1xx_hal.o
                0x0000000020000028                uwTickPrio
 .data.uwTickFreq
                0x000000002000002c        0x1 ./Drivers/STM32F1xx_HAL_Driver/Src/stm32f1xx_hal.o
                0x000000002000002c                uwTickFreq
 *fill*         0x000000002000002d        0x3 
 .data._impure_ptr
                0x0000000020000030        0x4 c:/st/stm32cubeide_1.7.0/stm32cubeide/plugins/com.st.stm32cube.ide.mcu.externaltools.gnu-tools-for-stm32.9-2020-q2-update.win32_2.0.0.202105311346/tools/bin/../lib/gcc/arm-none-eabi/9.3.1/../../../../arm-none-eabi/lib/thumb/v7-m/nofp\libc_nano.a(lib_a-impure.o)
                0x0000000020000030                _impure_ptr
 .data.impure_data
                0x0000000020000034       0x60 c:/st/stm32cubeide_1.7.0/stm32cubeide/plugins/com.st.stm32cube.ide.mcu.externaltools.gnu-tools-for-stm32.9-2020-q2-update.win32_2.0.0.202105311346/tools/bin/../lib/gcc/arm-none-eabi/9.3.1/../../../../arm-none-eabi/lib/thumb/v7-m/nofp\libc_nano.a(lib_a-impure.o)
 *(.RamFunc)
 *(.RamFunc*)
                0x0000000020000094                . = ALIGN (0x4)
                0x0000000020000094                _edata = .

.igot.plt       0x0000000020000094        0x0 load address 0x0000000008004318
 .igot.plt      0x0000000020000094        0x0 c:/st/stm32cubeide_1.7.0/stm32cubeide/plugins/com.st.stm32cube.ide.mcu.externaltools.gnu-tools-for-stm32.9-2020-q2-update.win32_2.0.0.202105311346/tools/bin/../lib/gcc/arm-none-eabi/9.3.1/thumb/v7-m/nofp/crtbegin.o
                0x0000000020000094                . = ALIGN (0x4)

.bss            0x0000000020000094      0x180 load address 0x0000000008004318
                0x0000000020000094                _sbss = .
                0x0000000020000094                __bss_start__ = _sbss
 *(.bss)
 .bss           0x0000000020000094       0x1c c:/st/stm32cubeide_1.7.0/stm32cubeide/plugins/com.st.stm32cube.ide.mcu.externaltools.gnu-tools-for-stm32.9-2020-q2-update.win32_2.0.0.202105311346/tools/bin/../lib/gcc/arm-none-eabi/9.3.1/thumb/v7-m/nofp/crtbegin.o
 *(.bss*)
 .bss.status_pedes
                0x00000000200000b0        0x4 ./Core/Src/global.o
                0x00000000200000b0                status_pedes
 .bss.status    0x00000000200000b4        0x4 ./Core/Src/global.o
                0x00000000200000b4                status
 .bss.RED_INC   0x00000000200000b8        0x4 ./Core/Src/global.o
                0x00000000200000b8                RED_INC
 .bss.YELLOW_INC
                0x00000000200000bc        0x4 ./Core/Src/global.o
                0x00000000200000bc                YELLOW_INC
 .bss.GREEN_INC
                0x00000000200000c0        0x4 ./Core/Src/global.o
                0x00000000200000c0                GREEN_INC
 .bss.info_1    0x00000000200000c4       0x14 ./Core/Src/global.o
                0x00000000200000c4                info_1
 .bss.info_2    0x00000000200000d8       0x14 ./Core/Src/global.o
                0x00000000200000d8                info_2
 .bss.temp      0x00000000200000ec        0x1 ./Core/Src/main.o
                0x00000000200000ec                temp
 *fill*         0x00000000200000ed        0x3 
 .bss.timer1_counter
                0x00000000200000f0        0x4 ./Core/Src/software_timer.o
                0x00000000200000f0                timer1_counter
 .bss.timer1_flag
                0x00000000200000f4        0x4 ./Core/Src/software_timer.o
                0x00000000200000f4                timer1_flag
 .bss.timer2_counter
                0x00000000200000f8        0x4 ./Core/Src/software_timer.o
                0x00000000200000f8                timer2_counter
 .bss.timer2_flag
                0x00000000200000fc        0x4 ./Core/Src/software_timer.o
                0x00000000200000fc                timer2_flag
 .bss.timer3_counter
                0x0000000020000100        0x4 ./Core/Src/software_timer.o
                0x0000000020000100                timer3_counter
 .bss.timer3_flag
                0x0000000020000104        0x4 ./Core/Src/software_timer.o
                0x0000000020000104                timer3_flag
 .bss.__sbrk_heap_end
                0x0000000020000108        0x4 ./Core/Src/sysmem.o
 .bss.__malloc_free_list
                0x000000002000010c        0x4 c:/st/stm32cubeide_1.7.0/stm32cubeide/plugins/com.st.stm32cube.ide.mcu.externaltools.gnu-tools-for-stm32.9-2020-q2-update.win32_2.0.0.202105311346/tools/bin/../lib/gcc/arm-none-eabi/9.3.1/../../../../arm-none-eabi/lib/thumb/v7-m/nofp\libc_nano.a(lib_a-nano-mallocr.o)
                0x000000002000010c                __malloc_free_list
 .bss.__malloc_sbrk_start
                0x0000000020000110        0x4 c:/st/stm32cubeide_1.7.0/stm32cubeide/plugins/com.st.stm32cube.ide.mcu.externaltools.gnu-tools-for-stm32.9-2020-q2-update.win32_2.0.0.202105311346/tools/bin/../lib/gcc/arm-none-eabi/9.3.1/../../../../arm-none-eabi/lib/thumb/v7-m/nofp\libc_nano.a(lib_a-nano-mallocr.o)
                0x0000000020000110                __malloc_sbrk_start
 *(COMMON)
 COMMON         0x0000000020000114       0xec ./Core/Src/button.o
                0x0000000020000114                flagforPress
                0x0000000020000124                counter_Button
                0x0000000020000134                keybuffer
                0x0000000020000144                key1
                0x0000000020000154                flagforLongPress
                0x0000000020000164                htim2
                0x00000000200001ac                huart2
                0x00000000200001f0                key2
 COMMON         0x0000000020000200        0x4 ./Drivers/STM32F1xx_HAL_Driver/Src/stm32f1xx_hal.o
                0x0000000020000200                uwTick
 COMMON         0x0000000020000204        0x4 c:/st/stm32cubeide_1.7.0/stm32cubeide/plugins/com.st.stm32cube.ide.mcu.externaltools.gnu-tools-for-stm32.9-2020-q2-update.win32_2.0.0.202105311346/tools/bin/../lib/gcc/arm-none-eabi/9.3.1/../../../../arm-none-eabi/lib/thumb/v7-m/nofp\libc_nano.a(lib_a-reent.o)
                0x0000000020000204                errno
 COMMON         0x0000000020000208        0x9 c:/st/stm32cubeide_1.7.0/stm32cubeide/plugins/com.st.stm32cube.ide.mcu.externaltools.gnu-tools-for-stm32.9-2020-q2-update.win32_2.0.0.202105311346/tools/bin/../lib/gcc/arm-none-eabi/9.3.1/../../../../arm-none-eabi/lib/thumb/v7-m/nofp\libc_nano.a(lib_a-lock.o)
                0x0000000020000208                __lock___atexit_recursive_mutex
                0x0000000020000209                __lock___arc4random_mutex
                0x000000002000020a                __lock___env_recursive_mutex
                0x000000002000020b                __lock___sinit_recursive_mutex
                0x000000002000020c                __lock___malloc_recursive_mutex
                0x000000002000020d                __lock___at_quick_exit_mutex
                0x000000002000020e                __lock___dd_hash_mutex
                0x000000002000020f                __lock___tz_mutex
                0x0000000020000210                __lock___sfp_recursive_mutex
                0x0000000020000214                . = ALIGN (0x4)
 *fill*         0x0000000020000211        0x3 
                0x0000000020000214                _ebss = .
                0x0000000020000214                __bss_end__ = _ebss

._user_heap_stack
                0x0000000020000214      0x604 load address 0x0000000008004318
                0x0000000020000218                . = ALIGN (0x8)
 *fill*         0x0000000020000214        0x4 
                [!provide]                        PROVIDE (end = .)
                0x0000000020000218                PROVIDE (_end = .)
                0x0000000020000418                . = (. + _Min_Heap_Size)
 *fill*         0x0000000020000218      0x200 
                0x0000000020000818                . = (. + _Min_Stack_Size)
 *fill*         0x0000000020000418      0x400 
                0x0000000020000818                . = ALIGN (0x8)

/DISCARD/
 libc.a(*)
 libm.a(*)
 libgcc.a(*)

.ARM.attributes
                0x0000000000000000       0x29
 *(.ARM.attributes)
 .ARM.attributes
                0x0000000000000000       0x1d c:/st/stm32cubeide_1.7.0/stm32cubeide/plugins/com.st.stm32cube.ide.mcu.externaltools.gnu-tools-for-stm32.9-2020-q2-update.win32_2.0.0.202105311346/tools/bin/../lib/gcc/arm-none-eabi/9.3.1/thumb/v7-m/nofp/crti.o
 .ARM.attributes
                0x000000000000001d       0x2d c:/st/stm32cubeide_1.7.0/stm32cubeide/plugins/com.st.stm32cube.ide.mcu.externaltools.gnu-tools-for-stm32.9-2020-q2-update.win32_2.0.0.202105311346/tools/bin/../lib/gcc/arm-none-eabi/9.3.1/thumb/v7-m/nofp/crtbegin.o
 .ARM.attributes
                0x000000000000004a       0x2d ./Core/Src/button.o
 .ARM.attributes
                0x0000000000000077       0x2d ./Core/Src/fsm_auto.o
 .ARM.attributes
                0x00000000000000a4       0x2d ./Core/Src/fsm_manual.o
 .ARM.attributes
                0x00000000000000d1       0x2d ./Core/Src/fsm_pedes.o
 .ARM.attributes
                0x00000000000000fe       0x2d ./Core/Src/fsm_tuning.o
 .ARM.attributes
                0x000000000000012b       0x33 ./Core/Src/global.o
 .ARM.attributes
                0x000000000000015e       0x2d ./Core/Src/led_traffic.o
 .ARM.attributes
                0x000000000000018b       0x2d ./Core/Src/main.o
 .ARM.attributes
                0x00000000000001b8       0x2d ./Core/Src/software_timer.o
 .ARM.attributes
                0x00000000000001e5       0x2d ./Core/Src/stm32f1xx_hal_msp.o
 .ARM.attributes
                0x0000000000000212       0x2d ./Core/Src/stm32f1xx_it.o
 .ARM.attributes
                0x000000000000023f       0x2d ./Core/Src/sysmem.o
 .ARM.attributes
                0x000000000000026c       0x2d ./Core/Src/system_stm32f1xx.o
 .ARM.attributes
                0x0000000000000299       0x2d ./Core/Src/transmit_info.o
 .ARM.attributes
                0x00000000000002c6       0x21 ./Core/Startup/startup_stm32f103rbtx.o
 .ARM.attributes
                0x00000000000002e7       0x2d ./Drivers/STM32F1xx_HAL_Driver/Src/stm32f1xx_hal.o
 .ARM.attributes
                0x0000000000000314       0x2d ./Drivers/STM32F1xx_HAL_Driver/Src/stm32f1xx_hal_cortex.o
 .ARM.attributes
                0x0000000000000341       0x2d ./Drivers/STM32F1xx_HAL_Driver/Src/stm32f1xx_hal_dma.o
 .ARM.attributes
                0x000000000000036e       0x2d ./Drivers/STM32F1xx_HAL_Driver/Src/stm32f1xx_hal_gpio.o
 .ARM.attributes
                0x000000000000039b       0x2d ./Drivers/STM32F1xx_HAL_Driver/Src/stm32f1xx_hal_rcc.o
 .ARM.attributes
                0x00000000000003c8       0x2d ./Drivers/STM32F1xx_HAL_Driver/Src/stm32f1xx_hal_tim.o
 .ARM.attributes
                0x00000000000003f5       0x2d ./Drivers/STM32F1xx_HAL_Driver/Src/stm32f1xx_hal_tim_ex.o
 .ARM.attributes
                0x0000000000000422       0x2d ./Drivers/STM32F1xx_HAL_Driver/Src/stm32f1xx_hal_uart.o
 .ARM.attributes
                0x000000000000044f       0x2d c:/st/stm32cubeide_1.7.0/stm32cubeide/plugins/com.st.stm32cube.ide.mcu.externaltools.gnu-tools-for-stm32.9-2020-q2-update.win32_2.0.0.202105311346/tools/bin/../lib/gcc/arm-none-eabi/9.3.1/../../../../arm-none-eabi/lib/thumb/v7-m/nofp\libc_nano.a(lib_a-errno.o)
 .ARM.attributes
                0x000000000000047c       0x2d c:/st/stm32cubeide_1.7.0/stm32cubeide/plugins/com.st.stm32cube.ide.mcu.externaltools.gnu-tools-for-stm32.9-2020-q2-update.win32_2.0.0.202105311346/tools/bin/../lib/gcc/arm-none-eabi/9.3.1/../../../../arm-none-eabi/lib/thumb/v7-m/nofp\libc_nano.a(lib_a-impure.o)
 .ARM.attributes
                0x00000000000004a9       0x2d c:/st/stm32cubeide_1.7.0/stm32cubeide/plugins/com.st.stm32cube.ide.mcu.externaltools.gnu-tools-for-stm32.9-2020-q2-update.win32_2.0.0.202105311346/tools/bin/../lib/gcc/arm-none-eabi/9.3.1/../../../../arm-none-eabi/lib/thumb/v7-m/nofp\libc_nano.a(lib_a-init.o)
 .ARM.attributes
                0x00000000000004d6       0x2d c:/st/stm32cubeide_1.7.0/stm32cubeide/plugins/com.st.stm32cube.ide.mcu.externaltools.gnu-tools-for-stm32.9-2020-q2-update.win32_2.0.0.202105311346/tools/bin/../lib/gcc/arm-none-eabi/9.3.1/../../../../arm-none-eabi/lib/thumb/v7-m/nofp\libc_nano.a(lib_a-memset.o)
 .ARM.attributes
                0x0000000000000503       0x2d c:/st/stm32cubeide_1.7.0/stm32cubeide/plugins/com.st.stm32cube.ide.mcu.externaltools.gnu-tools-for-stm32.9-2020-q2-update.win32_2.0.0.202105311346/tools/bin/../lib/gcc/arm-none-eabi/9.3.1/../../../../arm-none-eabi/lib/thumb/v7-m/nofp\libc_nano.a(lib_a-sprintf.o)
 .ARM.attributes
                0x0000000000000530       0x2d c:/st/stm32cubeide_1.7.0/stm32cubeide/plugins/com.st.stm32cube.ide.mcu.externaltools.gnu-tools-for-stm32.9-2020-q2-update.win32_2.0.0.202105311346/tools/bin/../lib/gcc/arm-none-eabi/9.3.1/../../../../arm-none-eabi/lib/thumb/v7-m/nofp\libc_nano.a(lib_a-nano-svfprintf.o)
 .ARM.attributes
                0x000000000000055d       0x2d c:/st/stm32cubeide_1.7.0/stm32cubeide/plugins/com.st.stm32cube.ide.mcu.externaltools.gnu-tools-for-stm32.9-2020-q2-update.win32_2.0.0.202105311346/tools/bin/../lib/gcc/arm-none-eabi/9.3.1/../../../../arm-none-eabi/lib/thumb/v7-m/nofp\libc_nano.a(lib_a-nano-vfprintf_i.o)
 .ARM.attributes
                0x000000000000058a       0x2d c:/st/stm32cubeide_1.7.0/stm32cubeide/plugins/com.st.stm32cube.ide.mcu.externaltools.gnu-tools-for-stm32.9-2020-q2-update.win32_2.0.0.202105311346/tools/bin/../lib/gcc/arm-none-eabi/9.3.1/../../../../arm-none-eabi/lib/thumb/v7-m/nofp\libc_nano.a(lib_a-memchr-stub.o)
 .ARM.attributes
                0x00000000000005b7       0x2d c:/st/stm32cubeide_1.7.0/stm32cubeide/plugins/com.st.stm32cube.ide.mcu.externaltools.gnu-tools-for-stm32.9-2020-q2-update.win32_2.0.0.202105311346/tools/bin/../lib/gcc/arm-none-eabi/9.3.1/../../../../arm-none-eabi/lib/thumb/v7-m/nofp\libc_nano.a(lib_a-memcpy-stub.o)
 .ARM.attributes
                0x00000000000005e4       0x2d c:/st/stm32cubeide_1.7.0/stm32cubeide/plugins/com.st.stm32cube.ide.mcu.externaltools.gnu-tools-for-stm32.9-2020-q2-update.win32_2.0.0.202105311346/tools/bin/../lib/gcc/arm-none-eabi/9.3.1/../../../../arm-none-eabi/lib/thumb/v7-m/nofp\libc_nano.a(lib_a-memmove.o)
 .ARM.attributes
                0x0000000000000611       0x2d c:/st/stm32cubeide_1.7.0/stm32cubeide/plugins/com.st.stm32cube.ide.mcu.externaltools.gnu-tools-for-stm32.9-2020-q2-update.win32_2.0.0.202105311346/tools/bin/../lib/gcc/arm-none-eabi/9.3.1/../../../../arm-none-eabi/lib/thumb/v7-m/nofp\libc_nano.a(lib_a-nano-freer.o)
 .ARM.attributes
                0x000000000000063e       0x2d c:/st/stm32cubeide_1.7.0/stm32cubeide/plugins/com.st.stm32cube.ide.mcu.externaltools.gnu-tools-for-stm32.9-2020-q2-update.win32_2.0.0.202105311346/tools/bin/../lib/gcc/arm-none-eabi/9.3.1/../../../../arm-none-eabi/lib/thumb/v7-m/nofp\libc_nano.a(lib_a-nano-mallocr.o)
 .ARM.attributes
                0x000000000000066b       0x2d c:/st/stm32cubeide_1.7.0/stm32cubeide/plugins/com.st.stm32cube.ide.mcu.externaltools.gnu-tools-for-stm32.9-2020-q2-update.win32_2.0.0.202105311346/tools/bin/../lib/gcc/arm-none-eabi/9.3.1/../../../../arm-none-eabi/lib/thumb/v7-m/nofp\libc_nano.a(lib_a-nano-reallocr.o)
 .ARM.attributes
                0x0000000000000698       0x2d c:/st/stm32cubeide_1.7.0/stm32cubeide/plugins/com.st.stm32cube.ide.mcu.externaltools.gnu-tools-for-stm32.9-2020-q2-update.win32_2.0.0.202105311346/tools/bin/../lib/gcc/arm-none-eabi/9.3.1/../../../../arm-none-eabi/lib/thumb/v7-m/nofp\libc_nano.a(lib_a-sbrkr.o)
 .ARM.attributes
                0x00000000000006c5       0x2d c:/st/stm32cubeide_1.7.0/stm32cubeide/plugins/com.st.stm32cube.ide.mcu.externaltools.gnu-tools-for-stm32.9-2020-q2-update.win32_2.0.0.202105311346/tools/bin/../lib/gcc/arm-none-eabi/9.3.1/../../../../arm-none-eabi/lib/thumb/v7-m/nofp\libc_nano.a(lib_a-mlock.o)
 .ARM.attributes
                0x00000000000006f2       0x2d c:/st/stm32cubeide_1.7.0/stm32cubeide/plugins/com.st.stm32cube.ide.mcu.externaltools.gnu-tools-for-stm32.9-2020-q2-update.win32_2.0.0.202105311346/tools/bin/../lib/gcc/arm-none-eabi/9.3.1/../../../../arm-none-eabi/lib/thumb/v7-m/nofp\libc_nano.a(lib_a-nano-msizer.o)
 .ARM.attributes
                0x000000000000071f       0x2d c:/st/stm32cubeide_1.7.0/stm32cubeide/plugins/com.st.stm32cube.ide.mcu.externaltools.gnu-tools-for-stm32.9-2020-q2-update.win32_2.0.0.202105311346/tools/bin/../lib/gcc/arm-none-eabi/9.3.1/../../../../arm-none-eabi/lib/thumb/v7-m/nofp\libc_nano.a(lib_a-reent.o)
 .ARM.attributes
                0x000000000000074c       0x2d c:/st/stm32cubeide_1.7.0/stm32cubeide/plugins/com.st.stm32cube.ide.mcu.externaltools.gnu-tools-for-stm32.9-2020-q2-update.win32_2.0.0.202105311346/tools/bin/../lib/gcc/arm-none-eabi/9.3.1/../../../../arm-none-eabi/lib/thumb/v7-m/nofp\libc_nano.a(lib_a-lock.o)
 .ARM.attributes
                0x0000000000000779       0x1d c:/st/stm32cubeide_1.7.0/stm32cubeide/plugins/com.st.stm32cube.ide.mcu.externaltools.gnu-tools-for-stm32.9-2020-q2-update.win32_2.0.0.202105311346/tools/bin/../lib/gcc/arm-none-eabi/9.3.1/thumb/v7-m/nofp/crtn.o
OUTPUT(btl_vxl.elf elf32-littlearm)
LOAD linker stubs
LOAD c:/st/stm32cubeide_1.7.0/stm32cubeide/plugins/com.st.stm32cube.ide.mcu.externaltools.gnu-tools-for-stm32.9-2020-q2-update.win32_2.0.0.202105311346/tools/bin/../lib/gcc/arm-none-eabi/9.3.1/../../../../arm-none-eabi/lib/thumb/v7-m/nofp\libc.a
LOAD c:/st/stm32cubeide_1.7.0/stm32cubeide/plugins/com.st.stm32cube.ide.mcu.externaltools.gnu-tools-for-stm32.9-2020-q2-update.win32_2.0.0.202105311346/tools/bin/../lib/gcc/arm-none-eabi/9.3.1/../../../../arm-none-eabi/lib/thumb/v7-m/nofp\libm.a
LOAD c:/st/stm32cubeide_1.7.0/stm32cubeide/plugins/com.st.stm32cube.ide.mcu.externaltools.gnu-tools-for-stm32.9-2020-q2-update.win32_2.0.0.202105311346/tools/bin/../lib/gcc/arm-none-eabi/9.3.1/thumb/v7-m/nofp\libgcc.a

.debug_info     0x0000000000000000    0x147e1
 .debug_info    0x0000000000000000      0xaf7 ./Core/Src/button.o
 .debug_info    0x0000000000000af7     0x1326 ./Core/Src/fsm_auto.o
 .debug_info    0x0000000000001e1d     0x1326 ./Core/Src/fsm_manual.o
 .debug_info    0x0000000000003143     0x1326 ./Core/Src/fsm_pedes.o
 .debug_info    0x0000000000004469     0x1326 ./Core/Src/fsm_tuning.o
 .debug_info    0x000000000000578f     0x1408 ./Core/Src/global.o
 .debug_info    0x0000000000006b97      0xaba ./Core/Src/led_traffic.o
 .debug_info    0x0000000000007651     0x17da ./Core/Src/main.o
 .debug_info    0x0000000000008e2b      0x135 ./Core/Src/software_timer.o
 .debug_info    0x0000000000008f60      0xdf1 ./Core/Src/stm32f1xx_hal_msp.o
 .debug_info    0x0000000000009d51      0xa2e ./Core/Src/stm32f1xx_it.o
 .debug_info    0x000000000000a77f      0xa25 ./Core/Src/sysmem.o
 .debug_info    0x000000000000b1a4      0x2be ./Core/Src/system_stm32f1xx.o
 .debug_info    0x000000000000b462     0x1336 ./Core/Src/transmit_info.o
 .debug_info    0x000000000000c798       0x22 ./Core/Startup/startup_stm32f103rbtx.o
 .debug_info    0x000000000000c7ba      0x76a ./Drivers/STM32F1xx_HAL_Driver/Src/stm32f1xx_hal.o
 .debug_info    0x000000000000cf24      0xbdc ./Drivers/STM32F1xx_HAL_Driver/Src/stm32f1xx_hal_cortex.o
 .debug_info    0x000000000000db00      0x81e ./Drivers/STM32F1xx_HAL_Driver/Src/stm32f1xx_hal_dma.o
 .debug_info    0x000000000000e31e      0x701 ./Drivers/STM32F1xx_HAL_Driver/Src/stm32f1xx_hal_gpio.o
 .debug_info    0x000000000000ea1f      0x88e ./Drivers/STM32F1xx_HAL_Driver/Src/stm32f1xx_hal_rcc.o
 .debug_info    0x000000000000f2ad     0x2a45 ./Drivers/STM32F1xx_HAL_Driver/Src/stm32f1xx_hal_tim.o
 .debug_info    0x0000000000011cf2     0x14d5 ./Drivers/STM32F1xx_HAL_Driver/Src/stm32f1xx_hal_tim_ex.o
 .debug_info    0x00000000000131c7     0x161a ./Drivers/STM32F1xx_HAL_Driver/Src/stm32f1xx_hal_uart.o

.debug_abbrev   0x0000000000000000     0x2bbc
 .debug_abbrev  0x0000000000000000      0x1d4 ./Core/Src/button.o
 .debug_abbrev  0x00000000000001d4      0x1ea ./Core/Src/fsm_auto.o
 .debug_abbrev  0x00000000000003be      0x1ea ./Core/Src/fsm_manual.o
 .debug_abbrev  0x00000000000005a8      0x1ea ./Core/Src/fsm_pedes.o
 .debug_abbrev  0x0000000000000792      0x1ea ./Core/Src/fsm_tuning.o
 .debug_abbrev  0x000000000000097c      0x1dd ./Core/Src/global.o
 .debug_abbrev  0x0000000000000b59      0x16d ./Core/Src/led_traffic.o
 .debug_abbrev  0x0000000000000cc6      0x2ee ./Core/Src/main.o
 .debug_abbrev  0x0000000000000fb4       0xb6 ./Core/Src/software_timer.o
 .debug_abbrev  0x000000000000106a      0x1db ./Core/Src/stm32f1xx_hal_msp.o
 .debug_abbrev  0x0000000000001245      0x189 ./Core/Src/stm32f1xx_it.o
 .debug_abbrev  0x00000000000013ce      0x1bf ./Core/Src/sysmem.o
 .debug_abbrev  0x000000000000158d      0x14e ./Core/Src/system_stm32f1xx.o
 .debug_abbrev  0x00000000000016db      0x1fd ./Core/Src/transmit_info.o
 .debug_abbrev  0x00000000000018d8       0x12 ./Core/Startup/startup_stm32f103rbtx.o
 .debug_abbrev  0x00000000000018ea      0x1ed ./Drivers/STM32F1xx_HAL_Driver/Src/stm32f1xx_hal.o
 .debug_abbrev  0x0000000000001ad7      0x313 ./Drivers/STM32F1xx_HAL_Driver/Src/stm32f1xx_hal_cortex.o
 .debug_abbrev  0x0000000000001dea      0x228 ./Drivers/STM32F1xx_HAL_Driver/Src/stm32f1xx_hal_dma.o
 .debug_abbrev  0x0000000000002012      0x1e8 ./Drivers/STM32F1xx_HAL_Driver/Src/stm32f1xx_hal_gpio.o
 .debug_abbrev  0x00000000000021fa      0x273 ./Drivers/STM32F1xx_HAL_Driver/Src/stm32f1xx_hal_rcc.o
 .debug_abbrev  0x000000000000246d      0x25e ./Drivers/STM32F1xx_HAL_Driver/Src/stm32f1xx_hal_tim.o
 .debug_abbrev  0x00000000000026cb      0x266 ./Drivers/STM32F1xx_HAL_Driver/Src/stm32f1xx_hal_tim_ex.o
 .debug_abbrev  0x0000000000002931      0x28b ./Drivers/STM32F1xx_HAL_Driver/Src/stm32f1xx_hal_uart.o

.debug_aranges  0x0000000000000000      0xd90
 .debug_aranges
                0x0000000000000000       0x30 ./Core/Src/button.o
 .debug_aranges
                0x0000000000000030       0x20 ./Core/Src/fsm_auto.o
 .debug_aranges
                0x0000000000000050       0x20 ./Core/Src/fsm_manual.o
 .debug_aranges
                0x0000000000000070       0x20 ./Core/Src/fsm_pedes.o
 .debug_aranges
                0x0000000000000090       0x20 ./Core/Src/fsm_tuning.o
 .debug_aranges
                0x00000000000000b0       0x18 ./Core/Src/global.o
 .debug_aranges
                0x00000000000000c8       0x78 ./Core/Src/led_traffic.o
 .debug_aranges
                0x0000000000000140       0x58 ./Core/Src/main.o
 .debug_aranges
                0x0000000000000198       0x38 ./Core/Src/software_timer.o
 .debug_aranges
                0x00000000000001d0       0x40 ./Core/Src/stm32f1xx_hal_msp.o
 .debug_aranges
                0x0000000000000210       0x70 ./Core/Src/stm32f1xx_it.o
 .debug_aranges
                0x0000000000000280       0x20 ./Core/Src/sysmem.o
 .debug_aranges
                0x00000000000002a0       0x28 ./Core/Src/system_stm32f1xx.o
 .debug_aranges
                0x00000000000002c8       0x20 ./Core/Src/transmit_info.o
 .debug_aranges
                0x00000000000002e8       0x28 ./Core/Startup/startup_stm32f103rbtx.o
 .debug_aranges
                0x0000000000000310       0xe0 ./Drivers/STM32F1xx_HAL_Driver/Src/stm32f1xx_hal.o
 .debug_aranges
                0x00000000000003f0      0x100 ./Drivers/STM32F1xx_HAL_Driver/Src/stm32f1xx_hal_cortex.o
 .debug_aranges
                0x00000000000004f0       0x80 ./Drivers/STM32F1xx_HAL_Driver/Src/stm32f1xx_hal_dma.o
 .debug_aranges
                0x0000000000000570       0x58 ./Drivers/STM32F1xx_HAL_Driver/Src/stm32f1xx_hal_gpio.o
 .debug_aranges
                0x00000000000005c8       0x90 ./Drivers/STM32F1xx_HAL_Driver/Src/stm32f1xx_hal_rcc.o
 .debug_aranges
                0x0000000000000658      0x3d0 ./Drivers/STM32F1xx_HAL_Driver/Src/stm32f1xx_hal_tim.o
 .debug_aranges
                0x0000000000000a28      0x168 ./Drivers/STM32F1xx_HAL_Driver/Src/stm32f1xx_hal_tim_ex.o
 .debug_aranges
                0x0000000000000b90      0x200 ./Drivers/STM32F1xx_HAL_Driver/Src/stm32f1xx_hal_uart.o

.debug_ranges   0x0000000000000000      0xc50
 .debug_ranges  0x0000000000000000       0x20 ./Core/Src/button.o
 .debug_ranges  0x0000000000000020       0x10 ./Core/Src/fsm_auto.o
 .debug_ranges  0x0000000000000030       0x10 ./Core/Src/fsm_manual.o
 .debug_ranges  0x0000000000000040       0x10 ./Core/Src/fsm_pedes.o
 .debug_ranges  0x0000000000000050       0x10 ./Core/Src/fsm_tuning.o
 .debug_ranges  0x0000000000000060       0x68 ./Core/Src/led_traffic.o
 .debug_ranges  0x00000000000000c8       0x48 ./Core/Src/main.o
 .debug_ranges  0x0000000000000110       0x28 ./Core/Src/software_timer.o
 .debug_ranges  0x0000000000000138       0x30 ./Core/Src/stm32f1xx_hal_msp.o
 .debug_ranges  0x0000000000000168       0x60 ./Core/Src/stm32f1xx_it.o
 .debug_ranges  0x00000000000001c8       0x10 ./Core/Src/sysmem.o
 .debug_ranges  0x00000000000001d8       0x18 ./Core/Src/system_stm32f1xx.o
 .debug_ranges  0x00000000000001f0       0x10 ./Core/Src/transmit_info.o
 .debug_ranges  0x0000000000000200       0x20 ./Core/Startup/startup_stm32f103rbtx.o
 .debug_ranges  0x0000000000000220       0xd0 ./Drivers/STM32F1xx_HAL_Driver/Src/stm32f1xx_hal.o
 .debug_ranges  0x00000000000002f0       0xf0 ./Drivers/STM32F1xx_HAL_Driver/Src/stm32f1xx_hal_cortex.o
 .debug_ranges  0x00000000000003e0       0x70 ./Drivers/STM32F1xx_HAL_Driver/Src/stm32f1xx_hal_dma.o
 .debug_ranges  0x0000000000000450       0x48 ./Drivers/STM32F1xx_HAL_Driver/Src/stm32f1xx_hal_gpio.o
 .debug_ranges  0x0000000000000498       0x80 ./Drivers/STM32F1xx_HAL_Driver/Src/stm32f1xx_hal_rcc.o
 .debug_ranges  0x0000000000000518      0x3c0 ./Drivers/STM32F1xx_HAL_Driver/Src/stm32f1xx_hal_tim.o
 .debug_ranges  0x00000000000008d8      0x158 ./Drivers/STM32F1xx_HAL_Driver/Src/stm32f1xx_hal_tim_ex.o
 .debug_ranges  0x0000000000000a30      0x220 ./Drivers/STM32F1xx_HAL_Driver/Src/stm32f1xx_hal_uart.o

.debug_macro    0x0000000000000000    0x193dc
 .debug_macro   0x0000000000000000      0x1d4 ./Core/Src/button.o
 .debug_macro   0x00000000000001d4      0xa9c ./Core/Src/button.o
 .debug_macro   0x0000000000000c70      0x21b ./Core/Src/button.o
 .debug_macro   0x0000000000000e8b       0x2e ./Core/Src/button.o
 .debug_macro   0x0000000000000eb9       0x22 ./Core/Src/button.o
 .debug_macro   0x0000000000000edb       0x22 ./Core/Src/button.o
 .debug_macro   0x0000000000000efd       0x8e ./Core/Src/button.o
 .debug_macro   0x0000000000000f8b       0x51 ./Core/Src/button.o
 .debug_macro   0x0000000000000fdc      0x103 ./Core/Src/button.o
 .debug_macro   0x00000000000010df       0x6a ./Core/Src/button.o
 .debug_macro   0x0000000000001149      0x1df ./Core/Src/button.o
 .debug_macro   0x0000000000001328       0x1c ./Core/Src/button.o
 .debug_macro   0x0000000000001344       0x22 ./Core/Src/button.o
 .debug_macro   0x0000000000001366       0xc3 ./Core/Src/button.o
 .debug_macro   0x0000000000001429      0xd23 ./Core/Src/button.o
 .debug_macro   0x000000000000214c     0xe09e ./Core/Src/button.o
 .debug_macro   0x00000000000101ea       0x6d ./Core/Src/button.o
 .debug_macro   0x0000000000010257     0x3468 ./Core/Src/button.o
 .debug_macro   0x00000000000136bf      0x174 ./Core/Src/button.o
 .debug_macro   0x0000000000013833       0x5c ./Core/Src/button.o
 .debug_macro   0x000000000001388f      0x5be ./Core/Src/button.o
 .debug_macro   0x0000000000013e4d      0x289 ./Core/Src/button.o
 .debug_macro   0x00000000000140d6      0x1cb ./Core/Src/button.o
 .debug_macro   0x00000000000142a1      0x114 ./Core/Src/button.o
 .debug_macro   0x00000000000143b5      0x1b2 ./Core/Src/button.o
 .debug_macro   0x0000000000014567       0x27 ./Core/Src/button.o
 .debug_macro   0x000000000001458e      0x136 ./Core/Src/button.o
 .debug_macro   0x00000000000146c4      0x1bc ./Core/Src/button.o
 .debug_macro   0x0000000000014880       0x34 ./Core/Src/button.o
 .debug_macro   0x00000000000148b4       0x3c ./Core/Src/button.o
 .debug_macro   0x00000000000148f0       0x57 ./Core/Src/button.o
 .debug_macro   0x0000000000014947       0x88 ./Core/Src/button.o
 .debug_macro   0x00000000000149cf      0x241 ./Core/Src/button.o
 .debug_macro   0x0000000000014c10      0x141 ./Core/Src/button.o
 .debug_macro   0x0000000000014d51      0x8d1 ./Core/Src/button.o
 .debug_macro   0x0000000000015622      0x279 ./Core/Src/button.o
 .debug_macro   0x000000000001589b       0x83 ./Core/Src/button.o
 .debug_macro   0x000000000001591e       0x88 ./Core/Src/button.o
 .debug_macro   0x00000000000159a6      0x356 ./Core/Src/fsm_auto.o
 .debug_macro   0x0000000000015cfc       0x52 ./Core/Src/fsm_auto.o
 .debug_macro   0x0000000000015d4e       0x18 ./Core/Src/fsm_auto.o
 .debug_macro   0x0000000000015d66       0x3c ./Core/Src/fsm_auto.o
 .debug_macro   0x0000000000015da2       0x34 ./Core/Src/fsm_auto.o
 .debug_macro   0x0000000000015dd6       0x16 ./Core/Src/fsm_auto.o
 .debug_macro   0x0000000000015dec       0x35 ./Core/Src/fsm_auto.o
 .debug_macro   0x0000000000015e21      0x333 ./Core/Src/fsm_auto.o
 .debug_macro   0x0000000000016154       0x10 ./Core/Src/fsm_auto.o
 .debug_macro   0x0000000000016164       0x16 ./Core/Src/fsm_auto.o
 .debug_macro   0x000000000001617a       0x43 ./Core/Src/fsm_auto.o
 .debug_macro   0x00000000000161bd       0x34 ./Core/Src/fsm_auto.o
 .debug_macro   0x00000000000161f1       0x10 ./Core/Src/fsm_auto.o
 .debug_macro   0x0000000000016201       0x58 ./Core/Src/fsm_auto.o
 .debug_macro   0x0000000000016259       0x71 ./Core/Src/fsm_auto.o
 .debug_macro   0x00000000000162ca       0x1c ./Core/Src/fsm_auto.o
 .debug_macro   0x00000000000162e6      0x12a ./Core/Src/fsm_auto.o
 .debug_macro   0x0000000000016410       0x10 ./Core/Src/fsm_auto.o
 .debug_macro   0x0000000000016420       0x1c ./Core/Src/fsm_auto.o
 .debug_macro   0x000000000001643c       0x52 ./Core/Src/fsm_auto.o
 .debug_macro   0x000000000001648e       0x22 ./Core/Src/fsm_auto.o
 .debug_macro   0x00000000000164b0       0x10 ./Core/Src/fsm_auto.o
 .debug_macro   0x00000000000164c0       0x40 ./Core/Src/fsm_auto.o
 .debug_macro   0x0000000000016500       0xd5 ./Core/Src/fsm_auto.o
 .debug_macro   0x00000000000165d5       0x1c ./Core/Src/fsm_auto.o
 .debug_macro   0x00000000000165f1       0x3d ./Core/Src/fsm_auto.o
 .debug_macro   0x000000000001662e       0x16 ./Core/Src/fsm_auto.o
 .debug_macro   0x0000000000016644      0x145 ./Core/Src/fsm_auto.o
 .debug_macro   0x0000000000016789       0x5e ./Core/Src/fsm_auto.o
 .debug_macro   0x00000000000167e7      0x356 ./Core/Src/fsm_manual.o
 .debug_macro   0x0000000000016b3d      0x356 ./Core/Src/fsm_pedes.o
 .debug_macro   0x0000000000016e93      0x356 ./Core/Src/fsm_tuning.o
 .debug_macro   0x00000000000171e9      0x34c ./Core/Src/global.o
 .debug_macro   0x0000000000017535      0x1bc ./Core/Src/led_traffic.o
 .debug_macro   0x00000000000176f1      0x378 ./Core/Src/main.o
 .debug_macro   0x0000000000017a69       0x21 ./Core/Src/software_timer.o
 .debug_macro   0x0000000000017a8a      0x1b2 ./Core/Src/stm32f1xx_hal_msp.o
 .debug_macro   0x0000000000017c3c      0x1bc ./Core/Src/stm32f1xx_it.o
 .debug_macro   0x0000000000017df8       0xff ./Core/Src/sysmem.o
 .debug_macro   0x0000000000017ef7      0x23b ./Core/Src/sysmem.o
 .debug_macro   0x0000000000018132      0x1a3 ./Core/Src/system_stm32f1xx.o
 .debug_macro   0x00000000000182d5      0x34c ./Core/Src/transmit_info.o
 .debug_macro   0x0000000000018621      0x1c7 ./Drivers/STM32F1xx_HAL_Driver/Src/stm32f1xx_hal.o
 .debug_macro   0x00000000000187e8      0x1a3 ./Drivers/STM32F1xx_HAL_Driver/Src/stm32f1xx_hal_cortex.o
 .debug_macro   0x000000000001898b      0x1a3 ./Drivers/STM32F1xx_HAL_Driver/Src/stm32f1xx_hal_dma.o
 .debug_macro   0x0000000000018b2e      0x20e ./Drivers/STM32F1xx_HAL_Driver/Src/stm32f1xx_hal_gpio.o
 .debug_macro   0x0000000000018d3c      0x1b5 ./Drivers/STM32F1xx_HAL_Driver/Src/stm32f1xx_hal_rcc.o
 .debug_macro   0x0000000000018ef1      0x1a4 ./Drivers/STM32F1xx_HAL_Driver/Src/stm32f1xx_hal_tim.o
 .debug_macro   0x0000000000019095      0x1a3 ./Drivers/STM32F1xx_HAL_Driver/Src/stm32f1xx_hal_tim_ex.o
 .debug_macro   0x0000000000019238      0x1a4 ./Drivers/STM32F1xx_HAL_Driver/Src/stm32f1xx_hal_uart.o

.debug_line     0x0000000000000000    0x10acf
 .debug_line    0x0000000000000000      0x732 ./Core/Src/button.o
 .debug_line    0x0000000000000732      0x9a4 ./Core/Src/fsm_auto.o
 .debug_line    0x00000000000010d6      0x9e1 ./Core/Src/fsm_manual.o
 .debug_line    0x0000000000001ab7      0x8f4 ./Core/Src/fsm_pedes.o
 .debug_line    0x00000000000023ab      0xa05 ./Core/Src/fsm_tuning.o
 .debug_line    0x0000000000002db0      0x88a ./Core/Src/global.o
 .debug_line    0x000000000000363a      0x78d ./Core/Src/led_traffic.o
 .debug_line    0x0000000000003dc7      0xa88 ./Core/Src/main.o
 .debug_line    0x000000000000484f       0xfe ./Core/Src/software_timer.o
 .debug_line    0x000000000000494d      0x70f ./Core/Src/stm32f1xx_hal_msp.o
 .debug_line    0x000000000000505c      0x76f ./Core/Src/stm32f1xx_it.o
 .debug_line    0x00000000000057cb      0x4f8 ./Core/Src/sysmem.o
 .debug_line    0x0000000000005cc3      0x6fb ./Core/Src/system_stm32f1xx.o
 .debug_line    0x00000000000063be      0x8b9 ./Core/Src/transmit_info.o
 .debug_line    0x0000000000006c77       0x87 ./Core/Startup/startup_stm32f103rbtx.o
 .debug_line    0x0000000000006cfe      0x928 ./Drivers/STM32F1xx_HAL_Driver/Src/stm32f1xx_hal.o
 .debug_line    0x0000000000007626      0xb10 ./Drivers/STM32F1xx_HAL_Driver/Src/stm32f1xx_hal_cortex.o
 .debug_line    0x0000000000008136      0xd80 ./Drivers/STM32F1xx_HAL_Driver/Src/stm32f1xx_hal_dma.o
 .debug_line    0x0000000000008eb6      0x9bf ./Drivers/STM32F1xx_HAL_Driver/Src/stm32f1xx_hal_gpio.o
 .debug_line    0x0000000000009875      0xd36 ./Drivers/STM32F1xx_HAL_Driver/Src/stm32f1xx_hal_rcc.o
 .debug_line    0x000000000000a5ab     0x32d1 ./Drivers/STM32F1xx_HAL_Driver/Src/stm32f1xx_hal_tim.o
 .debug_line    0x000000000000d87c     0x1850 ./Drivers/STM32F1xx_HAL_Driver/Src/stm32f1xx_hal_tim_ex.o
 .debug_line    0x000000000000f0cc     0x1a03 ./Drivers/STM32F1xx_HAL_Driver/Src/stm32f1xx_hal_uart.o

.debug_str      0x0000000000000000    0x8b063
 .debug_str     0x0000000000000000    0x83920 ./Core/Src/button.o
                                      0x83d3b (size before relaxing)
 .debug_str     0x0000000000083920     0x4295 ./Core/Src/fsm_auto.o
                                      0x87f41 (size before relaxing)
 .debug_str     0x0000000000087bb5       0x3b ./Core/Src/fsm_manual.o
                                      0x87f47 (size before relaxing)
 .debug_str     0x0000000000087bf0       0x38 ./Core/Src/fsm_pedes.o
                                      0x87f44 (size before relaxing)
 .debug_str     0x0000000000087c28       0x3b ./Core/Src/fsm_tuning.o
                                      0x87f47 (size before relaxing)
 .debug_str     0x0000000000087c63       0x15 ./Core/Src/global.o
                                      0x87f21 (size before relaxing)
 .debug_str     0x0000000000087c78       0xaa ./Core/Src/led_traffic.o
                                      0x83ce3 (size before relaxing)
 .debug_str     0x0000000000087d22      0x300 ./Core/Src/main.o
                                      0x88294 (size before relaxing)
 .debug_str     0x0000000000088022       0x83 ./Core/Src/software_timer.o
                                       0x2e1d (size before relaxing)
 .debug_str     0x00000000000880a5      0x318 ./Core/Src/stm32f1xx_hal_msp.o
                                      0x84026 (size before relaxing)
 .debug_str     0x00000000000883bd       0xdf ./Core/Src/stm32f1xx_it.o
                                      0x83ced (size before relaxing)
 .debug_str     0x000000000008849c      0x4e9 ./Core/Src/sysmem.o
                                       0x625e (size before relaxing)
 .debug_str     0x0000000000088985       0x52 ./Core/Src/system_stm32f1xx.o
                                      0x83456 (size before relaxing)
 .debug_str     0x00000000000889d7       0x2e ./Core/Src/transmit_info.o
                                      0x87f3a (size before relaxing)
 .debug_str     0x0000000000088a05       0x36 ./Core/Startup/startup_stm32f103rbtx.o
                                         0x72 (size before relaxing)
 .debug_str     0x0000000000088a3b      0x304 ./Drivers/STM32F1xx_HAL_Driver/Src/stm32f1xx_hal.o
                                      0x83ae7 (size before relaxing)
 .debug_str     0x0000000000088d3f      0x300 ./Drivers/STM32F1xx_HAL_Driver/Src/stm32f1xx_hal_cortex.o
                                      0x83aef (size before relaxing)
 .debug_str     0x000000000008903f      0x230 ./Drivers/STM32F1xx_HAL_Driver/Src/stm32f1xx_hal_dma.o
                                      0x83831 (size before relaxing)
 .debug_str     0x000000000008926f      0x31f ./Drivers/STM32F1xx_HAL_Driver/Src/stm32f1xx_hal_gpio.o
                                      0x8381a (size before relaxing)
 .debug_str     0x000000000008958e      0x24f ./Drivers/STM32F1xx_HAL_Driver/Src/stm32f1xx_hal_rcc.o
                                      0x83853 (size before relaxing)
 .debug_str     0x00000000000897dd      0xdc3 ./Drivers/STM32F1xx_HAL_Driver/Src/stm32f1xx_hal_tim.o
                                      0x84825 (size before relaxing)
 .debug_str     0x000000000008a5a0      0x4ee ./Drivers/STM32F1xx_HAL_Driver/Src/stm32f1xx_hal_tim_ex.o
                                      0x83fd6 (size before relaxing)
 .debug_str     0x000000000008aa8e      0x5d5 ./Drivers/STM32F1xx_HAL_Driver/Src/stm32f1xx_hal_uart.o
                                      0x83e45 (size before relaxing)

.comment        0x0000000000000000       0x53
 .comment       0x0000000000000000       0x53 ./Core/Src/button.o
                                         0x54 (size before relaxing)
 .comment       0x0000000000000053       0x54 ./Core/Src/fsm_auto.o
 .comment       0x0000000000000053       0x54 ./Core/Src/fsm_manual.o
 .comment       0x0000000000000053       0x54 ./Core/Src/fsm_pedes.o
 .comment       0x0000000000000053       0x54 ./Core/Src/fsm_tuning.o
 .comment       0x0000000000000053       0x54 ./Core/Src/global.o
 .comment       0x0000000000000053       0x54 ./Core/Src/led_traffic.o
 .comment       0x0000000000000053       0x54 ./Core/Src/main.o
 .comment       0x0000000000000053       0x54 ./Core/Src/software_timer.o
 .comment       0x0000000000000053       0x54 ./Core/Src/stm32f1xx_hal_msp.o
 .comment       0x0000000000000053       0x54 ./Core/Src/stm32f1xx_it.o
 .comment       0x0000000000000053       0x54 ./Core/Src/sysmem.o
 .comment       0x0000000000000053       0x54 ./Core/Src/system_stm32f1xx.o
 .comment       0x0000000000000053       0x54 ./Core/Src/transmit_info.o
 .comment       0x0000000000000053       0x54 ./Drivers/STM32F1xx_HAL_Driver/Src/stm32f1xx_hal.o
 .comment       0x0000000000000053       0x54 ./Drivers/STM32F1xx_HAL_Driver/Src/stm32f1xx_hal_cortex.o
 .comment       0x0000000000000053       0x54 ./Drivers/STM32F1xx_HAL_Driver/Src/stm32f1xx_hal_dma.o
 .comment       0x0000000000000053       0x54 ./Drivers/STM32F1xx_HAL_Driver/Src/stm32f1xx_hal_gpio.o
 .comment       0x0000000000000053       0x54 ./Drivers/STM32F1xx_HAL_Driver/Src/stm32f1xx_hal_rcc.o
 .comment       0x0000000000000053       0x54 ./Drivers/STM32F1xx_HAL_Driver/Src/stm32f1xx_hal_tim.o
 .comment       0x0000000000000053       0x54 ./Drivers/STM32F1xx_HAL_Driver/Src/stm32f1xx_hal_tim_ex.o
 .comment       0x0000000000000053       0x54 ./Drivers/STM32F1xx_HAL_Driver/Src/stm32f1xx_hal_uart.o

.debug_frame    0x0000000000000000     0x3950
 .debug_frame   0x0000000000000000       0x84 ./Core/Src/button.o
 .debug_frame   0x0000000000000084       0x2c ./Core/Src/fsm_auto.o
 .debug_frame   0x00000000000000b0       0x2c ./Core/Src/fsm_manual.o
 .debug_frame   0x00000000000000dc       0x2c ./Core/Src/fsm_pedes.o
 .debug_frame   0x0000000000000108       0x2c ./Core/Src/fsm_tuning.o
 .debug_frame   0x0000000000000134      0x160 ./Core/Src/led_traffic.o
 .debug_frame   0x0000000000000294      0x114 ./Core/Src/main.o
 .debug_frame   0x00000000000003a8       0xa8 ./Core/Src/software_timer.o
 .debug_frame   0x0000000000000450       0xc8 ./Core/Src/stm32f1xx_hal_msp.o
 .debug_frame   0x0000000000000518      0x13c ./Core/Src/stm32f1xx_it.o
 .debug_frame   0x0000000000000654       0x34 ./Core/Src/sysmem.o
 .debug_frame   0x0000000000000688       0x58 ./Core/Src/system_stm32f1xx.o
 .debug_frame   0x00000000000006e0       0x34 ./Core/Src/transmit_info.o
 .debug_frame   0x0000000000000714      0x334 ./Drivers/STM32F1xx_HAL_Driver/Src/stm32f1xx_hal.o
 .debug_frame   0x0000000000000a48      0x428 ./Drivers/STM32F1xx_HAL_Driver/Src/stm32f1xx_hal_cortex.o
 .debug_frame   0x0000000000000e70      0x208 ./Drivers/STM32F1xx_HAL_Driver/Src/stm32f1xx_hal_dma.o
 .debug_frame   0x0000000000001078      0x14c ./Drivers/STM32F1xx_HAL_Driver/Src/stm32f1xx_hal_gpio.o
 .debug_frame   0x00000000000011c4      0x21c ./Drivers/STM32F1xx_HAL_Driver/Src/stm32f1xx_hal_rcc.o
 .debug_frame   0x00000000000013e0     0x11b8 ./Drivers/STM32F1xx_HAL_Driver/Src/stm32f1xx_hal_tim.o
 .debug_frame   0x0000000000002598      0x638 ./Drivers/STM32F1xx_HAL_Driver/Src/stm32f1xx_hal_tim_ex.o
 .debug_frame   0x0000000000002bd0      0x914 ./Drivers/STM32F1xx_HAL_Driver/Src/stm32f1xx_hal_uart.o
 .debug_frame   0x00000000000034e4       0x20 c:/st/stm32cubeide_1.7.0/stm32cubeide/plugins/com.st.stm32cube.ide.mcu.externaltools.gnu-tools-for-stm32.9-2020-q2-update.win32_2.0.0.202105311346/tools/bin/../lib/gcc/arm-none-eabi/9.3.1/../../../../arm-none-eabi/lib/thumb/v7-m/nofp\libc_nano.a(lib_a-errno.o)
 .debug_frame   0x0000000000003504       0x2c c:/st/stm32cubeide_1.7.0/stm32cubeide/plugins/com.st.stm32cube.ide.mcu.externaltools.gnu-tools-for-stm32.9-2020-q2-update.win32_2.0.0.202105311346/tools/bin/../lib/gcc/arm-none-eabi/9.3.1/../../../../arm-none-eabi/lib/thumb/v7-m/nofp\libc_nano.a(lib_a-init.o)
 .debug_frame   0x0000000000003530       0x20 c:/st/stm32cubeide_1.7.0/stm32cubeide/plugins/com.st.stm32cube.ide.mcu.externaltools.gnu-tools-for-stm32.9-2020-q2-update.win32_2.0.0.202105311346/tools/bin/../lib/gcc/arm-none-eabi/9.3.1/../../../../arm-none-eabi/lib/thumb/v7-m/nofp\libc_nano.a(lib_a-memset.o)
 .debug_frame   0x0000000000003550       0x6c c:/st/stm32cubeide_1.7.0/stm32cubeide/plugins/com.st.stm32cube.ide.mcu.externaltools.gnu-tools-for-stm32.9-2020-q2-update.win32_2.0.0.202105311346/tools/bin/../lib/gcc/arm-none-eabi/9.3.1/../../../../arm-none-eabi/lib/thumb/v7-m/nofp\libc_nano.a(lib_a-sprintf.o)
 .debug_frame   0x00000000000035bc       0x90 c:/st/stm32cubeide_1.7.0/stm32cubeide/plugins/com.st.stm32cube.ide.mcu.externaltools.gnu-tools-for-stm32.9-2020-q2-update.win32_2.0.0.202105311346/tools/bin/../lib/gcc/arm-none-eabi/9.3.1/../../../../arm-none-eabi/lib/thumb/v7-m/nofp\libc_nano.a(lib_a-nano-svfprintf.o)
 .debug_frame   0x000000000000364c       0x60 c:/st/stm32cubeide_1.7.0/stm32cubeide/plugins/com.st.stm32cube.ide.mcu.externaltools.gnu-tools-for-stm32.9-2020-q2-update.win32_2.0.0.202105311346/tools/bin/../lib/gcc/arm-none-eabi/9.3.1/../../../../arm-none-eabi/lib/thumb/v7-m/nofp\libc_nano.a(lib_a-nano-vfprintf_i.o)
 .debug_frame   0x00000000000036ac       0x28 c:/st/stm32cubeide_1.7.0/stm32cubeide/plugins/com.st.stm32cube.ide.mcu.externaltools.gnu-tools-for-stm32.9-2020-q2-update.win32_2.0.0.202105311346/tools/bin/../lib/gcc/arm-none-eabi/9.3.1/../../../../arm-none-eabi/lib/thumb/v7-m/nofp\libc_nano.a(lib_a-memchr-stub.o)
 .debug_frame   0x00000000000036d4       0x28 c:/st/stm32cubeide_1.7.0/stm32cubeide/plugins/com.st.stm32cube.ide.mcu.externaltools.gnu-tools-for-stm32.9-2020-q2-update.win32_2.0.0.202105311346/tools/bin/../lib/gcc/arm-none-eabi/9.3.1/../../../../arm-none-eabi/lib/thumb/v7-m/nofp\libc_nano.a(lib_a-memcpy-stub.o)
 .debug_frame   0x00000000000036fc       0x28 c:/st/stm32cubeide_1.7.0/stm32cubeide/plugins/com.st.stm32cube.ide.mcu.externaltools.gnu-tools-for-stm32.9-2020-q2-update.win32_2.0.0.202105311346/tools/bin/../lib/gcc/arm-none-eabi/9.3.1/../../../../arm-none-eabi/lib/thumb/v7-m/nofp\libc_nano.a(lib_a-memmove.o)
 .debug_frame   0x0000000000003724       0x38 c:/st/stm32cubeide_1.7.0/stm32cubeide/plugins/com.st.stm32cube.ide.mcu.externaltools.gnu-tools-for-stm32.9-2020-q2-update.win32_2.0.0.202105311346/tools/bin/../lib/gcc/arm-none-eabi/9.3.1/../../../../arm-none-eabi/lib/thumb/v7-m/nofp\libc_nano.a(lib_a-nano-freer.o)
 .debug_frame   0x000000000000375c       0x30 c:/st/stm32cubeide_1.7.0/stm32cubeide/plugins/com.st.stm32cube.ide.mcu.externaltools.gnu-tools-for-stm32.9-2020-q2-update.win32_2.0.0.202105311346/tools/bin/../lib/gcc/arm-none-eabi/9.3.1/../../../../arm-none-eabi/lib/thumb/v7-m/nofp\libc_nano.a(lib_a-nano-mallocr.o)
 .debug_frame   0x000000000000378c       0x3c c:/st/stm32cubeide_1.7.0/stm32cubeide/plugins/com.st.stm32cube.ide.mcu.externaltools.gnu-tools-for-stm32.9-2020-q2-update.win32_2.0.0.202105311346/tools/bin/../lib/gcc/arm-none-eabi/9.3.1/../../../../arm-none-eabi/lib/thumb/v7-m/nofp\libc_nano.a(lib_a-nano-reallocr.o)
 .debug_frame   0x00000000000037c8       0x2c c:/st/stm32cubeide_1.7.0/stm32cubeide/plugins/com.st.stm32cube.ide.mcu.externaltools.gnu-tools-for-stm32.9-2020-q2-update.win32_2.0.0.202105311346/tools/bin/../lib/gcc/arm-none-eabi/9.3.1/../../../../arm-none-eabi/lib/thumb/v7-m/nofp\libc_nano.a(lib_a-sbrkr.o)
 .debug_frame   0x00000000000037f4       0x30 c:/st/stm32cubeide_1.7.0/stm32cubeide/plugins/com.st.stm32cube.ide.mcu.externaltools.gnu-tools-for-stm32.9-2020-q2-update.win32_2.0.0.202105311346/tools/bin/../lib/gcc/arm-none-eabi/9.3.1/../../../../arm-none-eabi/lib/thumb/v7-m/nofp\libc_nano.a(lib_a-mlock.o)
 .debug_frame   0x0000000000003824       0x20 c:/st/stm32cubeide_1.7.0/stm32cubeide/plugins/com.st.stm32cube.ide.mcu.externaltools.gnu-tools-for-stm32.9-2020-q2-update.win32_2.0.0.202105311346/tools/bin/../lib/gcc/arm-none-eabi/9.3.1/../../../../arm-none-eabi/lib/thumb/v7-m/nofp\libc_nano.a(lib_a-nano-msizer.o)
 .debug_frame   0x0000000000003844       0x5c c:/st/stm32cubeide_1.7.0/stm32cubeide/plugins/com.st.stm32cube.ide.mcu.externaltools.gnu-tools-for-stm32.9-2020-q2-update.win32_2.0.0.202105311346/tools/bin/../lib/gcc/arm-none-eabi/9.3.1/../../../../arm-none-eabi/lib/thumb/v7-m/nofp\libc_nano.a(lib_a-reent.o)
 .debug_frame   0x00000000000038a0       0xb0 c:/st/stm32cubeide_1.7.0/stm32cubeide/plugins/com.st.stm32cube.ide.mcu.externaltools.gnu-tools-for-stm32.9-2020-q2-update.win32_2.0.0.202105311346/tools/bin/../lib/gcc/arm-none-eabi/9.3.1/../../../../arm-none-eabi/lib/thumb/v7-m/nofp\libc_nano.a(lib_a-lock.o)
