Archive member included to satisfy reference by file (symbol)

c:/st/stm32cubeide_1.7.0/stm32cubeide/plugins/com.st.stm32cube.ide.mcu.externaltools.gnu-tools-for-stm32.9-2020-q2-update.win32_2.0.0.202105311346/tools/bin/../lib/gcc/arm-none-eabi/9.3.1/../../../../arm-none-eabi/lib/thumb/v7-m/nofp\libc_nano.a(lib_a-errno.o)
                              ./Core/Src/syscalls.o (__errno)
c:/st/stm32cubeide_1.7.0/stm32cubeide/plugins/com.st.stm32cube.ide.mcu.externaltools.gnu-tools-for-stm32.9-2020-q2-update.win32_2.0.0.202105311346/tools/bin/../lib/gcc/arm-none-eabi/9.3.1/../../../../arm-none-eabi/lib/thumb/v7-m/nofp\libc_nano.a(lib_a-exit.o)
                              c:/st/stm32cubeide_1.7.0/stm32cubeide/plugins/com.st.stm32cube.ide.mcu.externaltools.gnu-tools-for-stm32.9-2020-q2-update.win32_2.0.0.202105311346/tools/bin/../lib/gcc/arm-none-eabi/9.3.1/../../../../arm-none-eabi/lib/thumb/v7-m/nofp/crt0.o (exit)
c:/st/stm32cubeide_1.7.0/stm32cubeide/plugins/com.st.stm32cube.ide.mcu.externaltools.gnu-tools-for-stm32.9-2020-q2-update.win32_2.0.0.202105311346/tools/bin/../lib/gcc/arm-none-eabi/9.3.1/../../../../arm-none-eabi/lib/thumb/v7-m/nofp\libc_nano.a(lib_a-impure.o)
                              c:/st/stm32cubeide_1.7.0/stm32cubeide/plugins/com.st.stm32cube.ide.mcu.externaltools.gnu-tools-for-stm32.9-2020-q2-update.win32_2.0.0.202105311346/tools/bin/../lib/gcc/arm-none-eabi/9.3.1/../../../../arm-none-eabi/lib/thumb/v7-m/nofp\libc_nano.a(lib_a-exit.o) (_global_impure_ptr)
c:/st/stm32cubeide_1.7.0/stm32cubeide/plugins/com.st.stm32cube.ide.mcu.externaltools.gnu-tools-for-stm32.9-2020-q2-update.win32_2.0.0.202105311346/tools/bin/../lib/gcc/arm-none-eabi/9.3.1/../../../../arm-none-eabi/lib/thumb/v7-m/nofp\libc_nano.a(lib_a-init.o)
                              c:/st/stm32cubeide_1.7.0/stm32cubeide/plugins/com.st.stm32cube.ide.mcu.externaltools.gnu-tools-for-stm32.9-2020-q2-update.win32_2.0.0.202105311346/tools/bin/../lib/gcc/arm-none-eabi/9.3.1/../../../../arm-none-eabi/lib/thumb/v7-m/nofp/crt0.o (__libc_init_array)
c:/st/stm32cubeide_1.7.0/stm32cubeide/plugins/com.st.stm32cube.ide.mcu.externaltools.gnu-tools-for-stm32.9-2020-q2-update.win32_2.0.0.202105311346/tools/bin/../lib/gcc/arm-none-eabi/9.3.1/../../../../arm-none-eabi/lib/thumb/v7-m/nofp\libc_nano.a(lib_a-memset.o)
                              c:/st/stm32cubeide_1.7.0/stm32cubeide/plugins/com.st.stm32cube.ide.mcu.externaltools.gnu-tools-for-stm32.9-2020-q2-update.win32_2.0.0.202105311346/tools/bin/../lib/gcc/arm-none-eabi/9.3.1/../../../../arm-none-eabi/lib/thumb/v7-m/nofp/crt0.o (memset)
c:/st/stm32cubeide_1.7.0/stm32cubeide/plugins/com.st.stm32cube.ide.mcu.externaltools.gnu-tools-for-stm32.9-2020-q2-update.win32_2.0.0.202105311346/tools/bin/../lib/gcc/arm-none-eabi/9.3.1/../../../../arm-none-eabi/lib/thumb/v7-m/nofp\libc_nano.a(lib_a-sprintf.o)
                              ./Core/Src/transmit_info.o (sprintf)
c:/st/stm32cubeide_1.7.0/stm32cubeide/plugins/com.st.stm32cube.ide.mcu.externaltools.gnu-tools-for-stm32.9-2020-q2-update.win32_2.0.0.202105311346/tools/bin/../lib/gcc/arm-none-eabi/9.3.1/../../../../arm-none-eabi/lib/thumb/v7-m/nofp\libc_nano.a(lib_a-nano-svfprintf.o)
                              c:/st/stm32cubeide_1.7.0/stm32cubeide/plugins/com.st.stm32cube.ide.mcu.externaltools.gnu-tools-for-stm32.9-2020-q2-update.win32_2.0.0.202105311346/tools/bin/../lib/gcc/arm-none-eabi/9.3.1/../../../../arm-none-eabi/lib/thumb/v7-m/nofp\libc_nano.a(lib_a-sprintf.o) (_svfprintf_r)
c:/st/stm32cubeide_1.7.0/stm32cubeide/plugins/com.st.stm32cube.ide.mcu.externaltools.gnu-tools-for-stm32.9-2020-q2-update.win32_2.0.0.202105311346/tools/bin/../lib/gcc/arm-none-eabi/9.3.1/../../../../arm-none-eabi/lib/thumb/v7-m/nofp\libc_nano.a(lib_a-nano-vfprintf_i.o)
                              c:/st/stm32cubeide_1.7.0/stm32cubeide/plugins/com.st.stm32cube.ide.mcu.externaltools.gnu-tools-for-stm32.9-2020-q2-update.win32_2.0.0.202105311346/tools/bin/../lib/gcc/arm-none-eabi/9.3.1/../../../../arm-none-eabi/lib/thumb/v7-m/nofp\libc_nano.a(lib_a-nano-svfprintf.o) (_printf_i)
c:/st/stm32cubeide_1.7.0/stm32cubeide/plugins/com.st.stm32cube.ide.mcu.externaltools.gnu-tools-for-stm32.9-2020-q2-update.win32_2.0.0.202105311346/tools/bin/../lib/gcc/arm-none-eabi/9.3.1/../../../../arm-none-eabi/lib/thumb/v7-m/nofp\libc_nano.a(lib_a-memchr-stub.o)
                              c:/st/stm32cubeide_1.7.0/stm32cubeide/plugins/com.st.stm32cube.ide.mcu.externaltools.gnu-tools-for-stm32.9-2020-q2-update.win32_2.0.0.202105311346/tools/bin/../lib/gcc/arm-none-eabi/9.3.1/../../../../arm-none-eabi/lib/thumb/v7-m/nofp\libc_nano.a(lib_a-nano-svfprintf.o) (memchr)
c:/st/stm32cubeide_1.7.0/stm32cubeide/plugins/com.st.stm32cube.ide.mcu.externaltools.gnu-tools-for-stm32.9-2020-q2-update.win32_2.0.0.202105311346/tools/bin/../lib/gcc/arm-none-eabi/9.3.1/../../../../arm-none-eabi/lib/thumb/v7-m/nofp\libc_nano.a(lib_a-memcpy-stub.o)
[...]
Memory Configuration

Name             Origin             Length             Attributes
RAM              0x0000000020000000 0x0000000000005000 xrw
FLASH            0x0000000008000000 0x0000000000020000 xr
*default*        0x0000000000000000 0xffffffffffffffff

Linker script and memory map

LOAD c:/st/stm32cubeide_1.7.0/stm32cubeide/plugins/com.st.stm32cube.ide.mcu.externaltools.gnu-tools-for-stm32.9-2020-q2-update.win32_2.0.0.202105311346/tools/bin/../lib/gcc/arm-none-eabi/9.3.1/thumb/v7-m/nofp/crti.o
LOAD c:/st/stm32cubeide_1.7.0/stm32cubeide/plugins/com.st.stm32cube.ide.mcu.externaltools.gnu-tools-for-stm32.9-2020-q2-update.win32_2.0.0.202105311346/tools/bin/../lib/gcc/arm-none-eabi/9.3.1/thumb/v7-m/nofp/crtbegin.o
LOAD c:/st/stm32cubeide_1.7.0/stm32cubeide/plugins/com.st.stm32cube.ide.mcu.externaltools.gnu-tools-for-stm32.9-2020-q2-update.win32_2.0.0.202105311346/tools/bin/../lib/gcc/arm-none-eabi/9.3.1/../../../../arm-none-eabi/lib/thumb/v7-m/nofp/crt0.o
LOAD ./Core/Src/button.o
LOAD ./Core/Src/buzzer.o
LOAD ./Core/Src/fsm_auto.o
LOAD ./Core/Src/fsm_manual.o
LOAD ./Core/Src/fsm_pedes.o
LOAD ./Core/Src/fsm_tuning.o
LOAD ./Core/Src/global.o
LOAD ./Core/Src/led_traffic.o
LOAD ./Core/Src/main.o
LOAD ./Core/Src/software_timer.o
LOAD ./Core/Src/stm32f1xx_hal_msp.o
LOAD ./Core/Src/stm32f1xx_it.o
LOAD ./Core/Src/syscalls.o
LOAD ./Core/Src/sysmem.o
LOAD ./Core/Src/system_stm32f1xx.o
LOAD ./Core/Src/transmit_info.o
LOAD ./Core/Startup/startup_stm32f103rbtx.o
LOAD ./Drivers/STM32F1xx_HAL_Driver/Src/stm32f1xx_hal.o
LOAD ./Drivers/STM32F1xx_HAL_Driver/Src/stm32f1xx_hal_cortex.o
LOAD ./Drivers/STM32F1xx_HAL_Driver/Src/stm32f1xx_hal_dma.o
LOAD ./Drivers/STM32F1xx_HAL_Driver/Src/stm32f1xx_hal_exti.o
LOAD ./Drivers/STM32F1xx_HAL_Driver/Src/stm32f1xx_hal_flash.o
LOAD ./Drivers/STM32F1xx_HAL_Driver/Src/stm32f1xx_hal_flash_ex.o
LOAD ./Drivers/STM32F1xx_HAL_Driver/Src/stm32f1xx_hal_gpio.o
LOAD ./Drivers/STM32F1xx_HAL_Driver/Src/stm32f1xx_hal_gpio_ex.o
LOAD ./Drivers/STM32F1xx_HAL_Driver/Src/stm32f1xx_hal_pwr.o
LOAD ./Drivers/STM32F1xx_HAL_Driver/Src/stm32f1xx_hal_rcc.o
LOAD ./Drivers/STM32F1xx_HAL_Driver/Src/stm32f1xx_hal_rcc_ex.o
LOAD ./Drivers/STM32F1xx_HAL_Driver/Src/stm32f1xx_hal_tim.o
LOAD ./Drivers/STM32F1xx_HAL_Driver/Src/stm32f1xx_hal_tim_ex.o
LOAD ./Drivers/STM32F1xx_HAL_Driver/Src/stm32f1xx_hal_uart.o
START GROUP
LOAD c:/st/stm32cubeide_1.7.0/stm32cubeide/plugins/com.st.stm32cube.ide.mcu.externaltools.gnu-tools-for-stm32.9-2020-q2-update.win32_2.0.0.202105311346/tools/bin/../lib/gcc/arm-none-eabi/9.3.1/../../../../arm-none-eabi/lib/thumb/v7-m/nofp\libc_nano.a
LOAD c:/st/stm32cubeide_1.7.0/stm32cubeide/plugins/com.st.stm32cube.ide.mcu.externaltools.gnu-tools-for-stm32.9-2020-q2-update.win32_2.0.0.202105311346/tools/bin/../lib/gcc/arm-none-eabi/9.3.1/../../../../arm-none-eabi/lib/thumb/v7-m/nofp\libm.a
END GROUP
START GROUP
LOAD c:/st/stm32cubeide_1.7.0/stm32cubeide/plugins/com.st.stm32cube.ide.mcu.externaltools.gnu-tools-for-stm32.9-2020-q2-update.win32_2.0.0.202105311346/tools/bin/../lib/gcc/arm-none-eabi/9.3.1/thumb/v7-m/nofp\libgcc.a
LOAD c:/st/stm32cubeide_1.7.0/stm32cubeide/plugins/com.st.stm32cube.ide.mcu.externaltools.gnu-tools-for-stm32.9-2020-q2-update.win32_2.0.0.202105311346/tools/bin/../lib/gcc/arm-none-eabi/9.3.1/../../../../arm-none-eabi/lib/thumb/v7-m/nofp\libc_nano.a
END GROUP
START GROUP
LOAD c:/st/stm32cubeide_1.7.0/stm32cubeide/plugins/com.st.stm32cube.ide.mcu.externaltools.gnu-tools-for-stm32.9-2020-q2-update.win32_2.0.0.202105311346/tools/bin/../lib/gcc/arm-none-eabi/9.3.1/thumb/v7-m/nofp\libgcc.a
LOAD c:/st/stm32cubeide_1.7.0/stm32cubeide/plugins/com.st.stm32cube.ide.mcu.externaltools.gnu-tools-for-stm32.9-2020-q2-update.win32_2.0.0.202105311346/tools/bin/../lib/gcc/arm-none-eabi/9.3.1/../../../../arm-none-eabi/lib/thumb/v7-m/nofp\libc_nano.a
LOAD c:/st/stm32cubeide_1.7.0/stm32cubeide/plugins/com.st.stm32cube.ide.mcu.externaltools.gnu-tools-for-stm32.9-2020-q2-update.win32_2.0.0.202105311346/tools/bin/../lib/gcc/arm-none-eabi/9.3.1/../../../../arm-none-eabi/lib/thumb/v7-m/nofp\libnosys.a
END GROUP
START GROUP
LOAD c:/st/stm32cubeide_1.7.0/stm32cubeide/plugins/com.st.stm32cube.ide.mcu.externaltools.gnu-tools-for-stm32.9-2020-q2-update.win32_2.0.0.202105311346/tools/bin/../lib/gcc/arm-none-eabi/9.3.1/thumb/v7-m/nofp\libgcc.a
LOAD c:/st/stm32cubeide_1.7.0/stm32cubeide/plugins/com.st.stm32cube.ide.mcu.externaltools.gnu-tools-for-stm32.9-2020-q2-update.win32_2.0.0.202105311346/tools/bin/../lib/gcc/arm-none-eabi/9.3.1/../../../../arm-none-eabi/lib/thumb/v7-m/nofp\libc_nano.a
LOAD c:/st/stm32cubeide_1.7.0/stm32cubeide/plugins/com.st.stm32cube.ide.mcu.externaltools.gnu-tools-for-stm32.9-2020-q2-update.win32_2.0.0.202105311346/tools/bin/../lib/gcc/arm-none-eabi/9.3.1/../../../../arm-none-eabi/lib/thumb/v7-m/nofp\libnosys.a
END GROUP
LOAD c:/st/stm32cubeide_1.7.0/stm32cubeide/plugins/com.st.stm32cube.ide.mcu.externaltools.gnu-tools-for-stm32.9-2020-q2-update.win32_2.0.0.202105311346/tools/bin/../lib/gcc/arm-none-eabi/9.3.1/thumb/v7-m/nofp/crtend.o
LOAD c:/st/stm32cubeide_1.7.0/stm32cubeide/plugins/com.st.stm32cube.ide.mcu.externaltools.gnu-tools-for-stm32.9-2020-q2-update.win32_2.0.0.202105311346/tools/bin/../lib/gcc/arm-none-eabi/9.3.1/thumb/v7-m/nofp/crtn.o
                0x0000000020005000                _estack = (ORIGIN (RAM) + LENGTH (RAM))
                0x0000000000000200                _Min_Heap_Size = 0x200
                0x0000000000000400                _Min_Stack_Size = 0x400

.isr_vector     0x0000000008000000      0x10c
                0x0000000008000000                . = ALIGN (0x4)
 *(.isr_vector)
 .isr_vector    0x0000000008000000      0x10c ./Core/Startup/startup_stm32f103rbtx.o
                0x0000000008000000                g_pfnVectors
                0x000000000800010c                . = ALIGN (0x4)

.text           0x000000000800010c     0x4a40
                0x000000000800010c                . = ALIGN (0x4)
 *(.text)
 .text          0x000000000800010c       0x40 c:/st/stm32cubeide_1.7.0/stm32cubeide/plugins/com.st.stm32cube.ide.mcu.externaltools.gnu-tools-for-stm32.9-2020-q2-update.win32_2.0.0.202105311346/tools/bin/../lib/gcc/arm-none-eabi/9.3.1/thumb/v7-m/nofp/crtbegin.o
 *(.text*)
 .text.isButtonPress
                0x000000000800014c       0x34 ./Core/Src/button.o
                0x000000000800014c                isButtonPress
 .text.isButtonLongPress
                0x0000000008000180       0x28 ./Core/Src/button.o
                0x0000000008000180                isButtonLongPress
 .text.button_read
                0x00000000080001a8      0x158 ./Core/Src/button.o
                0x00000000080001a8                button_read
 .text.buzzer   0x0000000008000300       0x20 ./Core/Src/buzzer.o
                0x0000000008000300                buzzer
 .text.fsm_auto_run
                0x0000000008000320      0x358 ./Core/Src/fsm_auto.o
                0x0000000008000320                fsm_auto_run
 .text.fsm_manual_run
                0x0000000008000678      0x39c ./Core/Src/fsm_manual.o
                0x0000000008000678                fsm_manual_run
 .text.fsm_pedes_run
                0x0000000008000a14       0xe0 ./Core/Src/fsm_pedes.o
                0x0000000008000a14                fsm_pedes_run
 .text.fsm_tuning_run
                0x0000000008000af4      0x388 ./Core/Src/fsm_tuning.o
                0x0000000008000af4                fsm_tuning_run
 .text.setLEDRED1
                0x0000000008000e7c       0x28 ./Core/Src/led_traffic.o
                0x0000000008000e7c                setLEDRED1
 .text.setLEDYELLOW1
                0x0000000008000ea4       0x28 ./Core/Src/led_traffic.o
                0x0000000008000ea4                setLEDYELLOW1
 .text.setLEDGREEN1
                0x0000000008000ecc       0x28 ./Core/Src/led_traffic.o
                0x0000000008000ecc                setLEDGREEN1
 .text.setLEDRED2
                0x0000000008000ef4       0x20 ./Core/Src/led_traffic.o
                0x0000000008000ef4                setLEDRED2
 .text.setLEDYELLOW2
                0x0000000008000f14       0x20 ./Core/Src/led_traffic.o
                0x0000000008000f14                setLEDYELLOW2
 .text.setLEDGREEN2
                0x0000000008000f34       0x20 ./Core/Src/led_traffic.o
                0x0000000008000f34                setLEDGREEN2
 .text.setLEDRED3
                0x0000000008000f54       0x28 ./Core/Src/led_traffic.o
                0x0000000008000f54                setLEDRED3
 .text.setLEDYELLOW3
                0x0000000008000f7c       0x28 ./Core/Src/led_traffic.o
                0x0000000008000f7c                setLEDYELLOW3
 .text.setLEDGREEN3
                0x0000000008000fa4       0x28 ./Core/Src/led_traffic.o
                0x0000000008000fa4                setLEDGREEN3
 .text.clearLED1
                0x0000000008000fcc       0x28 ./Core/Src/led_traffic.o
                0x0000000008000fcc                clearLED1
 .text.clearLED2
                0x0000000008000ff4       0x20 ./Core/Src/led_traffic.o
                0x0000000008000ff4                clearLED2
 .text.clearLED3
                0x0000000008001014       0x28 ./Core/Src/led_traffic.o
                0x0000000008001014                clearLED3
 .text.HAL_UART_RxCpltCallback
                0x000000000800103c       0x3c ./Core/Src/main.o
                0x000000000800103c                HAL_UART_RxCpltCallback
 .text.main     0x0000000008001078       0x60 ./Core/Src/main.o
                0x0000000008001078                main
 .text.SystemClock_Config
                0x00000000080010d8       0x82 ./Core/Src/main.o
                0x00000000080010d8                SystemClock_Config
 *fill*         0x000000000800115a        0x2 
 .text.MX_TIM2_Init
                0x000000000800115c       0x98 ./Core/Src/main.o
 .text.MX_TIM3_Init
                0x00000000080011f4       0xec ./Core/Src/main.o
 .text.MX_USART2_UART_Init
                0x00000000080012e0       0x54 ./Core/Src/main.o
 .text.MX_GPIO_Init
                0x0000000008001334       0xdc ./Core/Src/main.o
 .text.HAL_TIM_PeriodElapsedCallback
                0x0000000008001410       0x18 ./Core/Src/main.o
                0x0000000008001410                HAL_TIM_PeriodElapsedCallback
 .text.Error_Handler
                0x0000000008001428        0xa ./Core/Src/main.o
                0x0000000008001428                Error_Handler
 *fill*         0x0000000008001432        0x2 
 .text.setTimer1
                0x0000000008001434       0x38 ./Core/Src/software_timer.o
                0x0000000008001434                setTimer1
 .text.setTimer2
                0x000000000800146c       0x38 ./Core/Src/software_timer.o
                0x000000000800146c                setTimer2
 .text.setTimer3
                0x00000000080014a4       0x38 ./Core/Src/software_timer.o
                0x00000000080014a4                setTimer3
 .text.setTimer4
                0x00000000080014dc       0x38 ./Core/Src/software_timer.o
                0x00000000080014dc                setTimer4
 .text.timerRun
                0x0000000008001514       0xac ./Core/Src/software_timer.o
                0x0000000008001514                timerRun
 .text.HAL_MspInit
                0x00000000080015c0       0x64 ./Core/Src/stm32f1xx_hal_msp.o
                0x00000000080015c0                HAL_MspInit
 .text.HAL_TIM_Base_MspInit
                0x0000000008001624       0x70 ./Core/Src/stm32f1xx_hal_msp.o
                0x0000000008001624                HAL_TIM_Base_MspInit
 .text.HAL_TIM_MspPostInit
                0x0000000008001694       0x64 ./Core/Src/stm32f1xx_hal_msp.o
                0x0000000008001694                HAL_TIM_MspPostInit
 .text.HAL_UART_MspInit
                0x00000000080016f8       0xa4 ./Core/Src/stm32f1xx_hal_msp.o
                0x00000000080016f8                HAL_UART_MspInit
 .text.NMI_Handler
                0x000000000800179c        0x6 ./Core/Src/stm32f1xx_it.o
                0x000000000800179c                NMI_Handler
 .text.HardFault_Handler
                0x00000000080017a2        0x6 ./Core/Src/stm32f1xx_it.o
                0x00000000080017a2                HardFault_Handler
 .text.MemManage_Handler
                0x00000000080017a8        0x6 ./Core/Src/stm32f1xx_it.o
                0x00000000080017a8                MemManage_Handler
 .text.BusFault_Handler
                0x00000000080017ae        0x6 ./Core/Src/stm32f1xx_it.o
                0x00000000080017ae                BusFault_Handler
 .text.UsageFault_Handler
                0x00000000080017b4        0x6 ./Core/Src/stm32f1xx_it.o
                0x00000000080017b4                UsageFault_Handler
 .text.SVC_Handler
                0x00000000080017ba        0xc ./Core/Src/stm32f1xx_it.o
                0x00000000080017ba                SVC_Handler
 .text.DebugMon_Handler
                0x00000000080017c6        0xc ./Core/Src/stm32f1xx_it.o
                0x00000000080017c6                DebugMon_Handler
 .text.PendSV_Handler
                0x00000000080017d2        0xc ./Core/Src/stm32f1xx_it.o
                0x00000000080017d2                PendSV_Handler
 .text.SysTick_Handler
                0x00000000080017de        0xc ./Core/Src/stm32f1xx_it.o
                0x00000000080017de                SysTick_Handler
 *fill*         0x00000000080017ea        0x2 
 .text.TIM2_IRQHandler
                0x00000000080017ec       0x14 ./Core/Src/stm32f1xx_it.o
                0x00000000080017ec                TIM2_IRQHandler
 .text.USART2_IRQHandler
                0x0000000008001800       0x14 ./Core/Src/stm32f1xx_it.o
                0x0000000008001800                USART2_IRQHandler
 .text._sbrk    0x0000000008001814       0x6c ./Core/Src/sysmem.o
                0x0000000008001814                _sbrk
 .text.SystemInit
                0x0000000008001880        0xc ./Core/Src/system_stm32f1xx.o
                0x0000000008001880                SystemInit
 .text.send_info
                0x000000000800188c       0x7c ./Core/Src/transmit_info.o
                0x000000000800188c                send_info
 .text.Reset_Handler
                0x0000000008001908       0x48 ./Core/Startup/startup_stm32f103rbtx.o
                0x0000000008001908                Reset_Handler
 .text.Default_Handler
                0x0000000008001950        0x2 ./Core/Startup/startup_stm32f103rbtx.o
                0x0000000008001950                RTC_Alarm_IRQHandler
                0x0000000008001950                EXTI2_IRQHandler
                0x0000000008001950                TIM1_CC_IRQHandler
                0x0000000008001950                PVD_IRQHandler
                0x0000000008001950                EXTI3_IRQHandler
                0x0000000008001950                EXTI0_IRQHandler
                0x0000000008001950                I2C2_EV_IRQHandler
                0x0000000008001950                ADC1_2_IRQHandler
                0x0000000008001950                SPI1_IRQHandler
                0x0000000008001950                TAMPER_IRQHandler
                0x0000000008001950                DMA1_Channel4_IRQHandler
                0x0000000008001950                USART3_IRQHandler
                0x0000000008001950                RTC_IRQHandler
                0x0000000008001950                DMA1_Channel7_IRQHandler
                0x0000000008001950                CAN1_RX1_IRQHandler
                0x0000000008001950                TIM4_IRQHandler
                0x0000000008001950                I2C1_EV_IRQHandler
                0x0000000008001950                DMA1_Channel6_IRQHandler
                0x0000000008001950                TIM3_IRQHandler
                0x0000000008001950                RCC_IRQHandler
                0x0000000008001950                TIM1_TRG_COM_IRQHandler
                0x0000000008001950                DMA1_Channel1_IRQHandler
                0x0000000008001950                Default_Handler
                0x0000000008001950                EXTI15_10_IRQHandler
                0x0000000008001950                EXTI9_5_IRQHandler
                0x0000000008001950                SPI2_IRQHandler
                0x0000000008001950                DMA1_Channel5_IRQHandler
                0x0000000008001950                EXTI4_IRQHandler
                0x0000000008001950                USB_LP_CAN1_RX0_IRQHandler
                0x0000000008001950                USB_HP_CAN1_TX_IRQHandler
                0x0000000008001950                DMA1_Channel3_IRQHandler
                0x0000000008001950                TIM1_UP_IRQHandler
                0x0000000008001950                WWDG_IRQHandler
                0x0000000008001950                TIM1_BRK_IRQHandler
                0x0000000008001950                EXTI1_IRQHandler
                0x0000000008001950                I2C2_ER_IRQHandler
                0x0000000008001950                DMA1_Channel2_IRQHandler
                0x0000000008001950                CAN1_SCE_IRQHandler
                0x0000000008001950                FLASH_IRQHandler
                0x0000000008001950                USART1_IRQHandler
                0x0000000008001950                I2C1_ER_IRQHandler
                0x0000000008001950                USBWakeUp_IRQHandler
 *fill*         0x0000000008001952        0x2 
 .text.HAL_Init
                0x0000000008001954       0x2c ./Drivers/STM32F1xx_HAL_Driver/Src/stm32f1xx_hal.o
                0x0000000008001954                HAL_Init
 .text.HAL_InitTick
                0x0000000008001980       0x60 ./Drivers/STM32F1xx_HAL_Driver/Src/stm32f1xx_hal.o
                0x0000000008001980                HAL_InitTick
 .text.HAL_IncTick
                0x00000000080019e0       0x24 ./Drivers/STM32F1xx_HAL_Driver/Src/stm32f1xx_hal.o
                0x00000000080019e0                HAL_IncTick
 .text.HAL_GetTick
                0x0000000008001a04       0x14 ./Drivers/STM32F1xx_HAL_Driver/Src/stm32f1xx_hal.o
                0x0000000008001a04                HAL_GetTick
 .text.__NVIC_SetPriorityGrouping
                0x0000000008001a18       0x48 ./Drivers/STM32F1xx_HAL_Driver/Src/stm32f1xx_hal_cortex.o
 .text.__NVIC_GetPriorityGrouping
                0x0000000008001a60       0x1c ./Drivers/STM32F1xx_HAL_Driver/Src/stm32f1xx_hal_cortex.o
 .text.__NVIC_EnableIRQ
                0x0000000008001a7c       0x38 ./Drivers/STM32F1xx_HAL_Driver/Src/stm32f1xx_hal_cortex.o
 .text.__NVIC_SetPriority
                0x0000000008001ab4       0x54 ./Drivers/STM32F1xx_HAL_Driver/Src/stm32f1xx_hal_cortex.o
 .text.NVIC_EncodePriority
                0x0000000008001b08       0x64 ./Drivers/STM32F1xx_HAL_Driver/Src/stm32f1xx_hal_cortex.o
 .text.SysTick_Config
                0x0000000008001b6c       0x44 ./Drivers/STM32F1xx_HAL_Driver/Src/stm32f1xx_hal_cortex.o
 .text.HAL_NVIC_SetPriorityGrouping
                0x0000000008001bb0       0x16 ./Drivers/STM32F1xx_HAL_Driver/Src/stm32f1xx_hal_cortex.o
                0x0000000008001bb0                HAL_NVIC_SetPriorityGrouping
 .text.HAL_NVIC_SetPriority
                0x0000000008001bc6       0x38 ./Drivers/STM32F1xx_HAL_Driver/Src/stm32f1xx_hal_cortex.o
                0x0000000008001bc6                HAL_NVIC_SetPriority
 .text.HAL_NVIC_EnableIRQ
                0x0000000008001bfe       0x1c ./Drivers/STM32F1xx_HAL_Driver/Src/stm32f1xx_hal_cortex.o
                0x0000000008001bfe                HAL_NVIC_EnableIRQ
 .text.HAL_SYSTICK_Config
                0x0000000008001c1a       0x18 ./Drivers/STM32F1xx_HAL_Driver/Src/stm32f1xx_hal_cortex.o
                0x0000000008001c1a                HAL_SYSTICK_Config
 .text.HAL_DMA_Abort
                0x0000000008001c32       0x74 ./Drivers/STM32F1xx_HAL_Driver/Src/stm32f1xx_hal_dma.o
                0x0000000008001c32                HAL_DMA_Abort
 *fill*         0x0000000008001ca6        0x2 
 .text.HAL_DMA_Abort_IT
                0x0000000008001ca8       0xec ./Drivers/STM32F1xx_HAL_Driver/Src/stm32f1xx_hal_dma.o
                0x0000000008001ca8                HAL_DMA_Abort_IT
 .text.HAL_GPIO_Init
                0x0000000008001d94      0x308 ./Drivers/STM32F1xx_HAL_Driver/Src/stm32f1xx_hal_gpio.o
                0x0000000008001d94                HAL_GPIO_Init
 .text.HAL_GPIO_ReadPin
                0x000000000800209c       0x2e ./Drivers/STM32F1xx_HAL_Driver/Src/stm32f1xx_hal_gpio.o
                0x000000000800209c                HAL_GPIO_ReadPin
 .text.HAL_GPIO_WritePin
                0x00000000080020ca       0x30 ./Drivers/STM32F1xx_HAL_Driver/Src/stm32f1xx_hal_gpio.o
                0x00000000080020ca                HAL_GPIO_WritePin
 *fill*         0x00000000080020fa        0x2 
 .text.HAL_RCC_OscConfig
                0x00000000080020fc      0x500 ./Drivers/STM32F1xx_HAL_Driver/Src/stm32f1xx_hal_rcc.o
                0x00000000080020fc                HAL_RCC_OscConfig
 .text.HAL_RCC_ClockConfig
                0x00000000080025fc      0x1d4 ./Drivers/STM32F1xx_HAL_Driver/Src/stm32f1xx_hal_rcc.o
                0x00000000080025fc                HAL_RCC_ClockConfig
 .text.HAL_RCC_GetSysClockFreq
                0x00000000080027d0       0xc0 ./Drivers/STM32F1xx_HAL_Driver/Src/stm32f1xx_hal_rcc.o
                0x00000000080027d0                HAL_RCC_GetSysClockFreq
 .text.HAL_RCC_GetHCLKFreq
                0x0000000008002890       0x14 ./Drivers/STM32F1xx_HAL_Driver/Src/stm32f1xx_hal_rcc.o
                0x0000000008002890                HAL_RCC_GetHCLKFreq
 .text.HAL_RCC_GetPCLK1Freq
                0x00000000080028a4       0x28 ./Drivers/STM32F1xx_HAL_Driver/Src/stm32f1xx_hal_rcc.o
                0x00000000080028a4                HAL_RCC_GetPCLK1Freq
 .text.HAL_RCC_GetPCLK2Freq
                0x00000000080028cc       0x28 ./Drivers/STM32F1xx_HAL_Driver/Src/stm32f1xx_hal_rcc.o
                0x00000000080028cc                HAL_RCC_GetPCLK2Freq
 .text.RCC_Delay
                0x00000000080028f4       0x3c ./Drivers/STM32F1xx_HAL_Driver/Src/stm32f1xx_hal_rcc.o
 .text.HAL_TIM_Base_Init
                0x0000000008002930       0x9e ./Drivers/STM32F1xx_HAL_Driver/Src/stm32f1xx_hal_tim.o
                0x0000000008002930                HAL_TIM_Base_Init
 *fill*         0x00000000080029ce        0x2 
 .text.HAL_TIM_Base_Start_IT
                0x00000000080029d0       0xa4 ./Drivers/STM32F1xx_HAL_Driver/Src/stm32f1xx_hal_tim.o
                0x00000000080029d0                HAL_TIM_Base_Start_IT
 .text.HAL_TIM_PWM_Init
                0x0000000008002a74       0x9e ./Drivers/STM32F1xx_HAL_Driver/Src/stm32f1xx_hal_tim.o
                0x0000000008002a74                HAL_TIM_PWM_Init
 .text.HAL_TIM_PWM_MspInit
                0x0000000008002b12       0x12 ./Drivers/STM32F1xx_HAL_Driver/Src/stm32f1xx_hal_tim.o
                0x0000000008002b12                HAL_TIM_PWM_MspInit
 .text.HAL_TIM_PWM_Start
                0x0000000008002b24      0x144 ./Drivers/STM32F1xx_HAL_Driver/Src/stm32f1xx_hal_tim.o
                0x0000000008002b24                HAL_TIM_PWM_Start
 .text.HAL_TIM_IRQHandler
                0x0000000008002c68      0x210 ./Drivers/STM32F1xx_HAL_Driver/Src/stm32f1xx_hal_tim.o
                0x0000000008002c68                HAL_TIM_IRQHandler
 .text.HAL_TIM_PWM_ConfigChannel
                0x0000000008002e78      0x17c ./Drivers/STM32F1xx_HAL_Driver/Src/stm32f1xx_hal_tim.o
                0x0000000008002e78                HAL_TIM_PWM_ConfigChannel
 .text.HAL_TIM_ConfigClockSource
                0x0000000008002ff4      0x188 ./Drivers/STM32F1xx_HAL_Driver/Src/stm32f1xx_hal_tim.o
                0x0000000008002ff4                HAL_TIM_ConfigClockSource
 .text.HAL_TIM_OC_DelayElapsedCallback
                0x000000000800317c       0x12 ./Drivers/STM32F1xx_HAL_Driver/Src/stm32f1xx_hal_tim.o
                0x000000000800317c                HAL_TIM_OC_DelayElapsedCallback
 .text.HAL_TIM_IC_CaptureCallback
                0x000000000800318e       0x12 ./Drivers/STM32F1xx_HAL_Driver/Src/stm32f1xx_hal_tim.o
                0x000000000800318e                HAL_TIM_IC_CaptureCallback
 .text.HAL_TIM_PWM_PulseFinishedCallback
                0x00000000080031a0       0x12 ./Drivers/STM32F1xx_HAL_Driver/Src/stm32f1xx_hal_tim.o
                0x00000000080031a0                HAL_TIM_PWM_PulseFinishedCallback
 .text.HAL_TIM_TriggerCallback
                0x00000000080031b2       0x12 ./Drivers/STM32F1xx_HAL_Driver/Src/stm32f1xx_hal_tim.o
                0x00000000080031b2                HAL_TIM_TriggerCallback
 .text.TIM_Base_SetConfig
                0x00000000080031c4       0xc4 ./Drivers/STM32F1xx_HAL_Driver/Src/stm32f1xx_hal_tim.o
                0x00000000080031c4                TIM_Base_SetConfig
 .text.TIM_OC1_SetConfig
                0x0000000008003288       0xcc ./Drivers/STM32F1xx_HAL_Driver/Src/stm32f1xx_hal_tim.o
 .text.TIM_OC2_SetConfig
                0x0000000008003354       0xd4 ./Drivers/STM32F1xx_HAL_Driver/Src/stm32f1xx_hal_tim.o
                0x0000000008003354                TIM_OC2_SetConfig
 .text.TIM_OC3_SetConfig
                0x0000000008003428       0xd4 ./Drivers/STM32F1xx_HAL_Driver/Src/stm32f1xx_hal_tim.o
 .text.TIM_OC4_SetConfig
                0x00000000080034fc       0x9c ./Drivers/STM32F1xx_HAL_Driver/Src/stm32f1xx_hal_tim.o
 .text.TIM_TI1_ConfigInputStage
                0x0000000008003598       0x5c ./Drivers/STM32F1xx_HAL_Driver/Src/stm32f1xx_hal_tim.o
 .text.TIM_TI2_ConfigInputStage
                0x00000000080035f4       0x5e ./Drivers/STM32F1xx_HAL_Driver/Src/stm32f1xx_hal_tim.o
 .text.TIM_ITRx_SetConfig
                0x0000000008003652       0x34 ./Drivers/STM32F1xx_HAL_Driver/Src/stm32f1xx_hal_tim.o
 .text.TIM_ETR_SetConfig
                0x0000000008003686       0x3e ./Drivers/STM32F1xx_HAL_Driver/Src/stm32f1xx_hal_tim.o
                0x0000000008003686                TIM_ETR_SetConfig
 .text.TIM_CCxChannelCmd
                0x00000000080036c4       0x48 ./Drivers/STM32F1xx_HAL_Driver/Src/stm32f1xx_hal_tim.o
                0x00000000080036c4                TIM_CCxChannelCmd
 .text.HAL_TIMEx_MasterConfigSynchronization
                0x000000000800370c       0xbc ./Drivers/STM32F1xx_HAL_Driver/Src/stm32f1xx_hal_tim_ex.o
                0x000000000800370c                HAL_TIMEx_MasterConfigSynchronization
 .text.HAL_TIMEx_CommutCallback
                0x00000000080037c8       0x12 ./Drivers/STM32F1xx_HAL_Driver/Src/stm32f1xx_hal_tim_ex.o
                0x00000000080037c8                HAL_TIMEx_CommutCallback
 .text.HAL_TIMEx_BreakCallback
                0x00000000080037da       0x12 ./Drivers/STM32F1xx_HAL_Driver/Src/stm32f1xx_hal_tim_ex.o
                0x00000000080037da                HAL_TIMEx_BreakCallback
 .text.HAL_UART_Init
                0x00000000080037ec       0x9a ./Drivers/STM32F1xx_HAL_Driver/Src/stm32f1xx_hal_uart.o
                0x00000000080037ec                HAL_UART_Init
 .text.HAL_UART_Transmit
                0x0000000008003886      0x124 ./Drivers/STM32F1xx_HAL_Driver/Src/stm32f1xx_hal_uart.o
                0x0000000008003886                HAL_UART_Transmit
 .text.HAL_UART_Receive_IT
                0x00000000080039aa       0x60 ./Drivers/STM32F1xx_HAL_Driver/Src/stm32f1xx_hal_uart.o
                0x00000000080039aa                HAL_UART_Receive_IT
 *fill*         0x0000000008003a0a        0x2 
 .text.HAL_UART_IRQHandler
                0x0000000008003a0c      0x354 ./Drivers/STM32F1xx_HAL_Driver/Src/stm32f1xx_hal_uart.o
                0x0000000008003a0c                HAL_UART_IRQHandler
 .text.HAL_UART_TxCpltCallback
                0x0000000008003d60       0x12 ./Drivers/STM32F1xx_HAL_Driver/Src/stm32f1xx_hal_uart.o
                0x0000000008003d60                HAL_UART_TxCpltCallback
 .text.HAL_UART_ErrorCallback
                0x0000000008003d72       0x12 ./Drivers/STM32F1xx_HAL_Driver/Src/stm32f1xx_hal_uart.o
                0x0000000008003d72                HAL_UART_ErrorCallback
 .text.HAL_UARTEx_RxEventCallback
                0x0000000008003d84       0x16 ./Drivers/STM32F1xx_HAL_Driver/Src/stm32f1xx_hal_uart.o
                0x0000000008003d84                HAL_UARTEx_RxEventCallback
 .text.UART_WaitOnFlagUntilTimeout
                0x0000000008003d9a       0x94 ./Drivers/STM32F1xx_HAL_Driver/Src/stm32f1xx_hal_uart.o
 .text.UART_Start_Receive_IT
                0x0000000008003e2e       0x72 ./Drivers/STM32F1xx_HAL_Driver/Src/stm32f1xx_hal_uart.o
                0x0000000008003e2e                UART_Start_Receive_IT
 .text.UART_EndRxTransfer
                0x0000000008003ea0       0x58 ./Drivers/STM32F1xx_HAL_Driver/Src/stm32f1xx_hal_uart.o
 .text.UART_DMAAbortOnError
                0x0000000008003ef8       0x28 ./Drivers/STM32F1xx_HAL_Driver/Src/stm32f1xx_hal_uart.o
 .text.UART_Transmit_IT
                0x0000000008003f20       0x9e ./Drivers/STM32F1xx_HAL_Driver/Src/stm32f1xx_hal_uart.o
 .text.UART_EndTransmit_IT
                0x0000000008003fbe       0x30 ./Drivers/STM32F1xx_HAL_Driver/Src/stm32f1xx_hal_uart.o
 .text.UART_Receive_IT
                0x0000000008003fee      0x152 ./Drivers/STM32F1xx_HAL_Driver/Src/stm32f1xx_hal_uart.o
 .text.UART_SetConfig
                0x0000000008004140      0x11c ./Drivers/STM32F1xx_HAL_Driver/Src/stm32f1xx_hal_uart.o
 .text.__errno  0x000000000800425c        0xc c:/st/stm32cubeide_1.7.0/stm32cubeide/plugins/com.st.stm32cube.ide.mcu.externaltools.gnu-tools-for-stm32.9-2020-q2-update.win32_2.0.0.202105311346/tools/bin/../lib/gcc/arm-none-eabi/9.3.1/../../../../arm-none-eabi/lib/thumb/v7-m/nofp\libc_nano.a(lib_a-errno.o)
                0x000000000800425c                __errno
 .text.__libc_init_array
                0x0000000008004268       0x48 c:/st/stm32cubeide_1.7.0/stm32cubeide/plugins/com.st.stm32cube.ide.mcu.externaltools.gnu-tools-for-stm32.9-2020-q2-update.win32_2.0.0.202105311346/tools/bin/../lib/gcc/arm-none-eabi/9.3.1/../../../../arm-none-eabi/lib/thumb/v7-m/nofp\libc_nano.a(lib_a-init.o)
                0x0000000008004268                __libc_init_array
 .text.memset   0x00000000080042b0       0x10 c:/st/stm32cubeide_1.7.0/stm32cubeide/plugins/com.st.stm32cube.ide.mcu.externaltools.gnu-tools-for-stm32.9-2020-q2-update.win32_2.0.0.202105311346/tools/bin/../lib/gcc/arm-none-eabi/9.3.1/../../../../arm-none-eabi/lib/thumb/v7-m/nofp\libc_nano.a(lib_a-memset.o)
                0x00000000080042b0                memset
 .text.sprintf  0x00000000080042c0       0x40 c:/st/stm32cubeide_1.7.0/stm32cubeide/plugins/com.st.stm32cube.ide.mcu.externaltools.gnu-tools-for-stm32.9-2020-q2-update.win32_2.0.0.202105311346/tools/bin/../lib/gcc/arm-none-eabi/9.3.1/../../../../arm-none-eabi/lib/thumb/v7-m/nofp\libc_nano.a(lib_a-sprintf.o)
                0x00000000080042c0                siprintf
                0x00000000080042c0                sprintf
 .text.__ssputs_r
                0x0000000008004300       0xb6 c:/st/stm32cubeide_1.7.0/stm32cubeide/plugins/com.st.stm32cube.ide.mcu.externaltools.gnu-tools-for-stm32.9-2020-q2-update.win32_2.0.0.202105311346/tools/bin/../lib/gcc/arm-none-eabi/9.3.1/../../../../arm-none-eabi/lib/thumb/v7-m/nofp\libc_nano.a(lib_a-nano-svfprintf.o)
                0x0000000008004300                __ssputs_r
 *fill*         0x00000000080043b6        0x2 
 .text._svfprintf_r
                0x00000000080043b8      0x200 c:/st/stm32cubeide_1.7.0/stm32cubeide/plugins/com.st.stm32cube.ide.mcu.externaltools.gnu-tools-for-stm32.9-2020-q2-update.win32_2.0.0.202105311346/tools/bin/../lib/gcc/arm-none-eabi/9.3.1/../../../../arm-none-eabi/lib/thumb/v7-m/nofp\libc_nano.a(lib_a-nano-svfprintf.o)
                0x00000000080043b8                _svfiprintf_r
                0x00000000080043b8                _svfprintf_r
 .text._printf_common
                0x00000000080045b8       0xde c:/st/stm32cubeide_1.7.0/stm32cubeide/plugins/com.st.stm32cube.ide.mcu.externaltools.gnu-tools-for-stm32.9-2020-q2-update.win32_2.0.0.202105311346/tools/bin/../lib/gcc/arm-none-eabi/9.3.1/../../../../arm-none-eabi/lib/thumb/v7-m/nofp\libc_nano.a(lib_a-nano-vfprintf_i.o)
                0x00000000080045b8                _printf_common
 *fill*         0x0000000008004696        0x2 
 .text._printf_i
                0x0000000008004698      0x24c c:/st/stm32cubeide_1.7.0/stm32cubeide/plugins/com.st.stm32cube.ide.mcu.externaltools.gnu-tools-for-stm32.9-2020-q2-update.win32_2.0.0.202105311346/tools/bin/../lib/gcc/arm-none-eabi/9.3.1/../../../../arm-none-eabi/lib/thumb/v7-m/nofp\libc_nano.a(lib_a-nano-vfprintf_i.o)
                0x0000000008004698                _printf_i
 .text.memchr   0x00000000080048e4       0x1c c:/st/stm32cubeide_1.7.0/stm32cubeide/plugins/com.st.stm32cube.ide.mcu.externaltools.gnu-tools-for-stm32.9-2020-q2-update.win32_2.0.0.202105311346/tools/bin/../lib/gcc/arm-none-eabi/9.3.1/../../../../arm-none-eabi/lib/thumb/v7-m/nofp\libc_nano.a(lib_a-memchr-stub.o)
                0x00000000080048e4                memchr
 .text.memcpy   0x0000000008004900       0x1c c:/st/stm32cubeide_1.7.0/stm32cubeide/plugins/com.st.stm32cube.ide.mcu.externaltools.gnu-tools-for-stm32.9-2020-q2-update.win32_2.0.0.202105311346/tools/bin/../lib/gcc/arm-none-eabi/9.3.1/../../../../arm-none-eabi/lib/thumb/v7-m/nofp\libc_nano.a(lib_a-memcpy-stub.o)
                0x0000000008004900                memcpy
 .text.memmove  0x000000000800491c       0x34 c:/st/stm32cubeide_1.7.0/stm32cubeide/plugins/com.st.stm32cube.ide.mcu.externaltools.gnu-tools-for-stm32.9-2020-q2-update.win32_2.0.0.202105311346/tools/bin/../lib/gcc/arm-none-eabi/9.3.1/../../../../arm-none-eabi/lib/thumb/v7-m/nofp\libc_nano.a(lib_a-memmove.o)
                0x000000000800491c                memmove
 .text._free_r  0x0000000008004950       0x98 c:/st/stm32cubeide_1.7.0/stm32cubeide/plugins/com.st.stm32cube.ide.mcu.externaltools.gnu-tools-for-stm32.9-2020-q2-update.win32_2.0.0.202105311346/tools/bin/../lib/gcc/arm-none-eabi/9.3.1/../../../../arm-none-eabi/lib/thumb/v7-m/nofp\libc_nano.a(lib_a-nano-freer.o)
                0x0000000008004950                _free_r
 .text._malloc_r
                0x00000000080049e8       0xb4 c:/st/stm32cubeide_1.7.0/stm32cubeide/plugins/com.st.stm32cube.ide.mcu.externaltools.gnu-tools-for-stm32.9-2020-q2-update.win32_2.0.0.202105311346/tools/bin/../lib/gcc/arm-none-eabi/9.3.1/../../../../arm-none-eabi/lib/thumb/v7-m/nofp\libc_nano.a(lib_a-nano-mallocr.o)
                0x00000000080049e8                _malloc_r
 .text._realloc_r
                0x0000000008004a9c       0x4c c:/st/stm32cubeide_1.7.0/stm32cubeide/plugins/com.st.stm32cube.ide.mcu.externaltools.gnu-tools-for-stm32.9-2020-q2-update.win32_2.0.0.202105311346/tools/bin/../lib/gcc/arm-none-eabi/9.3.1/../../../../arm-none-eabi/lib/thumb/v7-m/nofp\libc_nano.a(lib_a-nano-reallocr.o)
                0x0000000008004a9c                _realloc_r
 .text._sbrk_r  0x0000000008004ae8       0x20 c:/st/stm32cubeide_1.7.0/stm32cubeide/plugins/com.st.stm32cube.ide.mcu.externaltools.gnu-tools-for-stm32.9-2020-q2-update.win32_2.0.0.202105311346/tools/bin/../lib/gcc/arm-none-eabi/9.3.1/../../../../arm-none-eabi/lib/thumb/v7-m/nofp\libc_nano.a(lib_a-sbrkr.o)
                0x0000000008004ae8                _sbrk_r
 .text.__malloc_lock
                0x0000000008004b08        0xc c:/st/stm32cubeide_1.7.0/stm32cubeide/plugins/com.st.stm32cube.ide.mcu.externaltools.gnu-tools-for-stm32.9-2020-q2-update.win32_2.0.0.202105311346/tools/bin/../lib/gcc/arm-none-eabi/9.3.1/../../../../arm-none-eabi/lib/thumb/v7-m/nofp\libc_nano.a(lib_a-mlock.o)
                0x0000000008004b08                __malloc_lock
 .text.__malloc_unlock
                0x0000000008004b14        0xc c:/st/stm32cubeide_1.7.0/stm32cubeide/plugins/com.st.stm32cube.ide.mcu.externaltools.gnu-tools-for-stm32.9-2020-q2-update.win32_2.0.0.202105311346/tools/bin/../lib/gcc/arm-none-eabi/9.3.1/../../../../arm-none-eabi/lib/thumb/v7-m/nofp\libc_nano.a(lib_a-mlock.o)
                0x0000000008004b14                __malloc_unlock
 .text._malloc_usable_size_r
                0x0000000008004b20       0x10 c:/st/stm32cubeide_1.7.0/stm32cubeide/plugins/com.st.stm32cube.ide.mcu.externaltools.gnu-tools-for-stm32.9-2020-q2-update.win32_2.0.0.202105311346/tools/bin/../lib/gcc/arm-none-eabi/9.3.1/../../../../arm-none-eabi/lib/thumb/v7-m/nofp\libc_nano.a(lib_a-nano-msizer.o)
                0x0000000008004b20                _malloc_usable_size_r
 .text.__retarget_lock_acquire_recursive
                0x0000000008004b30        0x2 c:/st/stm32cubeide_1.7.0/stm32cubeide/plugins/com.st.stm32cube.ide.mcu.externaltools.gnu-tools-for-stm32.9-2020-q2-update.win32_2.0.0.202105311346/tools/bin/../lib/gcc/arm-none-eabi/9.3.1/../../../../arm-none-eabi/lib/thumb/v7-m/nofp\libc_nano.a(lib_a-lock.o)
                0x0000000008004b30                __retarget_lock_acquire_recursive
 .text.__retarget_lock_release_recursive
                0x0000000008004b32        0x2 c:/st/stm32cubeide_1.7.0/stm32cubeide/plugins/com.st.stm32cube.ide.mcu.externaltools.gnu-tools-for-stm32.9-2020-q2-update.win32_2.0.0.202105311346/tools/bin/../lib/gcc/arm-none-eabi/9.3.1/../../../../arm-none-eabi/lib/thumb/v7-m/nofp\libc_nano.a(lib_a-lock.o)
                0x0000000008004b32                __retarget_lock_release_recursive
 *(.glue_7)
 .glue_7        0x0000000008004b34        0x0 linker stubs
 *(.glue_7t)
 .glue_7t       0x0000000008004b34        0x0 linker stubs
 *(.eh_frame)
 .eh_frame      0x0000000008004b34        0x0 c:/st/stm32cubeide_1.7.0/stm32cubeide/plugins/com.st.stm32cube.ide.mcu.externaltools.gnu-tools-for-stm32.9-2020-q2-update.win32_2.0.0.202105311346/tools/bin/../lib/gcc/arm-none-eabi/9.3.1/thumb/v7-m/nofp/crtbegin.o
 *(.init)
 .init          0x0000000008004b34        0x4 c:/st/stm32cubeide_1.7.0/stm32cubeide/plugins/com.st.stm32cube.ide.mcu.externaltools.gnu-tools-for-stm32.9-2020-q2-update.win32_2.0.0.202105311346/tools/bin/../lib/gcc/arm-none-eabi/9.3.1/thumb/v7-m/nofp/crti.o
                0x0000000008004b34                _init
 .init          0x0000000008004b38        0x8 c:/st/stm32cubeide_1.7.0/stm32cubeide/plugins/com.st.stm32cube.ide.mcu.externaltools.gnu-tools-for-stm32.9-2020-q2-update.win32_2.0.0.202105311346/tools/bin/../lib/gcc/arm-none-eabi/9.3.1/thumb/v7-m/nofp/crtn.o
 *(.fini)
 .fini          0x0000000008004b40        0x4 c:/st/stm32cubeide_1.7.0/stm32cubeide/plugins/com.st.stm32cube.ide.mcu.externaltools.gnu-tools-for-stm32.9-2020-q2-update.win32_2.0.0.202105311346/tools/bin/../lib/gcc/arm-none-eabi/9.3.1/thumb/v7-m/nofp/crti.o
                0x0000000008004b40                _fini
 .fini          0x0000000008004b44        0x8 c:/st/stm32cubeide_1.7.0/stm32cubeide/plugins/com.st.stm32cube.ide.mcu.externaltools.gnu-tools-for-stm32.9-2020-q2-update.win32_2.0.0.202105311346/tools/bin/../lib/gcc/arm-none-eabi/9.3.1/thumb/v7-m/nofp/crtn.o
                0x0000000008004b4c                . = ALIGN (0x4)
                0x0000000008004b4c                _etext = .

.vfp11_veneer   0x0000000008004b4c        0x0
 .vfp11_veneer  0x0000000008004b4c        0x0 linker stubs

.v4_bx          0x0000000008004b4c        0x0
 .v4_bx         0x0000000008004b4c        0x0 linker stubs

.iplt           0x0000000008004b4c        0x0
 .iplt          0x0000000008004b4c        0x0 c:/st/stm32cubeide_1.7.0/stm32cubeide/plugins/com.st.stm32cube.ide.mcu.externaltools.gnu-tools-for-stm32.9-2020-q2-update.win32_2.0.0.202105311346/tools/bin/../lib/gcc/arm-none-eabi/9.3.1/thumb/v7-m/nofp/crtbegin.o

.rodata         0x0000000008004b4c       0x84
                0x0000000008004b4c                . = ALIGN (0x4)
 *(.rodata)
 .rodata        0x0000000008004b4c       0x27 ./Core/Src/transmit_info.o
 *fill*         0x0000000008004b73        0x1 
 .rodata        0x0000000008004b74       0x10 ./Drivers/STM32F1xx_HAL_Driver/Src/stm32f1xx_hal_rcc.o
 *(.rodata*)
 .rodata.AHBPrescTable
                0x0000000008004b84       0x10 ./Core/Src/system_stm32f1xx.o
                0x0000000008004b84                AHBPrescTable
 .rodata.APBPrescTable
                0x0000000008004b94        0x8 ./Core/Src/system_stm32f1xx.o
                0x0000000008004b94                APBPrescTable
 .rodata._svfprintf_r.str1.1
                0x0000000008004b9c       0x11 c:/st/stm32cubeide_1.7.0/stm32cubeide/plugins/com.st.stm32cube.ide.mcu.externaltools.gnu-tools-for-stm32.9-2020-q2-update.win32_2.0.0.202105311346/tools/bin/../lib/gcc/arm-none-eabi/9.3.1/../../../../arm-none-eabi/lib/thumb/v7-m/nofp\libc_nano.a(lib_a-nano-svfprintf.o)
 .rodata._printf_i.str1.1
                0x0000000008004bad       0x22 c:/st/stm32cubeide_1.7.0/stm32cubeide/plugins/com.st.stm32cube.ide.mcu.externaltools.gnu-tools-for-stm32.9-2020-q2-update.win32_2.0.0.202105311346/tools/bin/../lib/gcc/arm-none-eabi/9.3.1/../../../../arm-none-eabi/lib/thumb/v7-m/nofp\libc_nano.a(lib_a-nano-vfprintf_i.o)
                0x0000000008004bd0                . = ALIGN (0x4)
 *fill*         0x0000000008004bcf        0x1 

.rel.dyn        0x0000000008004bd0        0x0
 .rel.iplt      0x0000000008004bd0        0x0 c:/st/stm32cubeide_1.7.0/stm32cubeide/plugins/com.st.stm32cube.ide.mcu.externaltools.gnu-tools-for-stm32.9-2020-q2-update.win32_2.0.0.202105311346/tools/bin/../lib/gcc/arm-none-eabi/9.3.1/thumb/v7-m/nofp/crtbegin.o

.ARM.extab      0x0000000008004bd0        0x0
                0x0000000008004bd0                . = ALIGN (0x4)
 *(.ARM.extab* .gnu.linkonce.armextab.*)
                0x0000000008004bd0                . = ALIGN (0x4)

.ARM            0x0000000008004bd0        0x0
                0x0000000008004bd0                . = ALIGN (0x4)
                0x0000000008004bd0                __exidx_start = .
 *(.ARM.exidx*)
                0x0000000008004bd0                __exidx_end = .
                0x0000000008004bd0                . = ALIGN (0x4)

.preinit_array  0x0000000008004bd0        0x0
                0x0000000008004bd0                . = ALIGN (0x4)
                0x0000000008004bd0                PROVIDE (__preinit_array_start = .)
 *(.preinit_array*)
                0x0000000008004bd0                PROVIDE (__preinit_array_end = .)
                0x0000000008004bd0                . = ALIGN (0x4)

.init_array     0x0000000008004bd0        0x4
                0x0000000008004bd0                . = ALIGN (0x4)
                0x0000000008004bd0                PROVIDE (__init_array_start = .)
 *(SORT_BY_NAME(.init_array.*))
 *(.init_array*)
 .init_array    0x0000000008004bd0        0x4 c:/st/stm32cubeide_1.7.0/stm32cubeide/plugins/com.st.stm32cube.ide.mcu.externaltools.gnu-tools-for-stm32.9-2020-q2-update.win32_2.0.0.202105311346/tools/bin/../lib/gcc/arm-none-eabi/9.3.1/thumb/v7-m/nofp/crtbegin.o
                0x0000000008004bd4                PROVIDE (__init_array_end = .)
                0x0000000008004bd4                . = ALIGN (0x4)

.fini_array     0x0000000008004bd4        0x4
                0x0000000008004bd4                . = ALIGN (0x4)
                [!provide]                        PROVIDE (__fini_array_start = .)
 *(SORT_BY_NAME(.fini_array.*))
 *(.fini_array*)
 .fini_array    0x0000000008004bd4        0x4 c:/st/stm32cubeide_1.7.0/stm32cubeide/plugins/com.st.stm32cube.ide.mcu.externaltools.gnu-tools-for-stm32.9-2020-q2-update.win32_2.0.0.202105311346/tools/bin/../lib/gcc/arm-none-eabi/9.3.1/thumb/v7-m/nofp/crtbegin.o
                [!provide]                        PROVIDE (__fini_array_end = .)
                0x0000000008004bd8                . = ALIGN (0x4)
                0x0000000008004bd8                _sidata = LOADADDR (.data)

.data           0x0000000020000000       0x94 load address 0x0000000008004bd8
                0x0000000020000000                . = ALIGN (0x4)
                0x0000000020000000                _sdata = .
 *(.data)
 *(.data*)
 .data.red_time_1
                0x0000000020000000        0x4 ./Core/Src/global.o
                0x0000000020000000                red_time_1
 .data.green_time_1
                0x0000000020000004        0x4 ./Core/Src/global.o
                0x0000000020000004                green_time_1
 .data.yellow_time_1
                0x0000000020000008        0x4 ./Core/Src/global.o
                0x0000000020000008                yellow_time_1
 .data.red_time_2
                0x000000002000000c        0x4 ./Core/Src/global.o
                0x000000002000000c                red_time_2
 .data.green_time_2
                0x0000000020000010        0x4 ./Core/Src/global.o
                0x0000000020000010                green_time_2
 .data.yellow_time_2
                0x0000000020000014        0x4 ./Core/Src/global.o
                0x0000000020000014                yellow_time_2
 .data.time_man_mode
                0x0000000020000018        0x4 ./Core/Src/global.o
                0x0000000020000018                time_man_mode
 .data.val_info1
                0x000000002000001c        0x4 ./Core/Src/global.o
                0x000000002000001c                val_info1
 .data.val_info2
                0x0000000020000020        0x4 ./Core/Src/global.o
                0x0000000020000020                val_info2
 .data.SystemCoreClock
                0x0000000020000024        0x4 ./Core/Src/system_stm32f1xx.o
                0x0000000020000024                SystemCoreClock
 .data.uwTickPrio
                0x0000000020000028        0x4 ./Drivers/STM32F1xx_HAL_Driver/Src/stm32f1xx_hal.o
                0x0000000020000028                uwTickPrio
 .data.uwTickFreq
                0x000000002000002c        0x1 ./Drivers/STM32F1xx_HAL_Driver/Src/stm32f1xx_hal.o
                0x000000002000002c                uwTickFreq
 *fill*         0x000000002000002d        0x3 
 .data._impure_ptr
                0x0000000020000030        0x4 c:/st/stm32cubeide_1.7.0/stm32cubeide/plugins/com.st.stm32cube.ide.mcu.externaltools.gnu-tools-for-stm32.9-2020-q2-update.win32_2.0.0.202105311346/tools/bin/../lib/gcc/arm-none-eabi/9.3.1/../../../../arm-none-eabi/lib/thumb/v7-m/nofp\libc_nano.a(lib_a-impure.o)
                0x0000000020000030                _impure_ptr
 .data.impure_data
                0x0000000020000034       0x60 c:/st/stm32cubeide_1.7.0/stm32cubeide/plugins/com.st.stm32cube.ide.mcu.externaltools.gnu-tools-for-stm32.9-2020-q2-update.win32_2.0.0.202105311346/tools/bin/../lib/gcc/arm-none-eabi/9.3.1/../../../../arm-none-eabi/lib/thumb/v7-m/nofp\libc_nano.a(lib_a-impure.o)
 *(.RamFunc)
 *(.RamFunc*)
                0x0000000020000094                . = ALIGN (0x4)
                0x0000000020000094                _edata = .

.igot.plt       0x0000000020000094        0x0 load address 0x0000000008004c6c
 .igot.plt      0x0000000020000094        0x0 c:/st/stm32cubeide_1.7.0/stm32cubeide/plugins/com.st.stm32cube.ide.mcu.externaltools.gnu-tools-for-stm32.9-2020-q2-update.win32_2.0.0.202105311346/tools/bin/../lib/gcc/arm-none-eabi/9.3.1/thumb/v7-m/nofp/crtbegin.o
                0x0000000020000094                . = ALIGN (0x4)

.bss            0x0000000020000094      0x1d0 load address 0x0000000008004c6c
                0x0000000020000094                _sbss = .
                0x0000000020000094                __bss_start__ = _sbss
 *(.bss)
 .bss           0x0000000020000094       0x1c c:/st/stm32cubeide_1.7.0/stm32cubeide/plugins/com.st.stm32cube.ide.mcu.externaltools.gnu-tools-for-stm32.9-2020-q2-update.win32_2.0.0.202105311346/tools/bin/../lib/gcc/arm-none-eabi/9.3.1/thumb/v7-m/nofp/crtbegin.o
 *(.bss*)
 .bss.status_pedes
                0x00000000200000b0        0x4 ./Core/Src/global.o
                0x00000000200000b0                status_pedes
 .bss.status    0x00000000200000b4        0x4 ./Core/Src/global.o
                0x00000000200000b4                status
 .bss.RED_INC   0x00000000200000b8        0x4 ./Core/Src/global.o
                0x00000000200000b8                RED_INC
 .bss.YELLOW_INC
                0x00000000200000bc        0x4 ./Core/Src/global.o
                0x00000000200000bc                YELLOW_INC
 .bss.GREEN_INC
                0x00000000200000c0        0x4 ./Core/Src/global.o
                0x00000000200000c0                GREEN_INC
 .bss.info_1    0x00000000200000c4       0x14 ./Core/Src/global.o
                0x00000000200000c4                info_1
 .bss.info_2    0x00000000200000d8       0x14 ./Core/Src/global.o
                0x00000000200000d8                info_2
 .bss.temp      0x00000000200000ec        0x1 ./Core/Src/main.o
                0x00000000200000ec                temp
 *fill*         0x00000000200000ed        0x3 
 .bss.timer1_counter
                0x00000000200000f0        0x4 ./Core/Src/software_timer.o
                0x00000000200000f0                timer1_counter
 .bss.timer1_flag
                0x00000000200000f4        0x4 ./Core/Src/software_timer.o
                0x00000000200000f4                timer1_flag
 .bss.timer2_counter
                0x00000000200000f8        0x4 ./Core/Src/software_timer.o
                0x00000000200000f8                timer2_counter
 .bss.timer2_flag
                0x00000000200000fc        0x4 ./Core/Src/software_timer.o
                0x00000000200000fc                timer2_flag
 .bss.timer3_counter
                0x0000000020000100        0x4 ./Core/Src/software_timer.o
                0x0000000020000100                timer3_counter
 .bss.timer3_flag
                0x0000000020000104        0x4 ./Core/Src/software_timer.o
                0x0000000020000104                timer3_flag
 .bss.timer4_counter
                0x0000000020000108        0x4 ./Core/Src/software_timer.o
                0x0000000020000108                timer4_counter
 .bss.timer4_flag
                0x000000002000010c        0x4 ./Core/Src/software_timer.o
                0x000000002000010c                timer4_flag
 .bss.__sbrk_heap_end
                0x0000000020000110        0x4 ./Core/Src/sysmem.o
 .bss.__malloc_free_list
                0x0000000020000114        0x4 c:/st/stm32cubeide_1.7.0/stm32cubeide/plugins/com.st.stm32cube.ide.mcu.externaltools.gnu-tools-for-stm32.9-2020-q2-update.win32_2.0.0.202105311346/tools/bin/../lib/gcc/arm-none-eabi/9.3.1/../../../../arm-none-eabi/lib/thumb/v7-m/nofp\libc_nano.a(lib_a-nano-mallocr.o)
                0x0000000020000114                __malloc_free_list
 .bss.__malloc_sbrk_start
                0x0000000020000118        0x4 c:/st/stm32cubeide_1.7.0/stm32cubeide/plugins/com.st.stm32cube.ide.mcu.externaltools.gnu-tools-for-stm32.9-2020-q2-update.win32_2.0.0.202105311346/tools/bin/../lib/gcc/arm-none-eabi/9.3.1/../../../../arm-none-eabi/lib/thumb/v7-m/nofp\libc_nano.a(lib_a-nano-mallocr.o)
                0x0000000020000118                __malloc_sbrk_start
 *(COMMON)
 COMMON         0x000000002000011c       0x60 ./Core/Src/button.o
                0x000000002000011c                flagforPress
                0x000000002000012c                counter_Button
                0x000000002000013c                keybuffer
                0x000000002000014c                key1
                0x000000002000015c                flagforLongPress
                0x000000002000016c                key2
 COMMON         0x000000002000017c       0xd4 ./Core/Src/main.o
                0x000000002000017c                htim3
                0x00000000200001c4                htim2
                0x000000002000020c                huart2
 COMMON         0x0000000020000250        0x4 ./Drivers/STM32F1xx_HAL_Driver/Src/stm32f1xx_hal.o
                0x0000000020000250                uwTick
 COMMON         0x0000000020000254        0x4 c:/st/stm32cubeide_1.7.0/stm32cubeide/plugins/com.st.stm32cube.ide.mcu.externaltools.gnu-tools-for-stm32.9-2020-q2-update.win32_2.0.0.202105311346/tools/bin/../lib/gcc/arm-none-eabi/9.3.1/../../../../arm-none-eabi/lib/thumb/v7-m/nofp\libc_nano.a(lib_a-reent.o)
                0x0000000020000254                errno
 COMMON         0x0000000020000258        0x9 c:/st/stm32cubeide_1.7.0/stm32cubeide/plugins/com.st.stm32cube.ide.mcu.externaltools.gnu-tools-for-stm32.9-2020-q2-update.win32_2.0.0.202105311346/tools/bin/../lib/gcc/arm-none-eabi/9.3.1/../../../../arm-none-eabi/lib/thumb/v7-m/nofp\libc_nano.a(lib_a-lock.o)
                0x0000000020000258                __lock___atexit_recursive_mutex
                0x0000000020000259                __lock___arc4random_mutex
                0x000000002000025a                __lock___env_recursive_mutex
                0x000000002000025b                __lock___sinit_recursive_mutex
                0x000000002000025c                __lock___malloc_recursive_mutex
                0x000000002000025d                __lock___at_quick_exit_mutex
                0x000000002000025e                __lock___dd_hash_mutex
                0x000000002000025f                __lock___tz_mutex
                0x0000000020000260                __lock___sfp_recursive_mutex
                0x0000000020000264                . = ALIGN (0x4)
 *fill*         0x0000000020000261        0x3 
                0x0000000020000264                _ebss = .
                0x0000000020000264                __bss_end__ = _ebss

._user_heap_stack
                0x0000000020000264      0x604 load address 0x0000000008004c6c
                0x0000000020000268                . = ALIGN (0x8)
 *fill*         0x0000000020000264        0x4 
                [!provide]                        PROVIDE (end = .)
                0x0000000020000268                PROVIDE (_end = .)
                0x0000000020000468                . = (. + _Min_Heap_Size)
 *fill*         0x0000000020000268      0x200 
                0x0000000020000868                . = (. + _Min_Stack_Size)
 *fill*         0x0000000020000468      0x400 
                0x0000000020000868                . = ALIGN (0x8)

/DISCARD/
 libc.a(*)
 libm.a(*)
 libgcc.a(*)

.ARM.attributes
                0x0000000000000000       0x29
 *(.ARM.attributes)
 .ARM.attributes
                0x0000000000000000       0x1d c:/st/stm32cubeide_1.7.0/stm32cubeide/plugins/com.st.stm32cube.ide.mcu.externaltools.gnu-tools-for-stm32.9-2020-q2-update.win32_2.0.0.202105311346/tools/bin/../lib/gcc/arm-none-eabi/9.3.1/thumb/v7-m/nofp/crti.o
 .ARM.attributes
                0x000000000000001d       0x2d c:/st/stm32cubeide_1.7.0/stm32cubeide/plugins/com.st.stm32cube.ide.mcu.externaltools.gnu-tools-for-stm32.9-2020-q2-update.win32_2.0.0.202105311346/tools/bin/../lib/gcc/arm-none-eabi/9.3.1/thumb/v7-m/nofp/crtbegin.o
 .ARM.attributes
                0x000000000000004a       0x2d ./Core/Src/button.o
 .ARM.attributes
                0x0000000000000077       0x2d ./Core/Src/buzzer.o
 .ARM.attributes
                0x00000000000000a4       0x2d ./Core/Src/fsm_auto.o
 .ARM.attributes
                0x00000000000000d1       0x2d ./Core/Src/fsm_manual.o
 .ARM.attributes
                0x00000000000000fe       0x2d ./Core/Src/fsm_pedes.o
 .ARM.attributes
                0x000000000000012b       0x2d ./Core/Src/fsm_tuning.o
 .ARM.attributes
                0x0000000000000158       0x33 ./Core/Src/global.o
 .ARM.attributes
                0x000000000000018b       0x2d ./Core/Src/led_traffic.o
 .ARM.attributes
                0x00000000000001b8       0x2d ./Core/Src/main.o
 .ARM.attributes
                0x00000000000001e5       0x2d ./Core/Src/software_timer.o
 .ARM.attributes
                0x0000000000000212       0x2d ./Core/Src/stm32f1xx_hal_msp.o
 .ARM.attributes
                0x000000000000023f       0x2d ./Core/Src/stm32f1xx_it.o
 .ARM.attributes
                0x000000000000026c       0x2d ./Core/Src/sysmem.o
 .ARM.attributes
                0x0000000000000299       0x2d ./Core/Src/system_stm32f1xx.o
 .ARM.attributes
                0x00000000000002c6       0x2d ./Core/Src/transmit_info.o
 .ARM.attributes
                0x00000000000002f3       0x21 ./Core/Startup/startup_stm32f103rbtx.o
 .ARM.attributes
                0x0000000000000314       0x2d ./Drivers/STM32F1xx_HAL_Driver/Src/stm32f1xx_hal.o
 .ARM.attributes
                0x0000000000000341       0x2d ./Drivers/STM32F1xx_HAL_Driver/Src/stm32f1xx_hal_cortex.o
 .ARM.attributes
                0x000000000000036e       0x2d ./Drivers/STM32F1xx_HAL_Driver/Src/stm32f1xx_hal_dma.o
 .ARM.attributes
                0x000000000000039b       0x2d ./Drivers/STM32F1xx_HAL_Driver/Src/stm32f1xx_hal_gpio.o
 .ARM.attributes
                0x00000000000003c8       0x2d ./Drivers/STM32F1xx_HAL_Driver/Src/stm32f1xx_hal_rcc.o
 .ARM.attributes
                0x00000000000003f5       0x2d ./Drivers/STM32F1xx_HAL_Driver/Src/stm32f1xx_hal_tim.o
 .ARM.attributes
                0x0000000000000422       0x2d ./Drivers/STM32F1xx_HAL_Driver/Src/stm32f1xx_hal_tim_ex.o
 .ARM.attributes
                0x000000000000044f       0x2d ./Drivers/STM32F1xx_HAL_Driver/Src/stm32f1xx_hal_uart.o
 .ARM.attributes
                0x000000000000047c       0x2d c:/st/stm32cubeide_1.7.0/stm32cubeide/plugins/com.st.stm32cube.ide.mcu.externaltools.gnu-tools-for-stm32.9-2020-q2-update.win32_2.0.0.202105311346/tools/bin/../lib/gcc/arm-none-eabi/9.3.1/../../../../arm-none-eabi/lib/thumb/v7-m/nofp\libc_nano.a(lib_a-errno.o)
 .ARM.attributes
                0x00000000000004a9       0x2d c:/st/stm32cubeide_1.7.0/stm32cubeide/plugins/com.st.stm32cube.ide.mcu.externaltools.gnu-tools-for-stm32.9-2020-q2-update.win32_2.0.0.202105311346/tools/bin/../lib/gcc/arm-none-eabi/9.3.1/../../../../arm-none-eabi/lib/thumb/v7-m/nofp\libc_nano.a(lib_a-impure.o)
 .ARM.attributes
                0x00000000000004d6       0x2d c:/st/stm32cubeide_1.7.0/stm32cubeide/plugins/com.st.stm32cube.ide.mcu.externaltools.gnu-tools-for-stm32.9-2020-q2-update.win32_2.0.0.202105311346/tools/bin/../lib/gcc/arm-none-eabi/9.3.1/../../../../arm-none-eabi/lib/thumb/v7-m/nofp\libc_nano.a(lib_a-init.o)
 .ARM.attributes
                0x0000000000000503       0x2d c:/st/stm32cubeide_1.7.0/stm32cubeide/plugins/com.st.stm32cube.ide.mcu.externaltools.gnu-tools-for-stm32.9-2020-q2-update.win32_2.0.0.202105311346/tools/bin/../lib/gcc/arm-none-eabi/9.3.1/../../../../arm-none-eabi/lib/thumb/v7-m/nofp\libc_nano.a(lib_a-memset.o)
 .ARM.attributes
                0x0000000000000530       0x2d c:/st/stm32cubeide_1.7.0/stm32cubeide/plugins/com.st.stm32cube.ide.mcu.externaltools.gnu-tools-for-stm32.9-2020-q2-update.win32_2.0.0.202105311346/tools/bin/../lib/gcc/arm-none-eabi/9.3.1/../../../../arm-none-eabi/lib/thumb/v7-m/nofp\libc_nano.a(lib_a-sprintf.o)
 .ARM.attributes
                0x000000000000055d       0x2d c:/st/stm32cubeide_1.7.0/stm32cubeide/plugins/com.st.stm32cube.ide.mcu.externaltools.gnu-tools-for-stm32.9-2020-q2-update.win32_2.0.0.202105311346/tools/bin/../lib/gcc/arm-none-eabi/9.3.1/../../../../arm-none-eabi/lib/thumb/v7-m/nofp\libc_nano.a(lib_a-nano-svfprintf.o)
 .ARM.attributes
                0x000000000000058a       0x2d c:/st/stm32cubeide_1.7.0/stm32cubeide/plugins/com.st.stm32cube.ide.mcu.externaltools.gnu-tools-for-stm32.9-2020-q2-update.win32_2.0.0.202105311346/tools/bin/../lib/gcc/arm-none-eabi/9.3.1/../../../../arm-none-eabi/lib/thumb/v7-m/nofp\libc_nano.a(lib_a-nano-vfprintf_i.o)
 .ARM.attributes
                0x00000000000005b7       0x2d c:/st/stm32cubeide_1.7.0/stm32cubeide/plugins/com.st.stm32cube.ide.mcu.externaltools.gnu-tools-for-stm32.9-2020-q2-update.win32_2.0.0.202105311346/tools/bin/../lib/gcc/arm-none-eabi/9.3.1/../../../../arm-none-eabi/lib/thumb/v7-m/nofp\libc_nano.a(lib_a-memchr-stub.o)
 .ARM.attributes
                0x00000000000005e4       0x2d c:/st/stm32cubeide_1.7.0/stm32cubeide/plugins/com.st.stm32cube.ide.mcu.externaltools.gnu-tools-for-stm32.9-2020-q2-update.win32_2.0.0.202105311346/tools/bin/../lib/gcc/arm-none-eabi/9.3.1/../../../../arm-none-eabi/lib/thumb/v7-m/nofp\libc_nano.a(lib_a-memcpy-stub.o)
 .ARM.attributes
                0x0000000000000611       0x2d c:/st/stm32cubeide_1.7.0/stm32cubeide/plugins/com.st.stm32cube.ide.mcu.externaltools.gnu-tools-for-stm32.9-2020-q2-update.win32_2.0.0.202105311346/tools/bin/../lib/gcc/arm-none-eabi/9.3.1/../../../../arm-none-eabi/lib/thumb/v7-m/nofp\libc_nano.a(lib_a-memmove.o)
 .ARM.attributes
                0x000000000000063e       0x2d c:/st/stm32cubeide_1.7.0/stm32cubeide/plugins/com.st.stm32cube.ide.mcu.externaltools.gnu-tools-for-stm32.9-2020-q2-update.win32_2.0.0.202105311346/tools/bin/../lib/gcc/arm-none-eabi/9.3.1/../../../../arm-none-eabi/lib/thumb/v7-m/nofp\libc_nano.a(lib_a-nano-freer.o)
 .ARM.attributes
                0x000000000000066b       0x2d c:/st/stm32cubeide_1.7.0/stm32cubeide/plugins/com.st.stm32cube.ide.mcu.externaltools.gnu-tools-for-stm32.9-2020-q2-update.win32_2.0.0.202105311346/tools/bin/../lib/gcc/arm-none-eabi/9.3.1/../../../../arm-none-eabi/lib/thumb/v7-m/nofp\libc_nano.a(lib_a-nano-mallocr.o)
 .ARM.attributes
                0x0000000000000698       0x2d c:/st/stm32cubeide_1.7.0/stm32cubeide/plugins/com.st.stm32cube.ide.mcu.externaltools.gnu-tools-for-stm32.9-2020-q2-update.win32_2.0.0.202105311346/tools/bin/../lib/gcc/arm-none-eabi/9.3.1/../../../../arm-none-eabi/lib/thumb/v7-m/nofp\libc_nano.a(lib_a-nano-reallocr.o)
 .ARM.attributes
                0x00000000000006c5       0x2d c:/st/stm32cubeide_1.7.0/stm32cubeide/plugins/com.st.stm32cube.ide.mcu.externaltools.gnu-tools-for-stm32.9-2020-q2-update.win32_2.0.0.202105311346/tools/bin/../lib/gcc/arm-none-eabi/9.3.1/../../../../arm-none-eabi/lib/thumb/v7-m/nofp\libc_nano.a(lib_a-sbrkr.o)
 .ARM.attributes
                0x00000000000006f2       0x2d c:/st/stm32cubeide_1.7.0/stm32cubeide/plugins/com.st.stm32cube.ide.mcu.externaltools.gnu-tools-for-stm32.9-2020-q2-update.win32_2.0.0.202105311346/tools/bin/../lib/gcc/arm-none-eabi/9.3.1/../../../../arm-none-eabi/lib/thumb/v7-m/nofp\libc_nano.a(lib_a-mlock.o)
 .ARM.attributes
                0x000000000000071f       0x2d c:/st/stm32cubeide_1.7.0/stm32cubeide/plugins/com.st.stm32cube.ide.mcu.externaltools.gnu-tools-for-stm32.9-2020-q2-update.win32_2.0.0.202105311346/tools/bin/../lib/gcc/arm-none-eabi/9.3.1/../../../../arm-none-eabi/lib/thumb/v7-m/nofp\libc_nano.a(lib_a-nano-msizer.o)
 .ARM.attributes
                0x000000000000074c       0x2d c:/st/stm32cubeide_1.7.0/stm32cubeide/plugins/com.st.stm32cube.ide.mcu.externaltools.gnu-tools-for-stm32.9-2020-q2-update.win32_2.0.0.202105311346/tools/bin/../lib/gcc/arm-none-eabi/9.3.1/../../../../arm-none-eabi/lib/thumb/v7-m/nofp\libc_nano.a(lib_a-reent.o)
 .ARM.attributes
                0x0000000000000779       0x2d c:/st/stm32cubeide_1.7.0/stm32cubeide/plugins/com.st.stm32cube.ide.mcu.externaltools.gnu-tools-for-stm32.9-2020-q2-update.win32_2.0.0.202105311346/tools/bin/../lib/gcc/arm-none-eabi/9.3.1/../../../../arm-none-eabi/lib/thumb/v7-m/nofp\libc_nano.a(lib_a-lock.o)
 .ARM.attributes
                0x00000000000007a6       0x1d c:/st/stm32cubeide_1.7.0/stm32cubeide/plugins/com.st.stm32cube.ide.mcu.externaltools.gnu-tools-for-stm32.9-2020-q2-update.win32_2.0.0.202105311346/tools/bin/../lib/gcc/arm-none-eabi/9.3.1/thumb/v7-m/nofp/crtn.o
OUTPUT(btl_vxl.elf elf32-littlearm)
LOAD linker stubs
LOAD c:/st/stm32cubeide_1.7.0/stm32cubeide/plugins/com.st.stm32cube.ide.mcu.externaltools.gnu-tools-for-stm32.9-2020-q2-update.win32_2.0.0.202105311346/tools/bin/../lib/gcc/arm-none-eabi/9.3.1/../../../../arm-none-eabi/lib/thumb/v7-m/nofp\libc.a
LOAD c:/st/stm32cubeide_1.7.0/stm32cubeide/plugins/com.st.stm32cube.ide.mcu.externaltools.gnu-tools-for-stm32.9-2020-q2-update.win32_2.0.0.202105311346/tools/bin/../lib/gcc/arm-none-eabi/9.3.1/../../../../arm-none-eabi/lib/thumb/v7-m/nofp\libm.a
LOAD c:/st/stm32cubeide_1.7.0/stm32cubeide/plugins/com.st.stm32cube.ide.mcu.externaltools.gnu-tools-for-stm32.9-2020-q2-update.win32_2.0.0.202105311346/tools/bin/../lib/gcc/arm-none-eabi/9.3.1/thumb/v7-m/nofp\libgcc.a

.debug_info     0x0000000000000000    0x15c10
 .debug_info    0x0000000000000000      0xaf7 ./Core/Src/button.o
 .debug_info    0x0000000000000af7     0x122a ./Core/Src/buzzer.o
 .debug_info    0x0000000000001d21     0x1332 ./Core/Src/fsm_auto.o
 .debug_info    0x0000000000003053     0x1332 ./Core/Src/fsm_manual.o
 .debug_info    0x0000000000004385     0x1344 ./Core/Src/fsm_pedes.o
 .debug_info    0x00000000000056c9     0x1332 ./Core/Src/fsm_tuning.o
 .debug_info    0x00000000000069fb     0x1414 ./Core/Src/global.o
 .debug_info    0x0000000000007e0f      0xaba ./Core/Src/led_traffic.o
 .debug_info    0x00000000000088c9     0x18c8 ./Core/Src/main.o
 .debug_info    0x000000000000a191      0x187 ./Core/Src/software_timer.o
 .debug_info    0x000000000000a318      0xe5c ./Core/Src/stm32f1xx_hal_msp.o
 .debug_info    0x000000000000b174      0xa2e ./Core/Src/stm32f1xx_it.o
 .debug_info    0x000000000000bba2      0xa25 ./Core/Src/sysmem.o
 .debug_info    0x000000000000c5c7      0x2be ./Core/Src/system_stm32f1xx.o
 .debug_info    0x000000000000c885     0x1342 ./Core/Src/transmit_info.o
 .debug_info    0x000000000000dbc7       0x22 ./Core/Startup/startup_stm32f103rbtx.o
 .debug_info    0x000000000000dbe9      0x76a ./Drivers/STM32F1xx_HAL_Driver/Src/stm32f1xx_hal.o
 .debug_info    0x000000000000e353      0xbdc ./Drivers/STM32F1xx_HAL_Driver/Src/stm32f1xx_hal_cortex.o
 .debug_info    0x000000000000ef2f      0x81e ./Drivers/STM32F1xx_HAL_Driver/Src/stm32f1xx_hal_dma.o
 .debug_info    0x000000000000f74d      0x701 ./Drivers/STM32F1xx_HAL_Driver/Src/stm32f1xx_hal_gpio.o
 .debug_info    0x000000000000fe4e      0x88e ./Drivers/STM32F1xx_HAL_Driver/Src/stm32f1xx_hal_rcc.o
 .debug_info    0x00000000000106dc     0x2a45 ./Drivers/STM32F1xx_HAL_Driver/Src/stm32f1xx_hal_tim.o
 .debug_info    0x0000000000013121     0x14d5 ./Drivers/STM32F1xx_HAL_Driver/Src/stm32f1xx_hal_tim_ex.o
 .debug_info    0x00000000000145f6     0x161a ./Drivers/STM32F1xx_HAL_Driver/Src/stm32f1xx_hal_uart.o

.debug_abbrev   0x0000000000000000     0x2d37
 .debug_abbrev  0x0000000000000000      0x1d4 ./Core/Src/button.o
 .debug_abbrev  0x00000000000001d4      0x1ea ./Core/Src/buzzer.o
 .debug_abbrev  0x00000000000003be      0x1d7 ./Core/Src/fsm_auto.o
 .debug_abbrev  0x0000000000000595      0x1d7 ./Core/Src/fsm_manual.o
 .debug_abbrev  0x000000000000076c      0x1ea ./Core/Src/fsm_pedes.o
 .debug_abbrev  0x0000000000000956      0x1d7 ./Core/Src/fsm_tuning.o
 .debug_abbrev  0x0000000000000b2d      0x1ca ./Core/Src/global.o
 .debug_abbrev  0x0000000000000cf7      0x15a ./Core/Src/led_traffic.o
 .debug_abbrev  0x0000000000000e51      0x317 ./Core/Src/main.o
 .debug_abbrev  0x0000000000001168       0xb6 ./Core/Src/software_timer.o
 .debug_abbrev  0x000000000000121e      0x1c8 ./Core/Src/stm32f1xx_hal_msp.o
 .debug_abbrev  0x00000000000013e6      0x176 ./Core/Src/stm32f1xx_it.o
 .debug_abbrev  0x000000000000155c      0x1bf ./Core/Src/sysmem.o
 .debug_abbrev  0x000000000000171b      0x14e ./Core/Src/system_stm32f1xx.o
 .debug_abbrev  0x0000000000001869      0x1ea ./Core/Src/transmit_info.o
 .debug_abbrev  0x0000000000001a53       0x12 ./Core/Startup/startup_stm32f103rbtx.o
 .debug_abbrev  0x0000000000001a65      0x1ed ./Drivers/STM32F1xx_HAL_Driver/Src/stm32f1xx_hal.o
 .debug_abbrev  0x0000000000001c52      0x313 ./Drivers/STM32F1xx_HAL_Driver/Src/stm32f1xx_hal_cortex.o
 .debug_abbrev  0x0000000000001f65      0x228 ./Drivers/STM32F1xx_HAL_Driver/Src/stm32f1xx_hal_dma.o
 .debug_abbrev  0x000000000000218d      0x1e8 ./Drivers/STM32F1xx_HAL_Driver/Src/stm32f1xx_hal_gpio.o
 .debug_abbrev  0x0000000000002375      0x273 ./Drivers/STM32F1xx_HAL_Driver/Src/stm32f1xx_hal_rcc.o
 .debug_abbrev  0x00000000000025e8      0x25e ./Drivers/STM32F1xx_HAL_Driver/Src/stm32f1xx_hal_tim.o
 .debug_abbrev  0x0000000000002846      0x266 ./Drivers/STM32F1xx_HAL_Driver/Src/stm32f1xx_hal_tim_ex.o
 .debug_abbrev  0x0000000000002aac      0x28b ./Drivers/STM32F1xx_HAL_Driver/Src/stm32f1xx_hal_uart.o

.debug_aranges  0x0000000000000000      0xdc8
 .debug_aranges
                0x0000000000000000       0x30 ./Core/Src/button.o
 .debug_aranges
                0x0000000000000030       0x20 ./Core/Src/buzzer.o
 .debug_aranges
                0x0000000000000050       0x20 ./Core/Src/fsm_auto.o
 .debug_aranges
                0x0000000000000070       0x20 ./Core/Src/fsm_manual.o
 .debug_aranges
                0x0000000000000090       0x20 ./Core/Src/fsm_pedes.o
 .debug_aranges
                0x00000000000000b0       0x20 ./Core/Src/fsm_tuning.o
 .debug_aranges
                0x00000000000000d0       0x18 ./Core/Src/global.o
 .debug_aranges
                0x00000000000000e8       0x78 ./Core/Src/led_traffic.o
 .debug_aranges
                0x0000000000000160       0x60 ./Core/Src/main.o
 .debug_aranges
                0x00000000000001c0       0x40 ./Core/Src/software_timer.o
 .debug_aranges
                0x0000000000000200       0x48 ./Core/Src/stm32f1xx_hal_msp.o
 .debug_aranges
                0x0000000000000248       0x70 ./Core/Src/stm32f1xx_it.o
 .debug_aranges
                0x00000000000002b8       0x20 ./Core/Src/sysmem.o
 .debug_aranges
                0x00000000000002d8       0x28 ./Core/Src/system_stm32f1xx.o
 .debug_aranges
                0x0000000000000300       0x20 ./Core/Src/transmit_info.o
 .debug_aranges
                0x0000000000000320       0x28 ./Core/Startup/startup_stm32f103rbtx.o
 .debug_aranges
                0x0000000000000348       0xe0 ./Drivers/STM32F1xx_HAL_Driver/Src/stm32f1xx_hal.o
 .debug_aranges
                0x0000000000000428      0x100 ./Drivers/STM32F1xx_HAL_Driver/Src/stm32f1xx_hal_cortex.o
 .debug_aranges
                0x0000000000000528       0x80 ./Drivers/STM32F1xx_HAL_Driver/Src/stm32f1xx_hal_dma.o
 .debug_aranges
                0x00000000000005a8       0x58 ./Drivers/STM32F1xx_HAL_Driver/Src/stm32f1xx_hal_gpio.o
 .debug_aranges
                0x0000000000000600       0x90 ./Drivers/STM32F1xx_HAL_Driver/Src/stm32f1xx_hal_rcc.o
 .debug_aranges
                0x0000000000000690      0x3d0 ./Drivers/STM32F1xx_HAL_Driver/Src/stm32f1xx_hal_tim.o
 .debug_aranges
                0x0000000000000a60      0x168 ./Drivers/STM32F1xx_HAL_Driver/Src/stm32f1xx_hal_tim_ex.o
 .debug_aranges
                0x0000000000000bc8      0x200 ./Drivers/STM32F1xx_HAL_Driver/Src/stm32f1xx_hal_uart.o

.debug_ranges   0x0000000000000000      0xc78
 .debug_ranges  0x0000000000000000       0x20 ./Core/Src/button.o
 .debug_ranges  0x0000000000000020       0x10 ./Core/Src/buzzer.o
 .debug_ranges  0x0000000000000030       0x10 ./Core/Src/fsm_auto.o
 .debug_ranges  0x0000000000000040       0x10 ./Core/Src/fsm_manual.o
 .debug_ranges  0x0000000000000050       0x10 ./Core/Src/fsm_pedes.o
 .debug_ranges  0x0000000000000060       0x10 ./Core/Src/fsm_tuning.o
 .debug_ranges  0x0000000000000070       0x68 ./Core/Src/led_traffic.o
 .debug_ranges  0x00000000000000d8       0x50 ./Core/Src/main.o
 .debug_ranges  0x0000000000000128       0x30 ./Core/Src/software_timer.o
 .debug_ranges  0x0000000000000158       0x38 ./Core/Src/stm32f1xx_hal_msp.o
 .debug_ranges  0x0000000000000190       0x60 ./Core/Src/stm32f1xx_it.o
 .debug_ranges  0x00000000000001f0       0x10 ./Core/Src/sysmem.o
 .debug_ranges  0x0000000000000200       0x18 ./Core/Src/system_stm32f1xx.o
 .debug_ranges  0x0000000000000218       0x10 ./Core/Src/transmit_info.o
 .debug_ranges  0x0000000000000228       0x20 ./Core/Startup/startup_stm32f103rbtx.o
 .debug_ranges  0x0000000000000248       0xd0 ./Drivers/STM32F1xx_HAL_Driver/Src/stm32f1xx_hal.o
 .debug_ranges  0x0000000000000318       0xf0 ./Drivers/STM32F1xx_HAL_Driver/Src/stm32f1xx_hal_cortex.o
 .debug_ranges  0x0000000000000408       0x70 ./Drivers/STM32F1xx_HAL_Driver/Src/stm32f1xx_hal_dma.o
 .debug_ranges  0x0000000000000478       0x48 ./Drivers/STM32F1xx_HAL_Driver/Src/stm32f1xx_hal_gpio.o
 .debug_ranges  0x00000000000004c0       0x80 ./Drivers/STM32F1xx_HAL_Driver/Src/stm32f1xx_hal_rcc.o
 .debug_ranges  0x0000000000000540      0x3c0 ./Drivers/STM32F1xx_HAL_Driver/Src/stm32f1xx_hal_tim.o
 .debug_ranges  0x0000000000000900      0x158 ./Drivers/STM32F1xx_HAL_Driver/Src/stm32f1xx_hal_tim_ex.o
 .debug_ranges  0x0000000000000a58      0x220 ./Drivers/STM32F1xx_HAL_Driver/Src/stm32f1xx_hal_uart.o

.debug_macro    0x0000000000000000    0x19e54
 .debug_macro   0x0000000000000000      0x1d4 ./Core/Src/button.o
 .debug_macro   0x00000000000001d4      0xa9c ./Core/Src/button.o
 .debug_macro   0x0000000000000c70      0x21b ./Core/Src/button.o
 .debug_macro   0x0000000000000e8b       0x2e ./Core/Src/button.o
 .debug_macro   0x0000000000000eb9       0x22 ./Core/Src/button.o
 .debug_macro   0x0000000000000edb       0x22 ./Core/Src/button.o
 .debug_macro   0x0000000000000efd       0x8e ./Core/Src/button.o
 .debug_macro   0x0000000000000f8b       0x51 ./Core/Src/button.o
 .debug_macro   0x0000000000000fdc      0x103 ./Core/Src/button.o
 .debug_macro   0x00000000000010df       0x6a ./Core/Src/button.o
 .debug_macro   0x0000000000001149      0x1df ./Core/Src/button.o
 .debug_macro   0x0000000000001328       0x1c ./Core/Src/button.o
 .debug_macro   0x0000000000001344       0x22 ./Core/Src/button.o
 .debug_macro   0x0000000000001366       0xc3 ./Core/Src/button.o
 .debug_macro   0x0000000000001429      0xd23 ./Core/Src/button.o
 .debug_macro   0x000000000000214c     0xe09e ./Core/Src/button.o
 .debug_macro   0x00000000000101ea       0x6d ./Core/Src/button.o
 .debug_macro   0x0000000000010257     0x3468 ./Core/Src/button.o
 .debug_macro   0x00000000000136bf      0x174 ./Core/Src/button.o
 .debug_macro   0x0000000000013833       0x5c ./Core/Src/button.o
 .debug_macro   0x000000000001388f      0x5be ./Core/Src/button.o
 .debug_macro   0x0000000000013e4d      0x289 ./Core/Src/button.o
 .debug_macro   0x00000000000140d6      0x1cb ./Core/Src/button.o
 .debug_macro   0x00000000000142a1      0x114 ./Core/Src/button.o
 .debug_macro   0x00000000000143b5      0x1b2 ./Core/Src/button.o
 .debug_macro   0x0000000000014567       0x27 ./Core/Src/button.o
 .debug_macro   0x000000000001458e      0x136 ./Core/Src/button.o
 .debug_macro   0x00000000000146c4      0x1bc ./Core/Src/button.o
 .debug_macro   0x0000000000014880       0x34 ./Core/Src/button.o
 .debug_macro   0x00000000000148b4       0x3c ./Core/Src/button.o
 .debug_macro   0x00000000000148f0       0x57 ./Core/Src/button.o
 .debug_macro   0x0000000000014947       0x88 ./Core/Src/button.o
 .debug_macro   0x00000000000149cf      0x241 ./Core/Src/button.o
 .debug_macro   0x0000000000014c10      0x141 ./Core/Src/button.o
 .debug_macro   0x0000000000014d51      0x8d1 ./Core/Src/button.o
 .debug_macro   0x0000000000015622      0x279 ./Core/Src/button.o
 .debug_macro   0x000000000001589b       0x83 ./Core/Src/button.o
 .debug_macro   0x000000000001591e       0x88 ./Core/Src/button.o
 .debug_macro   0x00000000000159a6      0x315 ./Core/Src/buzzer.o
 .debug_macro   0x0000000000015cbb       0x4c ./Core/Src/buzzer.o
 .debug_macro   0x0000000000015d07       0x18 ./Core/Src/buzzer.o
 .debug_macro   0x0000000000015d1f       0x94 ./Core/Src/buzzer.o
 .debug_macro   0x0000000000015db3       0x3c ./Core/Src/buzzer.o
 .debug_macro   0x0000000000015def       0x34 ./Core/Src/buzzer.o
 .debug_macro   0x0000000000015e23       0x16 ./Core/Src/buzzer.o
 .debug_macro   0x0000000000015e39       0x57 ./Core/Src/buzzer.o
 .debug_macro   0x0000000000015e90       0x97 ./Core/Src/buzzer.o
 .debug_macro   0x0000000000015f27      0x339 ./Core/Src/buzzer.o
 .debug_macro   0x0000000000016260       0xfd ./Core/Src/buzzer.o
 .debug_macro   0x000000000001635d       0x10 ./Core/Src/buzzer.o
 .debug_macro   0x000000000001636d       0x16 ./Core/Src/buzzer.o
 .debug_macro   0x0000000000016383       0x43 ./Core/Src/buzzer.o
 .debug_macro   0x00000000000163c6       0x34 ./Core/Src/buzzer.o
 .debug_macro   0x00000000000163fa       0x10 ./Core/Src/buzzer.o
 .debug_macro   0x000000000001640a       0x58 ./Core/Src/buzzer.o
 .debug_macro   0x0000000000016462       0x71 ./Core/Src/buzzer.o
 .debug_macro   0x00000000000164d3       0x1c ./Core/Src/buzzer.o
 .debug_macro   0x00000000000164ef      0x12a ./Core/Src/buzzer.o
 .debug_macro   0x0000000000016619       0x10 ./Core/Src/buzzer.o
 .debug_macro   0x0000000000016629       0x1c ./Core/Src/buzzer.o
 .debug_macro   0x0000000000016645       0x52 ./Core/Src/buzzer.o
 .debug_macro   0x0000000000016697       0x22 ./Core/Src/buzzer.o
 .debug_macro   0x00000000000166b9       0x10 ./Core/Src/buzzer.o
 .debug_macro   0x00000000000166c9       0x40 ./Core/Src/buzzer.o
 .debug_macro   0x0000000000016709       0xd5 ./Core/Src/buzzer.o
 .debug_macro   0x00000000000167de       0x1c ./Core/Src/buzzer.o
 .debug_macro   0x00000000000167fa       0x3d ./Core/Src/buzzer.o
 .debug_macro   0x0000000000016837       0x16 ./Core/Src/buzzer.o
 .debug_macro   0x000000000001684d      0x145 ./Core/Src/buzzer.o
 .debug_macro   0x0000000000016992       0xbd ./Core/Src/buzzer.o
 .debug_macro   0x0000000000016a4f       0x56 ./Core/Src/buzzer.o
 .debug_macro   0x0000000000016aa5      0x360 ./Core/Src/fsm_auto.o
 .debug_macro   0x0000000000016e05       0x52 ./Core/Src/fsm_auto.o
 .debug_macro   0x0000000000016e57       0x35 ./Core/Src/fsm_auto.o
 .debug_macro   0x0000000000016e8c      0x333 ./Core/Src/fsm_auto.o
 .debug_macro   0x00000000000171bf       0x64 ./Core/Src/fsm_auto.o
 .debug_macro   0x0000000000017223      0x360 ./Core/Src/fsm_manual.o
 .debug_macro   0x0000000000017583      0x360 ./Core/Src/fsm_pedes.o
 .debug_macro   0x00000000000178e3      0x360 ./Core/Src/fsm_tuning.o
 .debug_macro   0x0000000000017c43      0x356 ./Core/Src/global.o
 .debug_macro   0x0000000000017f99      0x1bc ./Core/Src/led_traffic.o
 .debug_macro   0x0000000000018155      0x382 ./Core/Src/main.o
 .debug_macro   0x00000000000184d7       0x21 ./Core/Src/software_timer.o
 .debug_macro   0x00000000000184f8      0x1b2 ./Core/Src/stm32f1xx_hal_msp.o
 .debug_macro   0x00000000000186aa      0x1bc ./Core/Src/stm32f1xx_it.o
 .debug_macro   0x0000000000018866       0xff ./Core/Src/sysmem.o
 .debug_macro   0x0000000000018965      0x23b ./Core/Src/sysmem.o
 .debug_macro   0x0000000000018ba0      0x1a3 ./Core/Src/system_stm32f1xx.o
 .debug_macro   0x0000000000018d43      0x356 ./Core/Src/transmit_info.o
 .debug_macro   0x0000000000019099      0x1c7 ./Drivers/STM32F1xx_HAL_Driver/Src/stm32f1xx_hal.o
 .debug_macro   0x0000000000019260      0x1a3 ./Drivers/STM32F1xx_HAL_Driver/Src/stm32f1xx_hal_cortex.o
 .debug_macro   0x0000000000019403      0x1a3 ./Drivers/STM32F1xx_HAL_Driver/Src/stm32f1xx_hal_dma.o
 .debug_macro   0x00000000000195a6      0x20e ./Drivers/STM32F1xx_HAL_Driver/Src/stm32f1xx_hal_gpio.o
 .debug_macro   0x00000000000197b4      0x1b5 ./Drivers/STM32F1xx_HAL_Driver/Src/stm32f1xx_hal_rcc.o
 .debug_macro   0x0000000000019969      0x1a4 ./Drivers/STM32F1xx_HAL_Driver/Src/stm32f1xx_hal_tim.o
 .debug_macro   0x0000000000019b0d      0x1a3 ./Drivers/STM32F1xx_HAL_Driver/Src/stm32f1xx_hal_tim_ex.o
 .debug_macro   0x0000000000019cb0      0x1a4 ./Drivers/STM32F1xx_HAL_Driver/Src/stm32f1xx_hal_uart.o

.debug_line     0x0000000000000000    0x1148f
 .debug_line    0x0000000000000000      0x732 ./Core/Src/button.o
 .debug_line    0x0000000000000732      0x85b ./Core/Src/buzzer.o
 .debug_line    0x0000000000000f8d      0x9b0 ./Core/Src/fsm_auto.o
 .debug_line    0x000000000000193d      0x9ed ./Core/Src/fsm_manual.o
 .debug_line    0x000000000000232a      0x925 ./Core/Src/fsm_pedes.o
 .debug_line    0x0000000000002c4f      0xa11 ./Core/Src/fsm_tuning.o
 .debug_line    0x0000000000003660      0x896 ./Core/Src/global.o
 .debug_line    0x0000000000003ef6      0x78d ./Core/Src/led_traffic.o
 .debug_line    0x0000000000004683      0xb06 ./Core/Src/main.o
 .debug_line    0x0000000000005189      0x12d ./Core/Src/software_timer.o
 .debug_line    0x00000000000052b6      0x75a ./Core/Src/stm32f1xx_hal_msp.o
 .debug_line    0x0000000000005a10      0x76f ./Core/Src/stm32f1xx_it.o
 .debug_line    0x000000000000617f      0x4f8 ./Core/Src/sysmem.o
 .debug_line    0x0000000000006677      0x6fb ./Core/Src/system_stm32f1xx.o
 .debug_line    0x0000000000006d72      0x8c5 ./Core/Src/transmit_info.o
 .debug_line    0x0000000000007637       0x87 ./Core/Startup/startup_stm32f103rbtx.o
 .debug_line    0x00000000000076be      0x928 ./Drivers/STM32F1xx_HAL_Driver/Src/stm32f1xx_hal.o
 .debug_line    0x0000000000007fe6      0xb10 ./Drivers/STM32F1xx_HAL_Driver/Src/stm32f1xx_hal_cortex.o
 .debug_line    0x0000000000008af6      0xd80 ./Drivers/STM32F1xx_HAL_Driver/Src/stm32f1xx_hal_dma.o
 .debug_line    0x0000000000009876      0x9bf ./Drivers/STM32F1xx_HAL_Driver/Src/stm32f1xx_hal_gpio.o
 .debug_line    0x000000000000a235      0xd36 ./Drivers/STM32F1xx_HAL_Driver/Src/stm32f1xx_hal_rcc.o
 .debug_line    0x000000000000af6b     0x32d1 ./Drivers/STM32F1xx_HAL_Driver/Src/stm32f1xx_hal_tim.o
 .debug_line    0x000000000000e23c     0x1850 ./Drivers/STM32F1xx_HAL_Driver/Src/stm32f1xx_hal_tim_ex.o
 .debug_line    0x000000000000fa8c     0x1a03 ./Drivers/STM32F1xx_HAL_Driver/Src/stm32f1xx_hal_uart.o

.debug_str      0x0000000000000000    0x8b10b
 .debug_str     0x0000000000000000    0x83926 ./Core/Src/button.o
                                      0x83d41 (size before relaxing)
 .debug_str     0x0000000000083926     0x4079 ./Core/Src/buzzer.o
                                      0x87d05 (size before relaxing)
 .debug_str     0x000000000008799f      0x27a ./Core/Src/fsm_auto.o
                                      0x87f76 (size before relaxing)
 .debug_str     0x0000000000087c19       0x3b ./Core/Src/fsm_manual.o
                                      0x87f7c (size before relaxing)
 .debug_str     0x0000000000087c54       0x38 ./Core/Src/fsm_pedes.o
                                      0x87f7e (size before relaxing)
 .debug_str     0x0000000000087c8c       0x3b ./Core/Src/fsm_tuning.o
                                      0x87f7c (size before relaxing)
 .debug_str     0x0000000000087cc7       0x15 ./Core/Src/global.o
                                      0x87f56 (size before relaxing)
 .debug_str     0x0000000000087cdc       0xaa ./Core/Src/led_traffic.o
                                      0x83ce9 (size before relaxing)
 .debug_str     0x0000000000087d86      0x372 ./Core/Src/main.o
                                      0x8833b (size before relaxing)
 .debug_str     0x00000000000880f8       0x9c ./Core/Src/software_timer.o
                                       0x2e42 (size before relaxing)
 .debug_str     0x0000000000088194      0x32c ./Core/Src/stm32f1xx_hal_msp.o
                                      0x84045 (size before relaxing)
 .debug_str     0x00000000000884c0       0xdf ./Core/Src/stm32f1xx_it.o
                                      0x83cf3 (size before relaxing)
 .debug_str     0x000000000008859f      0x4e9 ./Core/Src/sysmem.o
                                       0x625e (size before relaxing)
 .debug_str     0x0000000000088a88       0x52 ./Core/Src/system_stm32f1xx.o
                                      0x83456 (size before relaxing)
 .debug_str     0x0000000000088ada       0x2e ./Core/Src/transmit_info.o
                                      0x87f6f (size before relaxing)
 .debug_str     0x0000000000088b08       0x36 ./Core/Startup/startup_stm32f103rbtx.o
                                         0x72 (size before relaxing)
 .debug_str     0x0000000000088b3e      0x304 ./Drivers/STM32F1xx_HAL_Driver/Src/stm32f1xx_hal.o
                                      0x83ae7 (size before relaxing)
 .debug_str     0x0000000000088e42      0x300 ./Drivers/STM32F1xx_HAL_Driver/Src/stm32f1xx_hal_cortex.o
                                      0x83aef (size before relaxing)
 .debug_str     0x0000000000089142      0x230 ./Drivers/STM32F1xx_HAL_Driver/Src/stm32f1xx_hal_dma.o
                                      0x83831 (size before relaxing)
 .debug_str     0x0000000000089372      0x31f ./Drivers/STM32F1xx_HAL_Driver/Src/stm32f1xx_hal_gpio.o
                                      0x8381a (size before relaxing)
 .debug_str     0x0000000000089691      0x24f ./Drivers/STM32F1xx_HAL_Driver/Src/stm32f1xx_hal_rcc.o
                                      0x83853 (size before relaxing)
 .debug_str     0x00000000000898e0      0xd68 ./Drivers/STM32F1xx_HAL_Driver/Src/stm32f1xx_hal_tim.o
                                      0x84825 (size before relaxing)
 .debug_str     0x000000000008a648      0x4ee ./Drivers/STM32F1xx_HAL_Driver/Src/stm32f1xx_hal_tim_ex.o
                                      0x83fd6 (size before relaxing)
 .debug_str     0x000000000008ab36      0x5d5 ./Drivers/STM32F1xx_HAL_Driver/Src/stm32f1xx_hal_uart.o
                                      0x83e45 (size before relaxing)

.comment        0x0000000000000000       0x53
 .comment       0x0000000000000000       0x53 ./Core/Src/button.o
                                         0x54 (size before relaxing)
 .comment       0x0000000000000053       0x54 ./Core/Src/buzzer.o
 .comment       0x0000000000000053       0x54 ./Core/Src/fsm_auto.o
 .comment       0x0000000000000053       0x54 ./Core/Src/fsm_manual.o
 .comment       0x0000000000000053       0x54 ./Core/Src/fsm_pedes.o
 .comment       0x0000000000000053       0x54 ./Core/Src/fsm_tuning.o
 .comment       0x0000000000000053       0x54 ./Core/Src/global.o
 .comment       0x0000000000000053       0x54 ./Core/Src/led_traffic.o
 .comment       0x0000000000000053       0x54 ./Core/Src/main.o
 .comment       0x0000000000000053       0x54 ./Core/Src/software_timer.o
 .comment       0x0000000000000053       0x54 ./Core/Src/stm32f1xx_hal_msp.o
 .comment       0x0000000000000053       0x54 ./Core/Src/stm32f1xx_it.o
 .comment       0x0000000000000053       0x54 ./Core/Src/sysmem.o
 .comment       0x0000000000000053       0x54 ./Core/Src/system_stm32f1xx.o
 .comment       0x0000000000000053       0x54 ./Core/Src/transmit_info.o
 .comment       0x0000000000000053       0x54 ./Drivers/STM32F1xx_HAL_Driver/Src/stm32f1xx_hal.o
 .comment       0x0000000000000053       0x54 ./Drivers/STM32F1xx_HAL_Driver/Src/stm32f1xx_hal_cortex.o
 .comment       0x0000000000000053       0x54 ./Drivers/STM32F1xx_HAL_Driver/Src/stm32f1xx_hal_dma.o
 .comment       0x0000000000000053       0x54 ./Drivers/STM32F1xx_HAL_Driver/Src/stm32f1xx_hal_gpio.o
 .comment       0x0000000000000053       0x54 ./Drivers/STM32F1xx_HAL_Driver/Src/stm32f1xx_hal_rcc.o
 .comment       0x0000000000000053       0x54 ./Drivers/STM32F1xx_HAL_Driver/Src/stm32f1xx_hal_tim.o
 .comment       0x0000000000000053       0x54 ./Drivers/STM32F1xx_HAL_Driver/Src/stm32f1xx_hal_tim_ex.o
 .comment       0x0000000000000053       0x54 ./Drivers/STM32F1xx_HAL_Driver/Src/stm32f1xx_hal_uart.o

.debug_frame    0x0000000000000000     0x39f8
 .debug_frame   0x0000000000000000       0x84 ./Core/Src/button.o
 .debug_frame   0x0000000000000084       0x38 ./Core/Src/buzzer.o
 .debug_frame   0x00000000000000bc       0x2c ./Core/Src/fsm_auto.o
 .debug_frame   0x00000000000000e8       0x2c ./Core/Src/fsm_manual.o
 .debug_frame   0x0000000000000114       0x2c ./Core/Src/fsm_pedes.o
 .debug_frame   0x0000000000000140       0x2c ./Core/Src/fsm_tuning.o
 .debug_frame   0x000000000000016c      0x160 ./Core/Src/led_traffic.o
 .debug_frame   0x00000000000002cc      0x138 ./Core/Src/main.o
 .debug_frame   0x0000000000000404       0xd0 ./Core/Src/software_timer.o
 .debug_frame   0x00000000000004d4       0xec ./Core/Src/stm32f1xx_hal_msp.o
 .debug_frame   0x00000000000005c0      0x13c ./Core/Src/stm32f1xx_it.o
 .debug_frame   0x00000000000006fc       0x34 ./Core/Src/sysmem.o
 .debug_frame   0x0000000000000730       0x58 ./Core/Src/system_stm32f1xx.o
 .debug_frame   0x0000000000000788       0x34 ./Core/Src/transmit_info.o
 .debug_frame   0x00000000000007bc      0x334 ./Drivers/STM32F1xx_HAL_Driver/Src/stm32f1xx_hal.o
 .debug_frame   0x0000000000000af0      0x428 ./Drivers/STM32F1xx_HAL_Driver/Src/stm32f1xx_hal_cortex.o
 .debug_frame   0x0000000000000f18      0x208 ./Drivers/STM32F1xx_HAL_Driver/Src/stm32f1xx_hal_dma.o
 .debug_frame   0x0000000000001120      0x14c ./Drivers/STM32F1xx_HAL_Driver/Src/stm32f1xx_hal_gpio.o
 .debug_frame   0x000000000000126c      0x21c ./Drivers/STM32F1xx_HAL_Driver/Src/stm32f1xx_hal_rcc.o
 .debug_frame   0x0000000000001488     0x11b8 ./Drivers/STM32F1xx_HAL_Driver/Src/stm32f1xx_hal_tim.o
 .debug_frame   0x0000000000002640      0x638 ./Drivers/STM32F1xx_HAL_Driver/Src/stm32f1xx_hal_tim_ex.o
 .debug_frame   0x0000000000002c78      0x914 ./Drivers/STM32F1xx_HAL_Driver/Src/stm32f1xx_hal_uart.o
 .debug_frame   0x000000000000358c       0x20 c:/st/stm32cubeide_1.7.0/stm32cubeide/plugins/com.st.stm32cube.ide.mcu.externaltools.gnu-tools-for-stm32.9-2020-q2-update.win32_2.0.0.202105311346/tools/bin/../lib/gcc/arm-none-eabi/9.3.1/../../../../arm-none-eabi/lib/thumb/v7-m/nofp\libc_nano.a(lib_a-errno.o)
 .debug_frame   0x00000000000035ac       0x2c c:/st/stm32cubeide_1.7.0/stm32cubeide/plugins/com.st.stm32cube.ide.mcu.externaltools.gnu-tools-for-stm32.9-2020-q2-update.win32_2.0.0.202105311346/tools/bin/../lib/gcc/arm-none-eabi/9.3.1/../../../../arm-none-eabi/lib/thumb/v7-m/nofp\libc_nano.a(lib_a-init.o)
 .debug_frame   0x00000000000035d8       0x20 c:/st/stm32cubeide_1.7.0/stm32cubeide/plugins/com.st.stm32cube.ide.mcu.externaltools.gnu-tools-for-stm32.9-2020-q2-update.win32_2.0.0.202105311346/tools/bin/../lib/gcc/arm-none-eabi/9.3.1/../../../../arm-none-eabi/lib/thumb/v7-m/nofp\libc_nano.a(lib_a-memset.o)
 .debug_frame   0x00000000000035f8       0x6c c:/st/stm32cubeide_1.7.0/stm32cubeide/plugins/com.st.stm32cube.ide.mcu.externaltools.gnu-tools-for-stm32.9-2020-q2-update.win32_2.0.0.202105311346/tools/bin/../lib/gcc/arm-none-eabi/9.3.1/../../../../arm-none-eabi/lib/thumb/v7-m/nofp\libc_nano.a(lib_a-sprintf.o)
 .debug_frame   0x0000000000003664       0x90 c:/st/stm32cubeide_1.7.0/stm32cubeide/plugins/com.st.stm32cube.ide.mcu.externaltools.gnu-tools-for-stm32.9-2020-q2-update.win32_2.0.0.202105311346/tools/bin/../lib/gcc/arm-none-eabi/9.3.1/../../../../arm-none-eabi/lib/thumb/v7-m/nofp\libc_nano.a(lib_a-nano-svfprintf.o)
 .debug_frame   0x00000000000036f4       0x60 c:/st/stm32cubeide_1.7.0/stm32cubeide/plugins/com.st.stm32cube.ide.mcu.externaltools.gnu-tools-for-stm32.9-2020-q2-update.win32_2.0.0.202105311346/tools/bin/../lib/gcc/arm-none-eabi/9.3.1/../../../../arm-none-eabi/lib/thumb/v7-m/nofp\libc_nano.a(lib_a-nano-vfprintf_i.o)
 .debug_frame   0x0000000000003754       0x28 c:/st/stm32cubeide_1.7.0/stm32cubeide/plugins/com.st.stm32cube.ide.mcu.externaltools.gnu-tools-for-stm32.9-2020-q2-update.win32_2.0.0.202105311346/tools/bin/../lib/gcc/arm-none-eabi/9.3.1/../../../../arm-none-eabi/lib/thumb/v7-m/nofp\libc_nano.a(lib_a-memchr-stub.o)
 .debug_frame   0x000000000000377c       0x28 c:/st/stm32cubeide_1.7.0/stm32cubeide/plugins/com.st.stm32cube.ide.mcu.externaltools.gnu-tools-for-stm32.9-2020-q2-update.win32_2.0.0.202105311346/tools/bin/../lib/gcc/arm-none-eabi/9.3.1/../../../../arm-none-eabi/lib/thumb/v7-m/nofp\libc_nano.a(lib_a-memcpy-stub.o)
 .debug_frame   0x00000000000037a4       0x28 c:/st/stm32cubeide_1.7.0/stm32cubeide/plugins/com.st.stm32cube.ide.mcu.externaltools.gnu-tools-for-stm32.9-2020-q2-update.win32_2.0.0.202105311346/tools/bin/../lib/gcc/arm-none-eabi/9.3.1/../../../../arm-none-eabi/lib/thumb/v7-m/nofp\libc_nano.a(lib_a-memmove.o)
 .debug_frame   0x00000000000037cc       0x38 c:/st/stm32cubeide_1.7.0/stm32cubeide/plugins/com.st.stm32cube.ide.mcu.externaltools.gnu-tools-for-stm32.9-2020-q2-update.win32_2.0.0.202105311346/tools/bin/../lib/gcc/arm-none-eabi/9.3.1/../../../../arm-none-eabi/lib/thumb/v7-m/nofp\libc_nano.a(lib_a-nano-freer.o)
 .debug_frame   0x0000000000003804       0x30 c:/st/stm32cubeide_1.7.0/stm32cubeide/plugins/com.st.stm32cube.ide.mcu.externaltools.gnu-tools-for-stm32.9-2020-q2-update.win32_2.0.0.202105311346/tools/bin/../lib/gcc/arm-none-eabi/9.3.1/../../../../arm-none-eabi/lib/thumb/v7-m/nofp\libc_nano.a(lib_a-nano-mallocr.o)
 .debug_frame   0x0000000000003834       0x3c c:/st/stm32cubeide_1.7.0/stm32cubeide/plugins/com.st.stm32cube.ide.mcu.externaltools.gnu-tools-for-stm32.9-2020-q2-update.win32_2.0.0.202105311346/tools/bin/../lib/gcc/arm-none-eabi/9.3.1/../../../../arm-none-eabi/lib/thumb/v7-m/nofp\libc_nano.a(lib_a-nano-reallocr.o)
 .debug_frame   0x0000000000003870       0x2c c:/st/stm32cubeide_1.7.0/stm32cubeide/plugins/com.st.stm32cube.ide.mcu.externaltools.gnu-tools-for-stm32.9-2020-q2-update.win32_2.0.0.202105311346/tools/bin/../lib/gcc/arm-none-eabi/9.3.1/../../../../arm-none-eabi/lib/thumb/v7-m/nofp\libc_nano.a(lib_a-sbrkr.o)
 .debug_frame   0x000000000000389c       0x30 c:/st/stm32cubeide_1.7.0/stm32cubeide/plugins/com.st.stm32cube.ide.mcu.externaltools.gnu-tools-for-stm32.9-2020-q2-update.win32_2.0.0.202105311346/tools/bin/../lib/gcc/arm-none-eabi/9.3.1/../../../../arm-none-eabi/lib/thumb/v7-m/nofp\libc_nano.a(lib_a-mlock.o)
 .debug_frame   0x00000000000038cc       0x20 c:/st/stm32cubeide_1.7.0/stm32cubeide/plugins/com.st.stm32cube.ide.mcu.externaltools.gnu-tools-for-stm32.9-2020-q2-update.win32_2.0.0.202105311346/tools/bin/../lib/gcc/arm-none-eabi/9.3.1/../../../../arm-none-eabi/lib/thumb/v7-m/nofp\libc_nano.a(lib_a-nano-msizer.o)
 .debug_frame   0x00000000000038ec       0x5c c:/st/stm32cubeide_1.7.0/stm32cubeide/plugins/com.st.stm32cube.ide.mcu.externaltools.gnu-tools-for-stm32.9-2020-q2-update.win32_2.0.0.202105311346/tools/bin/../lib/gcc/arm-none-eabi/9.3.1/../../../../arm-none-eabi/lib/thumb/v7-m/nofp\libc_nano.a(lib_a-reent.o)
 .debug_frame   0x0000000000003948       0xb0 c:/st/stm32cubeide_1.7.0/stm32cubeide/plugins/com.st.stm32cube.ide.mcu.externaltools.gnu-tools-for-stm32.9-2020-q2-update.win32_2.0.0.202105311346/tools/bin/../lib/gcc/arm-none-eabi/9.3.1/../../../../arm-none-eabi/lib/thumb/v7-m/nofp\libc_nano.a(lib_a-lock.o)