../Core/Src/button.c:29:5:isButton1Pressed	4	static
../Core/Src/button.c:36:6:subKeyProcces1	4	static
../Core/Src/button.c:40:6:getKeyInput1	8	static
../Core/Src/button.c:62:5:isButton2Pressed	4	static
../Core/Src/button.c:69:6:subKeyProcces2	4	static
../Core/Src/button.c:73:6:getKeyInput2	8	static
../Core/Src/button.c:95:5:isButton3Pressed	4	static
../Core/Src/button.c:102:6:subKeyProcces3	4	static
../Core/Src/button.c:106:6:getKeyInput3	8	static
../Core/Src/button.c:129:5:isButton4Pressed	4	static
../Core/Src/button.c:136:6:subKeyProcces4	4	static
../Core/Src/button.c:140:6:getKeyInput4	8	static
